┏━━━━━━━┳━━━━━━━━━┳━━━━━━━━━━┳━━━━━━━━┳━━━━━━━━━━━━━┳━━━━━━━┓
┃ P / R ┃ Partial ┃ Required ┃ Net    ┃ Pin         ┃ Layer ┃
┡━━━━━━━╇━━━━━━━━━╇━━━━━━━━━━╇━━━━━━━━╇━━━━━━━━━━━━━╇━━━━━━━┩
│ 3.33  │ 1333.74 │ 400.00   │ net42  │ _5219_/A0   │ met3  │
│ 3.32  │ 1327.51 │ 400.00   │ net501 │ fanout495/A │ met4  │
│ 3.11  │ 1244.38 │ 400.00   │ _1532_ │ _5536_/A_N  │ met3  │
│ 2.50  │ 1000.19 │ 400.00   │ _1887_ │ _3600_/A    │ met3  │
│ 2.43  │ 973.02  │ 400.00   │ net459 │ _4233_/B    │ met3  │
│ 1.94  │ 777.27  │ 400.00   │ _1427_ │ _3265_/A    │ met4  │
│ 1.94  │ 777.27  │ 400.00   │ _1427_ │ _4849_/B    │ met4  │
│ 1.91  │ 763.02  │ 400.00   │ _3136_ │ _4635_/A2   │ met3  │
│ 1.81  │ 722.84  │ 400.00   │ _0431_ │ _4464_/A2   │ met3  │
│ 1.68  │ 673.65  │ 400.00   │ _0765_ │ _4802_/B1   │ met3  │
│ 1.54  │ 618.00  │ 400.00   │ _0677_ │ _4710_/D    │ met3  │
│ 1.54  │ 618.00  │ 400.00   │ _0677_ │ _4968_/A    │ met3  │
│ 1.48  │ 592.58  │ 400.00   │ _0854_ │ _4891_/B1   │ met4  │
│ 1.45  │ 580.81  │ 400.00   │ net45  │ fanout512/A │ met3  │
│ 1.45  │ 580.62  │ 400.00   │ net38  │ fanout531/A │ met3  │
│ 1.43  │ 570.16  │ 400.00   │ _1319_ │ _3639_/A0   │ met3  │
│ 1.42  │ 567.74  │ 400.00   │ _3176_ │ _4147_/A    │ met3  │
│ 1.34  │ 534.67  │ 400.00   │ _2216_ │ _6198_/B    │ met3  │
│ 1.28  │ 510.54  │ 400.00   │ net43  │ _6446_/A2   │ met3  │
│ 1.28  │ 510.54  │ 400.00   │ net43  │ fanout516/A │ met3  │
│ 1.26  │ 502.76  │ 400.00   │ _0431_ │ _4464_/A2   │ met4  │
│ 1.26  │ 502.76  │ 400.00   │ _0431_ │ _5150_/A1   │ met4  │
│ 1.23  │ 493.13  │ 400.00   │ _2539_ │ _6471_/A0   │ met3  │
│ 1.17  │ 467.19  │ 400.00   │ _3210_ │ _4013_/A2   │ met3  │
│ 1.17  │ 467.19  │ 400.00   │ _3210_ │ _4726_/A1   │ met3  │
│ 1.15  │ 459.83  │ 400.00   │ _2754_ │ _3808_/A1   │ met3  │
│ 1.13  │ 450.62  │ 400.00   │ _0001_ │ _5355_/A1   │ met3  │
│ 1.13  │ 450.62  │ 400.00   │ _1853_ │ _5835_/B1   │ met3  │
│ 1.13  │ 450.62  │ 400.00   │ _2215_ │ _6169_/C1   │ met3  │
│ 1.09  │ 437.64  │ 400.00   │ _3136_ │ _3941_/A2_N │ met3  │
│ 1.07  │ 426.04  │ 400.00   │ _0197_ │ _6123_/A1   │ met3  │
│ 1.05  │ 419.94  │ 400.00   │ net150 │ output150/A │ met3  │
│ 1.03  │ 413.09  │ 400.00   │ _3182_ │ _4673_/A0   │ met3  │
│ 1.03  │ 413.09  │ 400.00   │ _3182_ │ _5327_/A2   │ met3  │
│ 1.03  │ 410.47  │ 400.00   │ _0448_ │ _4475_/B1   │ met3  │
│ 1.02  │ 406.01  │ 400.00   │ _0854_ │ _4891_/B1   │ met3  │
│ 1.02  │ 406.01  │ 400.00   │ _0913_ │ _4951_/C1   │ met3  │
│ 1.02  │ 406.01  │ 400.00   │ net293 │ _4208_/A1   │ met3  │
│ 1.00  │ 6.01    │ 6.00     │ net501 │ fanout495/A │ via4  │
└───────┴─────────┴──────────┴────────┴─────────────┴───────┘
