
===========================================================================
report_checks -unconstrained
===========================================================================
======================= min_tt_025C_1v80 Corner ===================================

Startpoint: operand_b[1] (input port clocked by __VIRTUAL_CLK__)
Endpoint: zero_flag (output port clocked by __VIRTUAL_CLK__)
Path Group: __VIRTUAL_CLK__
Path Type: max

Fanout         Cap        Slew       Delay        Time   Description
---------------------------------------------------------------------------------------------
                      0.000000    0.000000    0.000000   clock __VIRTUAL_CLK__ (rise edge)
                                  0.000000    0.000000   clock network delay (ideal)
                                  8.000000    8.000000 ^ input external delay
     1    0.007862    0.041921    0.028532    8.028532 ^ operand_b[1] (in)
                                                         operand_b[1] (net)
                      0.041923    0.000000    8.028532 ^ input81/A (sky130_fd_sc_hd__clkdlybuf4s25_1)
     1    0.005436    0.068098    0.273489    8.302021 ^ input81/X (sky130_fd_sc_hd__clkdlybuf4s25_1)
                                                         net81 (net)
                      0.068098    0.000110    8.302131 ^ fanout406/A (sky130_fd_sc_hd__clkdlybuf4s25_1)
     7    0.084421    0.837195    0.851103    9.153234 ^ fanout406/X (sky130_fd_sc_hd__clkdlybuf4s25_1)
                                                         net406 (net)
                      0.837195    0.000408    9.153642 ^ fanout404/A (sky130_fd_sc_hd__clkdlybuf4s25_1)
     8    0.054668    0.545119    0.765837    9.919478 ^ fanout404/X (sky130_fd_sc_hd__clkdlybuf4s25_1)
                                                         net404 (net)
                      0.545119    0.000226    9.919705 ^ fanout402/A (sky130_fd_sc_hd__clkdlybuf4s25_1)
     3    0.024911    0.254796    0.522081   10.441787 ^ fanout402/X (sky130_fd_sc_hd__clkdlybuf4s25_1)
                                                         net402 (net)
                      0.254796    0.000698   10.442485 ^ load_slew403/A (sky130_fd_sc_hd__buf_4)
     8    0.054245    0.154310    0.271195   10.713679 ^ load_slew403/X (sky130_fd_sc_hd__buf_4)
                                                         net403 (net)
                      0.154313    0.000914   10.714593 ^ fanout400/A (sky130_fd_sc_hd__clkdlybuf4s25_1)
     5    0.042864    0.430562    0.579774   11.294367 ^ fanout400/X (sky130_fd_sc_hd__clkdlybuf4s25_1)
                                                         net400 (net)
                      0.430564    0.001856   11.296223 ^ load_slew401/A (sky130_fd_sc_hd__clkbuf_2)
     6    0.048837    0.265893    0.369553   11.665776 ^ load_slew401/X (sky130_fd_sc_hd__clkbuf_2)
                                                         net401 (net)
                      0.265895    0.001330   11.667106 ^ _3412_/B_N (sky130_fd_sc_hd__nor2b_2)
     4    0.020264    0.235271    0.332417   11.999522 ^ _3412_/Y (sky130_fd_sc_hd__nor2b_2)
                                                         _2625_ (net)
                      0.235342    0.000376   11.999898 ^ _3555_/C1 (sky130_fd_sc_hd__a221oi_2)
     5    0.019087    0.112048    0.113663   12.113562 v _3555_/Y (sky130_fd_sc_hd__a221oi_2)
                                                         _2765_ (net)
                      0.112066    0.000664   12.114225 v _3683_/A3 (sky130_fd_sc_hd__o31a_2)
     3    0.014572    0.078841    0.362697   12.476923 v _3683_/X (sky130_fd_sc_hd__o31a_2)
                                                         _2891_ (net)
                      0.078841    0.000461   12.477384 v _4087_/A2 (sky130_fd_sc_hd__o41a_2)
     4    0.042549    0.156858    0.635275   13.112659 v _4087_/X (sky130_fd_sc_hd__o41a_2)
                                                         _0069_ (net)
                      0.156861    0.001016   13.113675 v _4441_/A3 (sky130_fd_sc_hd__o31ai_4)
     1    0.010036    0.217225    0.254597   13.368272 ^ _4441_/Y (sky130_fd_sc_hd__o31ai_4)
                                                         _0415_ (net)
                      0.217225    0.000390   13.368662 ^ wire248/A (sky130_fd_sc_hd__buf_2)
     5    0.044078    0.216756    0.297373   13.666035 ^ wire248/X (sky130_fd_sc_hd__buf_2)
                                                         net248 (net)
                      0.216879    0.002957   13.668992 ^ _4442_/A (sky130_fd_sc_hd__clkbuf_1)
     5    0.026112    0.307995    0.315308   13.984300 ^ _4442_/X (sky130_fd_sc_hd__clkbuf_1)
                                                         _0416_ (net)
                      0.307995    0.000316   13.984615 ^ max_cap234/A (sky130_fd_sc_hd__buf_2)
     6    0.035950    0.178677    0.293347   14.277963 ^ max_cap234/X (sky130_fd_sc_hd__buf_2)
                                                         net234 (net)
                      0.178679    0.000990   14.278953 ^ _4443_/B (sky130_fd_sc_hd__nand2_2)
     9    0.043770    0.181295    0.207439   14.486392 v _4443_/Y (sky130_fd_sc_hd__nand2_2)
                                                         _0417_ (net)
                      0.181295    0.000040   14.486432 v _4585_/A1 (sky130_fd_sc_hd__a2111o_2)
     4    0.025530    0.122407    0.571420   15.057853 v _4585_/X (sky130_fd_sc_hd__a2111o_2)
                                                         _0556_ (net)
                      0.122415    0.001153   15.059005 v _4667_/B1_N (sky130_fd_sc_hd__o21bai_2)
     4    0.018393    0.101992    0.280016   15.339021 v _4667_/Y (sky130_fd_sc_hd__o21bai_2)
                                                         _0636_ (net)
                      0.101992    0.000272   15.339293 v _4742_/A (sky130_fd_sc_hd__nor3_2)
     3    0.018771    0.345979    0.376156   15.715449 ^ _4742_/Y (sky130_fd_sc_hd__nor3_2)
                                                         _0709_ (net)
                      0.345979    0.000272   15.715721 ^ _4743_/D_N (sky130_fd_sc_hd__or4b_4)
     6    0.039350    0.141957    0.630283   16.346004 v _4743_/X (sky130_fd_sc_hd__or4b_4)
                                                         _0710_ (net)
                      0.141968    0.001430   16.347435 v _5301_/A (sky130_fd_sc_hd__or3_2)
     2    0.013665    0.111887    0.585141   16.932575 v _5301_/X (sky130_fd_sc_hd__or3_2)
                                                         _1283_ (net)
                      0.111887    0.000270   16.932844 v _5499_/A (sky130_fd_sc_hd__or4_2)
     1    0.008814    0.122562    0.751218   17.684063 v _5499_/X (sky130_fd_sc_hd__or4_2)
                                                         _1495_ (net)
                      0.122562    0.000096   17.684158 v _5500_/B (sky130_fd_sc_hd__xnor2_2)
     1    0.003152    0.052128    0.161304   17.845463 v _5500_/Y (sky130_fd_sc_hd__xnor2_2)
                                                         _1496_ (net)
                      0.052128    0.000034   17.845497 v _5520_/A2 (sky130_fd_sc_hd__a221o_2)
     2    0.011523    0.077509    0.438970   18.284466 v _5520_/X (sky130_fd_sc_hd__a221o_2)
                                                         net182 (net)
                      0.077509    0.000075   18.284540 v _5981_/D (sky130_fd_sc_hd__or4_2)
     1    0.013616    0.142047    0.642842   18.927383 v _5981_/X (sky130_fd_sc_hd__or4_2)
                                                         _2010_ (net)
                      0.142047    0.000288   18.927671 v _5983_/C (sky130_fd_sc_hd__or4b_4)
     1    0.003647    0.081225    0.528553   19.456224 v _5983_/X (sky130_fd_sc_hd__or4b_4)
                                                         _2012_ (net)
                      0.081225    0.000046   19.456270 v _6003_/C (sky130_fd_sc_hd__or4_4)
     1    0.007313    0.089308    0.520352   19.976622 v _6003_/X (sky130_fd_sc_hd__or4_4)
                                                         _2034_ (net)
                      0.089308    0.000208   19.976830 v _6004_/D (sky130_fd_sc_hd__or4_4)
     1    0.009128    0.092528    0.462109   20.438938 v _6004_/X (sky130_fd_sc_hd__or4_4)
                                                         _2035_ (net)
                      0.092528    0.000126   20.439064 v _6005_/D (sky130_fd_sc_hd__nor4_4)
     1    0.005814    0.207752    0.164102   20.603167 ^ _6005_/Y (sky130_fd_sc_hd__nor4_4)
                                                         net201 (net)
                      0.207752    0.000130   20.603296 ^ output201/A (sky130_fd_sc_hd__clkdlybuf4s25_1)
     1    0.036618    0.369313    0.548738   21.152033 ^ output201/X (sky130_fd_sc_hd__clkdlybuf4s25_1)
                                                         zero_flag (net)
                      0.369313    0.000830   21.152863 ^ zero_flag (out)
                                             21.152863   data arrival time

                      0.000000   40.000000   40.000000   clock __VIRTUAL_CLK__ (rise edge)
                                  0.000000   40.000000   clock network delay (ideal)
                                 -0.250000   39.750000   clock uncertainty
                                  0.000000   39.750000   clock reconvergence pessimism
                                 -8.000000   31.750000   output external delay
                                             31.750000   data required time
---------------------------------------------------------------------------------------------
                                             31.750000   data required time
                                            -21.152863   data arrival time
---------------------------------------------------------------------------------------------
                                             10.597136   slack (MET)




===========================================================================
report_checks --slack_max -0.01
============================================================================
======================= min_tt_025C_1v80 Corner ===================================

No paths found.


===========================================================================
 report_check_types -max_slew -max_cap -max_fanout -violators
============================================================================
======================= min_tt_025C_1v80 Corner ===================================

max slew

Pin                                        Limit        Slew       Slack
------------------------------------------------------------------------
_3234_/A3                               0.750000    0.855842   -0.105842 (VIOLATED)
_3384_/A2                               0.750000    0.855842   -0.105842 (VIOLATED)
_5173_/A2                               0.750000    0.855835   -0.105835 (VIOLATED)
_5132_/A1                               0.750000    0.855835   -0.105835 (VIOLATED)
_5082_/A0                               0.750000    0.855833   -0.105833 (VIOLATED)
_5128_/A                                0.750000    0.855829   -0.105829 (VIOLATED)
_5086_/A                                0.750000    0.855828   -0.105828 (VIOLATED)
_6280_/A1                               0.750000    0.855828   -0.105828 (VIOLATED)
_5067_/A                                0.750000    0.855618   -0.105618 (VIOLATED)
_5124_/A                                0.750000    0.855618   -0.105618 (VIOLATED)
fanout530/X                             0.750000    0.855618   -0.105618 (VIOLATED)
fanout373/A                             0.750000    0.837216   -0.087216 (VIOLATED)
fanout379/A                             0.750000    0.837211   -0.087211 (VIOLATED)
fanout393/A                             0.750000    0.837204   -0.087204 (VIOLATED)
fanout387/A                             0.750000    0.837198   -0.087199 (VIOLATED)
fanout398/A                             0.750000    0.837198   -0.087199 (VIOLATED)
fanout405/A                             0.750000    0.837198   -0.087198 (VIOLATED)
fanout404/A                             0.750000    0.837195   -0.087195 (VIOLATED)
fanout406/X                             0.750000    0.837195   -0.087195 (VIOLATED)
_5112_/A1                               0.750000    0.801522   -0.051522 (VIOLATED)
_4955_/A1                               0.750000    0.801522   -0.051522 (VIOLATED)
_4871_/A1                               0.750000    0.801522   -0.051522 (VIOLATED)
_4439_/Y                                0.750000    0.801521   -0.051521 (VIOLATED)
_4440_/A                                0.750000    0.801521   -0.051521 (VIOLATED)
_4485_/A                                0.750000    0.801521   -0.051521 (VIOLATED)
_5862_/A                                0.750000    0.784963   -0.034963 (VIOLATED)
_5885_/B                                0.750000    0.784961   -0.034961 (VIOLATED)
_5872_/B                                0.750000    0.784960   -0.034960 (VIOLATED)
_5843_/B                                0.750000    0.784960   -0.034960 (VIOLATED)
_5886_/B                                0.750000    0.784957   -0.034957 (VIOLATED)
_5840_/A                                0.750000    0.784759   -0.034759 (VIOLATED)
_5860_/B                                0.750000    0.784759   -0.034759 (VIOLATED)
_5888_/B1                               0.750000    0.784759   -0.034759 (VIOLATED)
_6038_/A2                               0.750000    0.784759   -0.034759 (VIOLATED)
_6040_/A                                0.750000    0.784759   -0.034759 (VIOLATED)
fanout608/X                             0.750000    0.784759   -0.034759 (VIOLATED)
_6415_/A1                               0.750000    0.767303   -0.017303 (VIOLATED)
_5878_/A                                0.750000    0.767303   -0.017303 (VIOLATED)
_5901_/A0                               0.750000    0.767303   -0.017303 (VIOLATED)
_5963_/A2                               0.750000    0.767302   -0.017302 (VIOLATED)
_6047_/A1                               0.750000    0.767302   -0.017302 (VIOLATED)
_5931_/A                                0.750000    0.767301   -0.017301 (VIOLATED)
_5932_/A                                0.750000    0.767300   -0.017300 (VIOLATED)
_5881_/A                                0.750000    0.767295   -0.017295 (VIOLATED)
_5946_/A1                               0.750000    0.767292   -0.017292 (VIOLATED)
_3220_/A0                               0.750000    0.767278   -0.017278 (VIOLATED)
fanout462/X                             0.750000    0.767277   -0.017277 (VIOLATED)
_3286_/A1                               0.750000    0.765826   -0.015826 (VIOLATED)
_3331_/A0                               0.750000    0.765826   -0.015826 (VIOLATED)
_3341_/B                                0.750000    0.765826   -0.015826 (VIOLATED)
_3347_/A                                0.750000    0.765826   -0.015826 (VIOLATED)
_3357_/B                                0.750000    0.765826   -0.015826 (VIOLATED)
_3358_/A2                               0.750000    0.765826   -0.015826 (VIOLATED)
_3365_/A0                               0.750000    0.765826   -0.015826 (VIOLATED)
_3405_/A2                               0.750000    0.765826   -0.015826 (VIOLATED)
_3468_/A1                               0.750000    0.765826   -0.015826 (VIOLATED)
_6465_/A3                               0.750000    0.765826   -0.015826 (VIOLATED)
fanout593/X                             0.750000    0.765826   -0.015826 (VIOLATED)

max fanout

Pin                                   Limit Fanout  Slack
---------------------------------------------------------
_3248_/Y                                 10     11        (VIOLATED)
_3301_/X                                 10     11        (VIOLATED)
_4611_/X                                 10     11        (VIOLATED)



===========================================================================
report_parasitic_annotation -report_unannotated
============================================================================
Found 2 unannotated drivers.
 clk
 rst_n
Found 0 partially unannotated drivers.

===========================================================================
max slew violation count 58
max fanout violation count 3
max cap violation count 0
============================================================================

===========================================================================
check_setup -verbose -unconstrained_endpoints -multiple_clock -no_clock -no_input_delay -loops -generated_clocks
===========================================================================
