
===========================================================================
report_checks -unconstrained
===========================================================================
======================= nom_tt_025C_1v80 Corner ===================================

Startpoint: operand_b[1] (input port clocked by __VIRTUAL_CLK__)
Endpoint: zero_flag (output port clocked by __VIRTUAL_CLK__)
Path Group: __VIRTUAL_CLK__
Path Type: max

Fanout         Cap        Slew       Delay        Time   Description
---------------------------------------------------------------------------------------------
                      0.000000    0.000000    0.000000   clock __VIRTUAL_CLK__ (rise edge)
                                  0.000000    0.000000   clock network delay (ideal)
                                  8.000000    8.000000 ^ input external delay
     1    0.008530    0.044897    0.030865    8.030865 ^ operand_b[1] (in)
                                                         operand_b[1] (net)
                      0.044902    0.000000    8.030865 ^ input81/A (sky130_fd_sc_hd__clkdlybuf4s25_1)
     1    0.005824    0.071728    0.277382    8.308247 ^ input81/X (sky130_fd_sc_hd__clkdlybuf4s25_1)
                                                         net81 (net)
                      0.071728    0.000237    8.308484 ^ fanout406/A (sky130_fd_sc_hd__clkdlybuf4s25_1)
     7    0.093873    0.930535    0.918782    9.227266 ^ fanout406/X (sky130_fd_sc_hd__clkdlybuf4s25_1)
                                                         net406 (net)
                      0.930538    0.001347    9.228614 ^ fanout404/A (sky130_fd_sc_hd__clkdlybuf4s25_1)
     8    0.059217    0.589366    0.804532   10.033145 ^ fanout404/X (sky130_fd_sc_hd__clkdlybuf4s25_1)
                                                         net404 (net)
                      0.589366    0.000786   10.033932 ^ fanout402/A (sky130_fd_sc_hd__clkdlybuf4s25_1)
     3    0.027166    0.276864    0.544380   10.578311 ^ fanout402/X (sky130_fd_sc_hd__clkdlybuf4s25_1)
                                                         net402 (net)
                      0.276866    0.001392   10.579702 ^ load_slew403/A (sky130_fd_sc_hd__buf_4)
     8    0.057689    0.163642    0.283304   10.863007 ^ load_slew403/X (sky130_fd_sc_hd__buf_4)
                                                         net403 (net)
                      0.163672    0.002297   10.865304 ^ fanout400/A (sky130_fd_sc_hd__clkdlybuf4s25_1)
     5    0.046738    0.468498    0.609291   11.474595 ^ fanout400/X (sky130_fd_sc_hd__clkdlybuf4s25_1)
                                                         net400 (net)
                      0.468510    0.003073   11.477668 ^ load_slew401/A (sky130_fd_sc_hd__clkbuf_2)
     6    0.053111    0.288480    0.390644   11.868312 ^ load_slew401/X (sky130_fd_sc_hd__clkbuf_2)
                                                         net401 (net)
                      0.288618    0.003226   11.871538 ^ _3412_/B_N (sky130_fd_sc_hd__nor2b_2)
     4    0.021491    0.247492    0.347267   12.218805 ^ _3412_/Y (sky130_fd_sc_hd__nor2b_2)
                                                         _2625_ (net)
                      0.247498    0.001086   12.219892 ^ _3555_/C1 (sky130_fd_sc_hd__a221oi_2)
     5    0.020149    0.115917    0.118783   12.338675 v _3555_/Y (sky130_fd_sc_hd__a221oi_2)
                                                         _2765_ (net)
                      0.115928    0.001145   12.339819 v _3683_/A3 (sky130_fd_sc_hd__o31a_2)
     3    0.015543    0.080712    0.366716   12.706534 v _3683_/X (sky130_fd_sc_hd__o31a_2)
                                                         _2891_ (net)
                      0.080712    0.000801   12.707336 v _4087_/A2 (sky130_fd_sc_hd__o41a_2)
     4    0.045126    0.162512    0.641087   13.348423 v _4087_/X (sky130_fd_sc_hd__o41a_2)
                                                         _0069_ (net)
                      0.162542    0.002343   13.350766 v _4441_/A3 (sky130_fd_sc_hd__o31ai_4)
     1    0.011198    0.227493    0.265546   13.616312 ^ _4441_/Y (sky130_fd_sc_hd__o31ai_4)
                                                         _0415_ (net)
                      0.227493    0.000608   13.616920 ^ wire248/A (sky130_fd_sc_hd__buf_2)
     5    0.048774    0.238146    0.315143   13.932063 ^ wire248/X (sky130_fd_sc_hd__buf_2)
                                                         net248 (net)
                      0.238298    0.005241   13.937304 ^ _4442_/A (sky130_fd_sc_hd__clkbuf_1)
     5    0.027381    0.322310    0.328605   14.265909 ^ _4442_/X (sky130_fd_sc_hd__clkbuf_1)
                                                         _0416_ (net)
                      0.322312    0.000682   14.266591 ^ max_cap234/A (sky130_fd_sc_hd__buf_2)
     6    0.038483    0.190565    0.303767   14.570357 ^ max_cap234/X (sky130_fd_sc_hd__buf_2)
                                                         net234 (net)
                      0.190586    0.002207   14.572565 ^ _4443_/B (sky130_fd_sc_hd__nand2_2)
     9    0.045546    0.188971    0.215776   14.788341 v _4443_/Y (sky130_fd_sc_hd__nand2_2)
                                                         _0417_ (net)
                      0.188971    0.000115   14.788455 v _4585_/A1 (sky130_fd_sc_hd__a2111o_2)
     4    0.027095    0.127069    0.578671   15.367126 v _4585_/X (sky130_fd_sc_hd__a2111o_2)
                                                         _0556_ (net)
                      0.127110    0.002281   15.369408 v _4667_/B1_N (sky130_fd_sc_hd__o21bai_2)
     4    0.018989    0.104271    0.284153   15.653561 v _4667_/Y (sky130_fd_sc_hd__o21bai_2)
                                                         _0636_ (net)
                      0.104272    0.000584   15.654145 v _4742_/A (sky130_fd_sc_hd__nor3_2)
     3    0.020229    0.368037    0.393623   16.047768 ^ _4742_/Y (sky130_fd_sc_hd__nor3_2)
                                                         _0709_ (net)
                      0.368038    0.000604   16.048372 ^ _4743_/D_N (sky130_fd_sc_hd__or4b_4)
     6    0.042207    0.147476    0.638632   16.687004 v _4743_/X (sky130_fd_sc_hd__or4b_4)
                                                         _0710_ (net)
                      0.147524    0.002657   16.689661 v _5301_/A (sky130_fd_sc_hd__or3_2)
     2    0.014873    0.114563    0.591443   17.281105 v _5301_/X (sky130_fd_sc_hd__or3_2)
                                                         _1283_ (net)
                      0.114563    0.000689   17.281794 v _5499_/A (sky130_fd_sc_hd__or4_2)
     1    0.008915    0.122974    0.752715   18.034510 v _5499_/X (sky130_fd_sc_hd__or4_2)
                                                         _1495_ (net)
                      0.122974    0.000290   18.034800 v _5500_/B (sky130_fd_sc_hd__xnor2_2)
     1    0.003291    0.053222    0.161959   18.196758 v _5500_/Y (sky130_fd_sc_hd__xnor2_2)
                                                         _1496_ (net)
                      0.053222    0.000101   18.196859 v _5520_/A2 (sky130_fd_sc_hd__a221o_2)
     2    0.012731    0.080499    0.444201   18.641060 v _5520_/X (sky130_fd_sc_hd__a221o_2)
                                                         net182 (net)
                      0.080499    0.000277   18.641338 v _5981_/D (sky130_fd_sc_hd__or4_2)
     1    0.014987    0.145299    0.649679   19.291018 v _5981_/X (sky130_fd_sc_hd__or4_2)
                                                         _2010_ (net)
                      0.145299    0.000673   19.291691 v _5983_/C (sky130_fd_sc_hd__or4b_4)
     1    0.003836    0.081682    0.530775   19.822466 v _5983_/X (sky130_fd_sc_hd__or4b_4)
                                                         _2012_ (net)
                      0.081682    0.000128   19.822594 v _6003_/C (sky130_fd_sc_hd__or4_4)
     1    0.007993    0.090551    0.523050   20.345644 v _6003_/X (sky130_fd_sc_hd__or4_4)
                                                         _2034_ (net)
                      0.090551    0.000353   20.345997 v _6004_/D (sky130_fd_sc_hd__or4_4)
     1    0.009304    0.092876    0.463107   20.809105 v _6004_/X (sky130_fd_sc_hd__or4_4)
                                                         _2035_ (net)
                      0.092876    0.000332   20.809437 v _6005_/D (sky130_fd_sc_hd__nor4_4)
     1    0.006294    0.213061    0.168662   20.978098 ^ _6005_/Y (sky130_fd_sc_hd__nor4_4)
                                                         net201 (net)
                      0.213061    0.000272   20.978371 ^ output201/A (sky130_fd_sc_hd__clkdlybuf4s25_1)
     1    0.036971    0.372840    0.552246   21.530617 ^ output201/X (sky130_fd_sc_hd__clkdlybuf4s25_1)
                                                         zero_flag (net)
                      0.372840    0.001352   21.531967 ^ zero_flag (out)
                                             21.531967   data arrival time

                      0.000000   40.000000   40.000000   clock __VIRTUAL_CLK__ (rise edge)
                                  0.000000   40.000000   clock network delay (ideal)
                                 -0.250000   39.750000   clock uncertainty
                                  0.000000   39.750000   clock reconvergence pessimism
                                 -8.000000   31.750000   output external delay
                                             31.750000   data required time
---------------------------------------------------------------------------------------------
                                             31.750000   data required time
                                            -21.531967   data arrival time
---------------------------------------------------------------------------------------------
                                             10.218031   slack (MET)




===========================================================================
report_checks --slack_max -0.01
============================================================================
======================= nom_tt_025C_1v80 Corner ===================================

No paths found.


===========================================================================
 report_check_types -max_slew -max_cap -max_fanout -violators
============================================================================
======================= nom_tt_025C_1v80 Corner ===================================

max slew

Pin                                        Limit        Slew       Slack
------------------------------------------------------------------------
fanout373/A                             0.750000    0.930616   -0.180616 (VIOLATED)
fanout379/A                             0.750000    0.930602   -0.180603 (VIOLATED)
fanout393/A                             0.750000    0.930582   -0.180582 (VIOLATED)
fanout398/A                             0.750000    0.930559   -0.180559 (VIOLATED)
fanout387/A                             0.750000    0.930546   -0.180546 (VIOLATED)
fanout405/A                             0.750000    0.930544   -0.180544 (VIOLATED)
fanout404/A                             0.750000    0.930538   -0.180538 (VIOLATED)
fanout406/X                             0.750000    0.930535   -0.180535 (VIOLATED)
_3234_/A3                               0.750000    0.926489   -0.176489 (VIOLATED)
_3384_/A2                               0.750000    0.926487   -0.176487 (VIOLATED)
_5173_/A2                               0.750000    0.926472   -0.176472 (VIOLATED)
_5132_/A1                               0.750000    0.926471   -0.176471 (VIOLATED)
_5082_/A0                               0.750000    0.926463   -0.176463 (VIOLATED)
_5128_/A                                0.750000    0.926440   -0.176440 (VIOLATED)
_5086_/A                                0.750000    0.926434   -0.176434 (VIOLATED)
_6280_/A1                               0.750000    0.926433   -0.176433 (VIOLATED)
_5124_/A                                0.750000    0.926432   -0.176432 (VIOLATED)
_5067_/A                                0.750000    0.926429   -0.176429 (VIOLATED)
fanout530/X                             0.750000    0.926425   -0.176425 (VIOLATED)
_5112_/A1                               0.750000    0.853938   -0.103938 (VIOLATED)
_4955_/A1                               0.750000    0.853938   -0.103938 (VIOLATED)
_4871_/A1                               0.750000    0.853936   -0.103936 (VIOLATED)
_4440_/A                                0.750000    0.853934   -0.103934 (VIOLATED)
_4485_/A                                0.750000    0.853933   -0.103933 (VIOLATED)
_4439_/Y                                0.750000    0.853929   -0.103929 (VIOLATED)
_5862_/A                                0.750000    0.835371   -0.085371 (VIOLATED)
_5885_/B                                0.750000    0.835365   -0.085365 (VIOLATED)
_5872_/B                                0.750000    0.835361   -0.085361 (VIOLATED)
_5843_/B                                0.750000    0.835360   -0.085360 (VIOLATED)
_5886_/B                                0.750000    0.835351   -0.085351 (VIOLATED)
_6040_/A                                0.750000    0.835337   -0.085337 (VIOLATED)
_5860_/B                                0.750000    0.835326   -0.085326 (VIOLATED)
_5888_/B1                               0.750000    0.835320   -0.085320 (VIOLATED)
_5840_/A                                0.750000    0.835320   -0.085320 (VIOLATED)
_6038_/A2                               0.750000    0.835320   -0.085320 (VIOLATED)
fanout608/X                             0.750000    0.835315   -0.085315 (VIOLATED)
_6415_/A1                               0.750000    0.834238   -0.084238 (VIOLATED)
_5878_/A                                0.750000    0.834237   -0.084237 (VIOLATED)
_6047_/A1                               0.750000    0.834235   -0.084235 (VIOLATED)
_5901_/A0                               0.750000    0.834233   -0.084233 (VIOLATED)
_5963_/A2                               0.750000    0.834232   -0.084232 (VIOLATED)
_5931_/A                                0.750000    0.834225   -0.084225 (VIOLATED)
_5932_/A                                0.750000    0.834222   -0.084222 (VIOLATED)
_5881_/A                                0.750000    0.834192   -0.084192 (VIOLATED)
_5946_/A1                               0.750000    0.834170   -0.084170 (VIOLATED)
_3220_/A0                               0.750000    0.834113   -0.084113 (VIOLATED)
fanout462/X                             0.750000    0.834101   -0.084101 (VIOLATED)
_3347_/A                                0.750000    0.828013   -0.078013 (VIOLATED)
_3357_/B                                0.750000    0.828005   -0.078005 (VIOLATED)
_3331_/A0                               0.750000    0.828005   -0.078005 (VIOLATED)
_3365_/A0                               0.750000    0.828005   -0.078005 (VIOLATED)
_3468_/A1                               0.750000    0.828004   -0.078004 (VIOLATED)
_3286_/A1                               0.750000    0.828003   -0.078003 (VIOLATED)
_3358_/A2                               0.750000    0.828001   -0.078001 (VIOLATED)
_6465_/A3                               0.750000    0.827998   -0.077998 (VIOLATED)
_3405_/A2                               0.750000    0.827991   -0.077991 (VIOLATED)
_3341_/B                                0.750000    0.827991   -0.077991 (VIOLATED)
fanout593/X                             0.750000    0.827784   -0.077785 (VIOLATED)
_3235_/A2                               0.750000    0.800907   -0.050907 (VIOLATED)
_5379_/A3                               0.750000    0.800900   -0.050900 (VIOLATED)
_5325_/A1                               0.750000    0.800894   -0.050894 (VIOLATED)
_5288_/A                                0.750000    0.800891   -0.050891 (VIOLATED)
_5406_/A1                               0.750000    0.800890   -0.050890 (VIOLATED)
_5286_/A                                0.750000    0.800885   -0.050885 (VIOLATED)
_5266_/A                                0.750000    0.800882   -0.050882 (VIOLATED)
_5320_/B1                               0.750000    0.800879   -0.050879 (VIOLATED)
_5316_/A                                0.750000    0.800865   -0.050865 (VIOLATED)
_6372_/A1_N                             0.750000    0.800856   -0.050856 (VIOLATED)
fanout513/X                             0.750000    0.800655   -0.050655 (VIOLATED)
_3670_/B                                0.750000    0.798780   -0.048780 (VIOLATED)
_3673_/B                                0.750000    0.798767   -0.048767 (VIOLATED)
_3607_/B                                0.750000    0.798767   -0.048767 (VIOLATED)
_3672_/A2                               0.750000    0.798764   -0.048764 (VIOLATED)
_3636_/A                                0.750000    0.798764   -0.048764 (VIOLATED)
_3641_/A                                0.750000    0.798752   -0.048753 (VIOLATED)
_3638_/B                                0.750000    0.798752   -0.048752 (VIOLATED)
_6014_/B                                0.750000    0.798750   -0.048750 (VIOLATED)
_3919_/A                                0.750000    0.798750   -0.048750 (VIOLATED)
_6093_/A1                               0.750000    0.798750   -0.048750 (VIOLATED)
fanout602/X                             0.750000    0.798549   -0.048549 (VIOLATED)
_3369_/A_N                              0.750000    0.797854   -0.047854 (VIOLATED)
_3407_/B                                0.750000    0.797852   -0.047853 (VIOLATED)
_3694_/B                                0.750000    0.797846   -0.047847 (VIOLATED)
max_cap294/A                            0.750000    0.797844   -0.047844 (VIOLATED)
_3420_/C                                0.750000    0.797841   -0.047841 (VIOLATED)
_3417_/B                                0.750000    0.797830   -0.047830 (VIOLATED)
_3368_/X                                0.750000    0.797818   -0.047818 (VIOLATED)
_3505_/A2                               0.750000    0.790361   -0.040361 (VIOLATED)
_3439_/A3                               0.750000    0.790359   -0.040359 (VIOLATED)
_3582_/A2                               0.750000    0.790358   -0.040358 (VIOLATED)
_3235_/A1                               0.750000    0.790353   -0.040353 (VIOLATED)
_3324_/A0                               0.750000    0.790345   -0.040345 (VIOLATED)
_5281_/A2                               0.750000    0.790334   -0.040335 (VIOLATED)
_5325_/A3                               0.750000    0.790312   -0.040312 (VIOLATED)
_5237_/A1                               0.750000    0.790304   -0.040304 (VIOLATED)
_5225_/S                                0.750000    0.790292   -0.040292 (VIOLATED)
fanout517/A                             0.750000    0.790273   -0.040273 (VIOLATED)
fanout518/X                             0.750000    0.790065   -0.040065 (VIOLATED)
_5189_/D1                               0.750000    0.785933   -0.035933 (VIOLATED)
_4830_/C1                               0.750000    0.785931   -0.035931 (VIOLATED)
_3606_/A                                0.750000    0.785900   -0.035900 (VIOLATED)
fanout526/A                             0.750000    0.785868   -0.035868 (VIOLATED)
input4/X                                0.750000    0.785862   -0.035862 (VIOLATED)
_6106_/A                                0.750000    0.777216   -0.027216 (VIOLATED)
_6103_/A1                               0.750000    0.777187   -0.027187 (VIOLATED)
_5134_/S                                0.750000    0.776950   -0.026950 (VIOLATED)
_5443_/S0                               0.750000    0.776946   -0.026946 (VIOLATED)
_4331_/A1                               0.750000    0.776736   -0.026736 (VIOLATED)
_4142_/S1                               0.750000    0.776729   -0.026729 (VIOLATED)
_4553_/S1                               0.750000    0.776655   -0.026655 (VIOLATED)
_4805_/A                                0.750000    0.776620   -0.026620 (VIOLATED)
_4759_/S1                               0.750000    0.776619   -0.026619 (VIOLATED)
_4677_/S                                0.750000    0.776616   -0.026616 (VIOLATED)
_4141_/X                                0.750000    0.776511   -0.026511 (VIOLATED)
_5834_/A1                               0.750000    0.772354   -0.022354 (VIOLATED)
_5833_/A2                               0.750000    0.772354   -0.022354 (VIOLATED)
_5831_/A_N                              0.750000    0.772353   -0.022353 (VIOLATED)
_5868_/A2                               0.750000    0.772353   -0.022353 (VIOLATED)
_5810_/A_N                              0.750000    0.772350   -0.022350 (VIOLATED)
_5866_/B                                0.750000    0.772350   -0.022350 (VIOLATED)
_5811_/B                                0.750000    0.772349   -0.022349 (VIOLATED)
_6400_/A                                0.750000    0.772349   -0.022349 (VIOLATED)
_6036_/A                                0.750000    0.772348   -0.022348 (VIOLATED)
_6038_/A1                               0.750000    0.772346   -0.022346 (VIOLATED)
fanout624/X                             0.750000    0.772346   -0.022346 (VIOLATED)
_3694_/A                                0.750000    0.768549   -0.018549 (VIOLATED)
_5012_/B                                0.750000    0.768455   -0.018455 (VIOLATED)
_3241_/C                                0.750000    0.768434   -0.018434 (VIOLATED)
_6478_/A2                               0.750000    0.768416   -0.018416 (VIOLATED)
_6486_/B                                0.750000    0.768414   -0.018414 (VIOLATED)
_3243_/B                                0.750000    0.768413   -0.018413 (VIOLATED)
fanout525/A                             0.750000    0.768308   -0.018308 (VIOLATED)
fanout526/X                             0.750000    0.768303   -0.018303 (VIOLATED)
_6162_/A                                0.750000    0.766995   -0.016995 (VIOLATED)
_4050_/A2                               0.750000    0.766986   -0.016986 (VIOLATED)
_4051_/A1                               0.750000    0.766986   -0.016986 (VIOLATED)
_4035_/A_N                              0.750000    0.766985   -0.016986 (VIOLATED)
_4036_/B_N                              0.750000    0.766981   -0.016981 (VIOLATED)
_4039_/B                                0.750000    0.766980   -0.016980 (VIOLATED)
_6020_/B                                0.750000    0.766971   -0.016971 (VIOLATED)
_6157_/A                                0.750000    0.766966   -0.016966 (VIOLATED)
_6064_/A                                0.750000    0.766964   -0.016964 (VIOLATED)
_6214_/A1                               0.750000    0.766958   -0.016958 (VIOLATED)
fanout413/X                             0.750000    0.766953   -0.016953 (VIOLATED)
fanout495/A                             0.750000    0.757759   -0.007759 (VIOLATED)
ANTENNA_17/DIODE                        0.750000    0.757758   -0.007758 (VIOLATED)
_3872_/A                                0.750000    0.757739   -0.007739 (VIOLATED)
_3893_/B1                               0.750000    0.757735   -0.007735 (VIOLATED)
fanout496/A                             0.750000    0.757725   -0.007725 (VIOLATED)
fanout499/A                             0.750000    0.757707   -0.007707 (VIOLATED)
fanout501/X                             0.750000    0.757705   -0.007705 (VIOLATED)
_3226_/A0                               0.750000    0.756194   -0.006194 (VIOLATED)
_5546_/A3                               0.750000    0.756181   -0.006181 (VIOLATED)
_5481_/A1                               0.750000    0.756166   -0.006166 (VIOLATED)
_5471_/B1                               0.750000    0.756128   -0.006128 (VIOLATED)
_6341_/A1                               0.750000    0.756128   -0.006128 (VIOLATED)
_5460_/A                                0.750000    0.756128   -0.006128 (VIOLATED)
_5401_/A                                0.750000    0.756127   -0.006127 (VIOLATED)
_5502_/A1                               0.750000    0.756127   -0.006127 (VIOLATED)
_6323_/A1                               0.750000    0.756126   -0.006126 (VIOLATED)
_6325_/A1                               0.750000    0.756126   -0.006126 (VIOLATED)
fanout504/X                             0.750000    0.756125   -0.006125 (VIOLATED)

max fanout

Pin                                   Limit Fanout  Slack
---------------------------------------------------------
_3248_/Y                                 10     11        (VIOLATED)
_3301_/X                                 10     11        (VIOLATED)
_4611_/X                                 10     11        (VIOLATED)



===========================================================================
report_parasitic_annotation -report_unannotated
============================================================================
Found 2 unannotated drivers.
 clk
 rst_n
Found 0 partially unannotated drivers.

===========================================================================
max slew violation count 162
max fanout violation count 3
max cap violation count 0
============================================================================

===========================================================================
check_setup -verbose -unconstrained_endpoints -multiple_clock -no_clock -no_input_delay -loops -generated_clocks
===========================================================================
