
===========================================================================
 report_power
============================================================================
======================= nom_tt_025C_1v80 Corner ===================================

Group                    Internal    Switching      Leakage        Total
                            Power        Power        Power        Power (Watts)
------------------------------------------------------------------------
Sequential           0.000000e+00 0.000000e+00 0.000000e+00 0.000000e+00   0.0%
Combinational        2.368249e-04 2.129136e-04 1.189918e-08 4.497504e-04 100.0%
Clock                0.000000e+00 0.000000e+00 5.378464e-10 5.378464e-10   0.0%
Macro                0.000000e+00 0.000000e+00 0.000000e+00 0.000000e+00   0.0%
Pad                  0.000000e+00 0.000000e+00 0.000000e+00 0.000000e+00   0.0%
------------------------------------------------------------------------
Total                2.368249e-04 2.129136e-04 1.243703e-08 4.497509e-04 100.0%
                            52.7%        47.3%         0.0%
Writing metric power__internal__total: 0.000236824867897667
Writing metric power__switching__total: 0.00021291361190378666
Writing metric power__leakage__total: 1.2437032737011577e-8
Writing metric power__total: 0.00044975089258514345

