
===========================================================================
report_checks -unconstrained
===========================================================================
======================= nom_ff_n40C_1v95 Corner ===================================

Startpoint: operand_b[1] (input port clocked by __VIRTUAL_CLK__)
Endpoint: zero_flag (output port clocked by __VIRTUAL_CLK__)
Path Group: __VIRTUAL_CLK__
Path Type: max

Fanout         Cap        Slew       Delay        Time   Description
---------------------------------------------------------------------------------------------
                      0.000000    0.000000    0.000000   clock __VIRTUAL_CLK__ (rise edge)
                                  0.000000    0.000000   clock network delay (ideal)
                                  8.000000    8.000000 ^ input external delay
     1    0.008570    0.033702    0.022838    8.022838 ^ operand_b[1] (in)
                                                         operand_b[1] (net)
                      0.033708    0.000000    8.022838 ^ input81/A (sky130_fd_sc_hd__clkdlybuf4s25_1)
     1    0.005864    0.053038    0.183113    8.205951 ^ input81/X (sky130_fd_sc_hd__clkdlybuf4s25_1)
                                                         net81 (net)
                      0.053038    0.000240    8.206191 ^ fanout406/A (sky130_fd_sc_hd__clkdlybuf4s25_1)
     7    0.094153    0.697985    0.658853    8.865044 ^ fanout406/X (sky130_fd_sc_hd__clkdlybuf4s25_1)
                                                         net406 (net)
                      0.697988    0.001352    8.866395 ^ fanout404/A (sky130_fd_sc_hd__clkdlybuf4s25_1)
     8    0.059936    0.446363    0.511483    9.377878 ^ fanout404/X (sky130_fd_sc_hd__clkdlybuf4s25_1)
                                                         net404 (net)
                      0.446365    0.000796    9.378675 ^ fanout402/A (sky130_fd_sc_hd__clkdlybuf4s25_1)
     3    0.027339    0.208760    0.335497    9.714171 ^ fanout402/X (sky130_fd_sc_hd__clkdlybuf4s25_1)
                                                         net402 (net)
                      0.208765    0.001399    9.715569 ^ load_slew403/A (sky130_fd_sc_hd__buf_4)
     8    0.058852    0.125546    0.176622    9.892192 ^ load_slew403/X (sky130_fd_sc_hd__buf_4)
                                                         net403 (net)
                      0.125647    0.002331    9.894524 ^ fanout400/A (sky130_fd_sc_hd__clkdlybuf4s25_1)
     5    0.046851    0.351576    0.421888   10.316412 ^ fanout400/X (sky130_fd_sc_hd__clkdlybuf4s25_1)
                                                         net400 (net)
                      0.351611    0.003079   10.319491 ^ load_slew401/A (sky130_fd_sc_hd__clkbuf_2)
     6    0.053374    0.222236    0.246938   10.566429 ^ load_slew401/X (sky130_fd_sc_hd__clkbuf_2)
                                                         net401 (net)
                      0.222299    0.003245   10.569674 ^ _3412_/B_N (sky130_fd_sc_hd__nor2b_2)
     4    0.021702    0.179634    0.219111   10.788784 ^ _3412_/Y (sky130_fd_sc_hd__nor2b_2)
                                                         _2625_ (net)
                      0.179642    0.001097   10.789882 ^ _3555_/C1 (sky130_fd_sc_hd__a221oi_2)
     5    0.020238    0.079334    0.060438   10.850319 v _3555_/Y (sky130_fd_sc_hd__a221oi_2)
                                                         _2765_ (net)
                      0.079388    0.001148   10.851467 v _3683_/A3 (sky130_fd_sc_hd__o31a_2)
     3    0.015546    0.059596    0.225884   11.077352 v _3683_/X (sky130_fd_sc_hd__o31a_2)
                                                         _2891_ (net)
                      0.059596    0.000802   11.078154 v _4087_/A2 (sky130_fd_sc_hd__o41a_2)
     4    0.045120    0.114230    0.398356   11.476510 v _4087_/X (sky130_fd_sc_hd__o41a_2)
                                                         _0069_ (net)
                      0.114282    0.002342   11.478852 v _4441_/A3 (sky130_fd_sc_hd__o31ai_4)
     1    0.011269    0.170986    0.185635   11.664487 ^ _4441_/Y (sky130_fd_sc_hd__o31ai_4)
                                                         _0415_ (net)
                      0.170986    0.000614   11.665100 ^ wire248/A (sky130_fd_sc_hd__buf_2)
     5    0.048999    0.180809    0.208166   11.873266 ^ wire248/X (sky130_fd_sc_hd__buf_2)
                                                         net248 (net)
                      0.181013    0.005265   11.878531 ^ _4442_/A (sky130_fd_sc_hd__clkbuf_1)
     5    0.027454    0.240948    0.214897   12.093428 ^ _4442_/X (sky130_fd_sc_hd__clkbuf_1)
                                                         _0416_ (net)
                      0.240950    0.000686   12.094113 ^ max_cap234/A (sky130_fd_sc_hd__buf_2)
     6    0.038546    0.143246    0.190898   12.285011 ^ max_cap234/X (sky130_fd_sc_hd__buf_2)
                                                         net234 (net)
                      0.143339    0.002210   12.287221 ^ _4443_/B (sky130_fd_sc_hd__nand2_2)
     9    0.045699    0.124886    0.133730   12.420952 v _4443_/Y (sky130_fd_sc_hd__nand2_2)
                                                         _0417_ (net)
                      0.124886    0.000115   12.421066 v _4585_/A1 (sky130_fd_sc_hd__a2111o_2)
     4    0.027229    0.088216    0.353154   12.774220 v _4585_/X (sky130_fd_sc_hd__a2111o_2)
                                                         _0556_ (net)
                      0.088282    0.002297   12.776517 v _4667_/B1_N (sky130_fd_sc_hd__o21bai_2)
     4    0.019085    0.067633    0.161385   12.937901 v _4667_/Y (sky130_fd_sc_hd__o21bai_2)
                                                         _0636_ (net)
                      0.067641    0.000587   12.938489 v _4742_/A (sky130_fd_sc_hd__nor3_2)
     3    0.020319    0.265409    0.270620   13.209109 ^ _4742_/Y (sky130_fd_sc_hd__nor3_2)
                                                         _0709_ (net)
                      0.265411    0.000608   13.209717 ^ _4743_/D_N (sky130_fd_sc_hd__or4b_4)
     6    0.042404    0.100509    0.361754   13.571471 v _4743_/X (sky130_fd_sc_hd__or4b_4)
                                                         _0710_ (net)
                      0.100568    0.002355   13.573826 v _5076_/A (sky130_fd_sc_hd__or3_2)
     1    0.004332    0.054214    0.305401   13.879227 v _5076_/X (sky130_fd_sc_hd__or3_2)
                                                         _1041_ (net)
                      0.054214    0.000150   13.879377 v _5106_/A3 (sky130_fd_sc_hd__a31o_2)
     2    0.031832    0.074881    0.224431   14.103808 v _5106_/X (sky130_fd_sc_hd__a31o_2)
                                                         net169 (net)
                      0.074930    0.001841   14.105650 v _5996_/D (sky130_fd_sc_hd__or4_4)
     1    0.010993    0.066379    0.280600   14.386250 v _5996_/X (sky130_fd_sc_hd__or4_4)
                                                         _2027_ (net)
                      0.066379    0.000578   14.386828 v _5998_/C (sky130_fd_sc_hd__or4_4)
     1    0.008593    0.063447    0.315810   14.702638 v _5998_/X (sky130_fd_sc_hd__or4_4)
                                                         _2029_ (net)
                      0.063448    0.000449   14.703087 v _6001_/B (sky130_fd_sc_hd__or4bb_2)
     2    0.021780    0.103616    0.427827   15.130914 v _6001_/X (sky130_fd_sc_hd__or4bb_2)
                                                         _2032_ (net)
                      0.103641    0.001586   15.132500 v _6002_/C (sky130_fd_sc_hd__or3_2)
     1    0.017135    0.080702    0.307880   15.440380 v _6002_/X (sky130_fd_sc_hd__or3_2)
                                                         _2033_ (net)
                      0.080750    0.001306   15.441686 v _6003_/D (sky130_fd_sc_hd__or4_4)
     1    0.007986    0.062738    0.276190   15.717875 v _6003_/X (sky130_fd_sc_hd__or4_4)
                                                         _2034_ (net)
                      0.062739    0.000353   15.718229 v _6004_/D (sky130_fd_sc_hd__or4_4)
     1    0.009285    0.064299    0.272758   15.990987 v _6004_/X (sky130_fd_sc_hd__or4_4)
                                                         _2035_ (net)
                      0.064299    0.000330   15.991317 v _6005_/D (sky130_fd_sc_hd__nor4_4)
     1    0.006334    0.153120    0.112847   16.104164 ^ _6005_/Y (sky130_fd_sc_hd__nor4_4)
                                                         net201 (net)
                      0.153120    0.000275   16.104439 ^ output201/A (sky130_fd_sc_hd__clkdlybuf4s25_1)
     1    0.036971    0.279296    0.372122   16.476561 ^ output201/X (sky130_fd_sc_hd__clkdlybuf4s25_1)
                                                         zero_flag (net)
                      0.279298    0.001352   16.477913 ^ zero_flag (out)
                                             16.477913   data arrival time

                      0.000000   40.000000   40.000000   clock __VIRTUAL_CLK__ (rise edge)
                                  0.000000   40.000000   clock network delay (ideal)
                                 -0.250000   39.750000   clock uncertainty
                                  0.000000   39.750000   clock reconvergence pessimism
                                 -8.000000   31.750000   output external delay
                                             31.750000   data required time
---------------------------------------------------------------------------------------------
                                             31.750000   data required time
                                            -16.477913   data arrival time
---------------------------------------------------------------------------------------------
                                             15.272086   slack (MET)




===========================================================================
report_checks --slack_max -0.01
============================================================================
======================= nom_ff_n40C_1v95 Corner ===================================

No paths found.


===========================================================================
 report_check_types -max_slew -max_cap -max_fanout -violators
============================================================================
======================= nom_ff_n40C_1v95 Corner ===================================

max fanout

Pin                                   Limit Fanout  Slack
---------------------------------------------------------
_3248_/Y                                 10     11        (VIOLATED)
_3301_/X                                 10     11        (VIOLATED)
_4611_/X                                 10     11        (VIOLATED)



===========================================================================
report_parasitic_annotation -report_unannotated
============================================================================
Found 2 unannotated drivers.
 clk
 rst_n
Found 0 partially unannotated drivers.

===========================================================================
max slew violation count 0
max fanout violation count 3
max cap violation count 0
============================================================================

===========================================================================
check_setup -verbose -unconstrained_endpoints -multiple_clock -no_clock -no_input_delay -loops -generated_clocks
===========================================================================
