
===========================================================================
 report_power
============================================================================
======================= max_ff_n40C_1v95 Corner ===================================

Group                    Internal    Switching      Leakage        Total
                            Power        Power        Power        Power (Watts)
------------------------------------------------------------------------
Sequential           0.000000e+00 0.000000e+00 0.000000e+00 0.000000e+00   0.0%
Combinational        3.233495e-04 5.200381e-04 4.062640e-08 8.434282e-04 100.0%
Clock                -3.524949e-10 0.000000e+00 1.164305e-08 1.129056e-08   0.0%
Macro                0.000000e+00 0.000000e+00 0.000000e+00 0.000000e+00   0.0%
Pad                  0.000000e+00 0.000000e+00 0.000000e+00 0.000000e+00   0.0%
------------------------------------------------------------------------
Total                3.233491e-04 5.200381e-04 5.226959e-08 8.434395e-04 100.0%
                            38.3%        61.7%         0.0%

