+ analyze_power_grid -net VPWR -voltage_file /work/runs/RUN_2026-09-05_10-52-32/57-openroad-irdropreport/net-VPWR.csv
[INFO PSM-0040] All shapes on net VPWR are connected.
########## IR report #################
Net              : VPWR
Corner           : nom_tt_025C_1v80
Total power      : 5.22e-03 W
Supply voltage   : 1.80e+00 V
Worstcase voltage: 1.80e+00 V
Average voltage  : 1.80e+00 V
Average IR drop  : 8.97e-05 V
Worstcase IR drop: 5.96e-04 V
Percentage drop  : 0.03 %
######################################
+ analyze_power_grid -net VGND -voltage_file /work/runs/RUN_2026-09-05_10-52-32/57-openroad-irdropreport/net-VGND.csv
[INFO PSM-0040] All shapes on net VGND are connected.
########## IR report #################
Net              : VGND
Corner           : nom_tt_025C_1v80
Total power      : 5.22e-03 W
Supply voltage   : 0.00e+00 V
Worstcase voltage: 5.02e-04 V
Average voltage  : 8.88e-05 V
Average IR drop  : 8.88e-05 V
Worstcase IR drop: 5.02e-04 V
Percentage drop  : 0.03 %
######################################
