
===========================================================================
 report_power
============================================================================
======================= nom_ff_n40C_1v95 Corner ===================================

Group                    Internal    Switching      Leakage        Total
                            Power        Power        Power        Power (Watts)
------------------------------------------------------------------------
Sequential           0.000000e+00 0.000000e+00 0.000000e+00 0.000000e+00   0.0%
Combinational        3.225084e-04 4.906641e-04 4.062640e-08 8.132131e-04 100.0%
Clock                -3.305141e-10 0.000000e+00 1.164305e-08 1.131254e-08   0.0%
Macro                0.000000e+00 0.000000e+00 0.000000e+00 0.000000e+00   0.0%
Pad                  0.000000e+00 0.000000e+00 0.000000e+00 0.000000e+00   0.0%
------------------------------------------------------------------------
Total                3.225081e-04 4.906641e-04 5.226959e-08 8.132245e-04 100.0%
                            39.7%        60.3%         0.0%

