
===========================================================================
 report_power
============================================================================
======================= nom_ff_n40C_1v95 Corner ===================================

Group                    Internal    Switching      Leakage        Total
                            Power        Power        Power        Power (Watts)
------------------------------------------------------------------------
Sequential           2.318085e-03 1.424332e-04 9.315595e-09 2.460527e-03  66.4%
Combinational        8.205442e-04 4.246105e-04 3.763294e-08 1.245192e-03  33.6%
Clock                0.000000e+00 0.000000e+00 0.000000e+00 0.000000e+00   0.0%
Macro                0.000000e+00 0.000000e+00 0.000000e+00 0.000000e+00   0.0%
Pad                  0.000000e+00 0.000000e+00 0.000000e+00 0.000000e+00   0.0%
------------------------------------------------------------------------
Total                3.138629e-03 5.670437e-04 4.694814e-08 3.705719e-03 100.0%
                            84.7%        15.3%         0.0%

