
===========================================================================
 report_power
============================================================================
======================= nom_ss_100C_1v60 Corner ===================================

Group                    Internal    Switching      Leakage        Total
                            Power        Power        Power        Power (Watts)
------------------------------------------------------------------------
Sequential           0.000000e+00 0.000000e+00 0.000000e+00 0.000000e+00   0.0%
Combinational        2.322793e-04 3.268278e-04 2.108077e-05 5.801879e-04 100.0%
Clock                -1.174790e-10 0.000000e+00 9.342265e-09 9.224785e-09   0.0%
Macro                0.000000e+00 0.000000e+00 0.000000e+00 0.000000e+00   0.0%
Pad                  0.000000e+00 0.000000e+00 0.000000e+00 0.000000e+00   0.0%
------------------------------------------------------------------------
Total                2.322792e-04 3.268278e-04 2.109011e-05 5.801971e-04 100.0%
                            40.0%        56.3%         3.6%

