
===========================================================================
report_checks -unconstrained
===========================================================================
======================= max_tt_025C_1v80 Corner ===================================

Startpoint: operand_b[1] (input port clocked by __VIRTUAL_CLK__)
Endpoint: zero_flag (output port clocked by __VIRTUAL_CLK__)
Path Group: __VIRTUAL_CLK__
Path Type: max

Fanout         Cap        Slew       Delay        Time   Description
---------------------------------------------------------------------------------------------
                      0.000000    0.000000    0.000000   clock __VIRTUAL_CLK__ (rise edge)
                                  0.000000    0.000000   clock network delay (ideal)
                                  8.000000    8.000000 ^ input external delay
     1    0.009144    0.047534    0.033130    8.033130 ^ operand_b[1] (in)
                                                         operand_b[1] (net)
                      0.047549    0.000000    8.033130 ^ input81/A (sky130_fd_sc_hd__clkdlybuf4s25_1)
     1    0.006236    0.075597    0.281335    8.314465 ^ input81/X (sky130_fd_sc_hd__clkdlybuf4s25_1)
                                                         net81 (net)
                      0.075598    0.000409    8.314874 ^ fanout406/A (sky130_fd_sc_hd__clkdlybuf4s25_1)
     7    0.101761    1.009030    0.973063    9.287937 ^ fanout406/X (sky130_fd_sc_hd__clkdlybuf4s25_1)
                                                         net406 (net)
                      1.009044    0.003321    9.291258 ^ fanout404/A (sky130_fd_sc_hd__clkdlybuf4s25_1)
     8    0.063200    0.628611    0.836630   10.127888 ^ fanout404/X (sky130_fd_sc_hd__clkdlybuf4s25_1)
                                                         net404 (net)
                      0.628611    0.001861   10.129749 ^ fanout402/A (sky130_fd_sc_hd__clkdlybuf4s25_1)
     3    0.028626    0.291253    0.559948   10.689696 ^ fanout402/X (sky130_fd_sc_hd__clkdlybuf4s25_1)
                                                         net402 (net)
                      0.291270    0.002610   10.692307 ^ load_slew403/A (sky130_fd_sc_hd__buf_4)
     8    0.060777    0.172050    0.290256   10.982563 ^ load_slew403/X (sky130_fd_sc_hd__buf_4)
                                                         net403 (net)
                      0.172352    0.005465   10.988028 ^ fanout400/A (sky130_fd_sc_hd__clkdlybuf4s25_1)
     5    0.049851    0.498841    0.632431   11.620459 ^ fanout400/X (sky130_fd_sc_hd__clkdlybuf4s25_1)
                                                         net400 (net)
                      0.499066    0.005632   11.626091 ^ load_slew401/A (sky130_fd_sc_hd__clkbuf_2)
     6    0.056358    0.305807    0.405150   12.031240 ^ load_slew401/X (sky130_fd_sc_hd__clkbuf_2)
                                                         net401 (net)
                      0.306048    0.007440   12.038681 ^ _3412_/B_N (sky130_fd_sc_hd__nor2b_2)
     4    0.022652    0.259363    0.358341   12.397021 ^ _3412_/Y (sky130_fd_sc_hd__nor2b_2)
                                                         _2625_ (net)
                      0.259394    0.002488   12.399509 ^ _3555_/C1 (sky130_fd_sc_hd__a221oi_2)
     5    0.021700    0.121956    0.124849   12.524358 v _3555_/Y (sky130_fd_sc_hd__a221oi_2)
                                                         _2765_ (net)
                      0.122084    0.002412   12.526771 v _3683_/A3 (sky130_fd_sc_hd__o31a_2)
     3    0.016882    0.083538    0.372344   12.899115 v _3683_/X (sky130_fd_sc_hd__o31a_2)
                                                         _2891_ (net)
                      0.083628    0.001696   12.900809 v _4087_/A2 (sky130_fd_sc_hd__o41a_2)
     4    0.047214    0.167139    0.645345   13.546155 v _4087_/X (sky130_fd_sc_hd__o41a_2)
                                                         _0069_ (net)
                      0.167332    0.005288   13.551443 v _4441_/A3 (sky130_fd_sc_hd__o31ai_4)
     1    0.012076    0.235258    0.273910   13.825353 ^ _4441_/Y (sky130_fd_sc_hd__o31ai_4)
                                                         _0415_ (net)
                      0.235259    0.001141   13.826494 ^ wire248/A (sky130_fd_sc_hd__buf_2)
     5    0.052312    0.256495    0.326108   14.152602 ^ wire248/X (sky130_fd_sc_hd__buf_2)
                                                         net248 (net)
                      0.257064    0.010429   14.163032 ^ _4442_/A (sky130_fd_sc_hd__clkbuf_1)
     5    0.028953    0.340195    0.343526   14.506557 ^ _4442_/X (sky130_fd_sc_hd__clkbuf_1)
                                                         _0416_ (net)
                      0.340203    0.001535   14.508092 ^ max_cap234/A (sky130_fd_sc_hd__buf_2)
     6    0.040376    0.198838    0.311628   14.819720 ^ max_cap234/X (sky130_fd_sc_hd__buf_2)
                                                         net234 (net)
                      0.199073    0.004983   14.824703 ^ _4443_/B (sky130_fd_sc_hd__nand2_2)
     9    0.047385    0.197244    0.222133   15.046835 v _4443_/Y (sky130_fd_sc_hd__nand2_2)
                                                         _0417_ (net)
                      0.197244    0.000252   15.047088 v _4585_/A1 (sky130_fd_sc_hd__a2111o_2)
     4    0.028997    0.132885    0.586280   15.633367 v _4585_/X (sky130_fd_sc_hd__a2111o_2)
                                                         _0556_ (net)
                      0.133103    0.004976   15.638343 v _4667_/B1_N (sky130_fd_sc_hd__o21bai_2)
     4    0.019682    0.106803    0.289019   15.927361 v _4667_/Y (sky130_fd_sc_hd__o21bai_2)
                                                         _0636_ (net)
                      0.106818    0.001346   15.928708 v _4742_/A (sky130_fd_sc_hd__nor3_2)
     3    0.021354    0.385227    0.406859   16.335566 ^ _4742_/Y (sky130_fd_sc_hd__nor3_2)
                                                         _0709_ (net)
                      0.385234    0.001435   16.337002 ^ _4743_/D_N (sky130_fd_sc_hd__or4b_4)
     6    0.044580    0.152398    0.644514   16.981516 v _4743_/X (sky130_fd_sc_hd__or4b_4)
                                                         _0710_ (net)
                      0.152569    0.004810   16.986326 v _5076_/A (sky130_fd_sc_hd__or3_2)
     1    0.004580    0.083777    0.538243   17.524569 v _5076_/X (sky130_fd_sc_hd__or3_2)
                                                         _1041_ (net)
                      0.083777    0.000300   17.524870 v _5106_/A3 (sky130_fd_sc_hd__a31o_2)
     2    0.034614    0.106034    0.353957   17.878826 v _5106_/X (sky130_fd_sc_hd__a31o_2)
                                                         net169 (net)
                      0.106209    0.003945   17.882771 v _5996_/D (sky130_fd_sc_hd__or4_4)
     1    0.011750    0.097430    0.476987   18.359758 v _5996_/X (sky130_fd_sc_hd__or4_4)
                                                         _2027_ (net)
                      0.097430    0.001339   18.361097 v _5998_/C (sky130_fd_sc_hd__or4_4)
     1    0.009197    0.092805    0.533076   18.894175 v _5998_/X (sky130_fd_sc_hd__or4_4)
                                                         _2029_ (net)
                      0.092805    0.000894   18.895067 v _6001_/B (sky130_fd_sc_hd__or4bb_2)
     2    0.024146    0.164900    0.757733   19.652802 v _6001_/X (sky130_fd_sc_hd__or4bb_2)
                                                         _2032_ (net)
                      0.164949    0.002851   19.655651 v _6002_/C (sky130_fd_sc_hd__or3_2)
     1    0.019490    0.126098    0.548965   20.204617 v _6002_/X (sky130_fd_sc_hd__or3_2)
                                                         _2033_ (net)
                      0.126156    0.002585   20.207201 v _6003_/D (sky130_fd_sc_hd__or4_4)
     1    0.009050    0.092493    0.473596   20.680798 v _6003_/X (sky130_fd_sc_hd__or4_4)
                                                         _2034_ (net)
                      0.092493    0.000718   20.681517 v _6004_/D (sky130_fd_sc_hd__or4_4)
     1    0.009526    0.093340    0.464437   21.145952 v _6004_/X (sky130_fd_sc_hd__or4_4)
                                                         _2035_ (net)
                      0.093340    0.000780   21.146732 v _6005_/D (sky130_fd_sc_hd__nor4_4)
     1    0.006783    0.218482    0.173333   21.320066 ^ _6005_/Y (sky130_fd_sc_hd__nor4_4)
                                                         net201 (net)
                      0.218482    0.000510   21.320576 ^ output201/A (sky130_fd_sc_hd__clkdlybuf4s25_1)
     1    0.037518    0.378352    0.556719   21.877295 ^ output201/X (sky130_fd_sc_hd__clkdlybuf4s25_1)
                                                         zero_flag (net)
                      0.378361    0.002469   21.879765 ^ zero_flag (out)
                                             21.879765   data arrival time

                      0.000000   40.000000   40.000000   clock __VIRTUAL_CLK__ (rise edge)
                                  0.000000   40.000000   clock network delay (ideal)
                                 -0.250000   39.750000   clock uncertainty
                                  0.000000   39.750000   clock reconvergence pessimism
                                 -8.000000   31.750000   output external delay
                                             31.750000   data required time
---------------------------------------------------------------------------------------------
                                             31.750000   data required time
                                            -21.879765   data arrival time
---------------------------------------------------------------------------------------------
                                              9.870234   slack (MET)




===========================================================================
report_checks --slack_max -0.01
============================================================================
======================= max_tt_025C_1v80 Corner ===================================

No paths found.


===========================================================================
 report_check_types -max_slew -max_cap -max_fanout -violators
============================================================================
======================= max_tt_025C_1v80 Corner ===================================

max slew

Pin                                        Limit        Slew       Slack
------------------------------------------------------------------------
fanout373/A                             0.750000    1.009361   -0.259361 (VIOLATED)
fanout379/A                             0.750000    1.009323   -0.259323 (VIOLATED)
fanout393/A                             0.750000    1.009252   -0.259252 (VIOLATED)
fanout398/A                             0.750000    1.009147   -0.259147 (VIOLATED)
fanout387/A                             0.750000    1.009068   -0.259068 (VIOLATED)
fanout405/A                             0.750000    1.009063   -0.259063 (VIOLATED)
fanout404/A                             0.750000    1.009044   -0.259044 (VIOLATED)
fanout406/X                             0.750000    1.009030   -0.259030 (VIOLATED)
_3234_/A3                               0.750000    0.993873   -0.243873 (VIOLATED)
_3384_/A2                               0.750000    0.993869   -0.243869 (VIOLATED)
_5173_/A2                               0.750000    0.993834   -0.243834 (VIOLATED)
_5132_/A1                               0.750000    0.993832   -0.243832 (VIOLATED)
_5082_/A0                               0.750000    0.993787   -0.243787 (VIOLATED)
_5128_/A                                0.750000    0.993697   -0.243697 (VIOLATED)
_5086_/A                                0.750000    0.993649   -0.243649 (VIOLATED)
_6280_/A1                               0.750000    0.993645   -0.243645 (VIOLATED)
_5124_/A                                0.750000    0.993638   -0.243638 (VIOLATED)
_5067_/A                                0.750000    0.993623   -0.243623 (VIOLATED)
fanout530/X                             0.750000    0.993595   -0.243595 (VIOLATED)
_5112_/A1                               0.750000    0.923951   -0.173951 (VIOLATED)
_4955_/A1                               0.750000    0.923949   -0.173949 (VIOLATED)
_4871_/A1                               0.750000    0.923941   -0.173941 (VIOLATED)
_4440_/A                                0.750000    0.923928   -0.173928 (VIOLATED)
_4485_/A                                0.750000    0.923925   -0.173925 (VIOLATED)
_4439_/Y                                0.750000    0.923889   -0.173889 (VIOLATED)
_3347_/A                                0.750000    0.885392   -0.135392 (VIOLATED)
_3357_/B                                0.750000    0.885381   -0.135381 (VIOLATED)
_3365_/A0                               0.750000    0.885376   -0.135376 (VIOLATED)
_3468_/A1                               0.750000    0.885375   -0.135375 (VIOLATED)
_3331_/A0                               0.750000    0.885370   -0.135370 (VIOLATED)
_3286_/A1                               0.750000    0.885367   -0.135367 (VIOLATED)
_3358_/A2                               0.750000    0.885363   -0.135363 (VIOLATED)
_6465_/A3                               0.750000    0.885348   -0.135348 (VIOLATED)
_3405_/A2                               0.750000    0.885323   -0.135323 (VIOLATED)
_3341_/B                                0.750000    0.885321   -0.135321 (VIOLATED)
fanout593/X                             0.750000    0.885291   -0.135291 (VIOLATED)
_5862_/A                                0.750000    0.884678   -0.134678 (VIOLATED)
_5885_/B                                0.750000    0.884660   -0.134660 (VIOLATED)
_5872_/B                                0.750000    0.884639   -0.134639 (VIOLATED)
_5843_/B                                0.750000    0.884636   -0.134636 (VIOLATED)
_5886_/B                                0.750000    0.884593   -0.134593 (VIOLATED)
_6040_/A                                0.750000    0.884527   -0.134527 (VIOLATED)
_5860_/B                                0.750000    0.884473   -0.134473 (VIOLATED)
_5888_/B1                               0.750000    0.884448   -0.134448 (VIOLATED)
_6038_/A2                               0.750000    0.884447   -0.134447 (VIOLATED)
_5840_/A                                0.750000    0.884446   -0.134446 (VIOLATED)
fanout608/X                             0.750000    0.884415   -0.134415 (VIOLATED)
_6415_/A1                               0.750000    0.883635   -0.133635 (VIOLATED)
_5878_/A                                0.750000    0.883630   -0.133630 (VIOLATED)
_6047_/A1                               0.750000    0.883620   -0.133620 (VIOLATED)
_5901_/A0                               0.750000    0.883607   -0.133607 (VIOLATED)
_5963_/A2                               0.750000    0.883604   -0.133604 (VIOLATED)
_5931_/A                                0.750000    0.883569   -0.133569 (VIOLATED)
_5932_/A                                0.750000    0.883561   -0.133561 (VIOLATED)
_5881_/A                                0.750000    0.883407   -0.133407 (VIOLATED)
_5946_/A1                               0.750000    0.883282   -0.133282 (VIOLATED)
_3220_/A0                               0.750000    0.883052   -0.133052 (VIOLATED)
fanout462/X                             0.750000    0.882969   -0.132969 (VIOLATED)
_3369_/A_N                              0.750000    0.881899   -0.131899 (VIOLATED)
_3407_/B                                0.750000    0.881895   -0.131895 (VIOLATED)
_3694_/B                                0.750000    0.881870   -0.131870 (VIOLATED)
max_cap294/A                            0.750000    0.881860   -0.131860 (VIOLATED)
_3420_/C                                0.750000    0.881842   -0.131843 (VIOLATED)
_3417_/B                                0.750000    0.881778   -0.131778 (VIOLATED)
_3368_/X                                0.750000    0.881713   -0.131713 (VIOLATED)
_3235_/A2                               0.750000    0.855972   -0.105972 (VIOLATED)
_5379_/A3                               0.750000    0.855954   -0.105954 (VIOLATED)
_5325_/A1                               0.750000    0.855932   -0.105932 (VIOLATED)
_5288_/A                                0.750000    0.855932   -0.105932 (VIOLATED)
_5406_/A1                               0.750000    0.855915   -0.105915 (VIOLATED)
_5286_/A                                0.750000    0.855905   -0.105905 (VIOLATED)
_5266_/A                                0.750000    0.855885   -0.105885 (VIOLATED)
_5320_/B1                               0.750000    0.855862   -0.105862 (VIOLATED)
_5316_/A                                0.750000    0.855809   -0.105809 (VIOLATED)
_6372_/A1_N                             0.750000    0.855754   -0.105754 (VIOLATED)
fanout513/X                             0.750000    0.855734   -0.105734 (VIOLATED)
_3505_/A2                               0.750000    0.854504   -0.104504 (VIOLATED)
_3439_/A3                               0.750000    0.854500   -0.104500 (VIOLATED)
_3582_/A2                               0.750000    0.854496   -0.104496 (VIOLATED)
_3235_/A1                               0.750000    0.854479   -0.104479 (VIOLATED)
_3324_/A0                               0.750000    0.854459   -0.104459 (VIOLATED)
_5281_/A2                               0.750000    0.854430   -0.104430 (VIOLATED)
_5325_/A3                               0.750000    0.854361   -0.104361 (VIOLATED)
_5237_/A1                               0.750000    0.854327   -0.104327 (VIOLATED)
_5225_/S                                0.750000    0.854287   -0.104287 (VIOLATED)
fanout517/A                             0.750000    0.854220   -0.104220 (VIOLATED)
fanout518/X                             0.750000    0.854213   -0.104213 (VIOLATED)
_5189_/D1                               0.750000    0.852333   -0.102333 (VIOLATED)
_4830_/C1                               0.750000    0.852328   -0.102328 (VIOLATED)
_3606_/A                                0.750000    0.852249   -0.102249 (VIOLATED)
fanout526/A                             0.750000    0.852140   -0.102140 (VIOLATED)
input4/X                                0.750000    0.852099   -0.102099 (VIOLATED)
_3670_/B                                0.750000    0.851598   -0.101598 (VIOLATED)
_3607_/B                                0.750000    0.851551   -0.101551 (VIOLATED)
_3673_/B                                0.750000    0.851549   -0.101549 (VIOLATED)
_3672_/A2                               0.750000    0.851539   -0.101539 (VIOLATED)
_3636_/A                                0.750000    0.851538   -0.101538 (VIOLATED)
_3641_/A                                0.750000    0.851516   -0.101516 (VIOLATED)
_3638_/B                                0.750000    0.851512   -0.101512 (VIOLATED)
_6014_/B                                0.750000    0.851504   -0.101504 (VIOLATED)
_3919_/A                                0.750000    0.851500   -0.101500 (VIOLATED)
_6093_/A1                               0.750000    0.851500   -0.101500 (VIOLATED)
fanout602/X                             0.750000    0.851474   -0.101474 (VIOLATED)
_6106_/A                                0.750000    0.850385   -0.100386 (VIOLATED)
_6103_/A1                               0.750000    0.850361   -0.100361 (VIOLATED)
_5134_/S                                0.750000    0.849656   -0.099656 (VIOLATED)
_5443_/S0                               0.750000    0.849632   -0.099632 (VIOLATED)
_4331_/A1                               0.750000    0.848813   -0.098813 (VIOLATED)
_4142_/S1                               0.750000    0.848773   -0.098773 (VIOLATED)
_4553_/S1                               0.750000    0.848439   -0.098439 (VIOLATED)
_4805_/A                                0.750000    0.848288   -0.098288 (VIOLATED)
_4759_/S1                               0.750000    0.848288   -0.098288 (VIOLATED)
_4677_/S                                0.750000    0.848275   -0.098276 (VIOLATED)
_4141_/X                                0.750000    0.847787   -0.097787 (VIOLATED)
fanout495/A                             0.750000    0.822626   -0.072626 (VIOLATED)
ANTENNA_17/DIODE                        0.750000    0.822624   -0.072624 (VIOLATED)
_3872_/A                                0.750000    0.822583   -0.072583 (VIOLATED)
_3893_/B1                               0.750000    0.822575   -0.072575 (VIOLATED)
fanout496/A                             0.750000    0.822541   -0.072541 (VIOLATED)
fanout499/A                             0.750000    0.822473   -0.072473 (VIOLATED)
fanout501/X                             0.750000    0.822462   -0.072462 (VIOLATED)
_3694_/A                                0.750000    0.822294   -0.072294 (VIOLATED)
_5012_/B                                0.750000    0.822007   -0.072007 (VIOLATED)
_3241_/C                                0.750000    0.821920   -0.071920 (VIOLATED)
_6478_/A2                               0.750000    0.821874   -0.071874 (VIOLATED)
_6486_/B                                0.750000    0.821864   -0.071864 (VIOLATED)
_3243_/B                                0.750000    0.821861   -0.071861 (VIOLATED)
fanout525/A                             0.750000    0.821545   -0.071545 (VIOLATED)
fanout526/X                             0.750000    0.821506   -0.071506 (VIOLATED)
_3505_/A1                               0.750000    0.814819   -0.064819 (VIOLATED)
_3233_/A0                               0.750000    0.814819   -0.064819 (VIOLATED)
_3384_/A3                               0.750000    0.814816   -0.064816 (VIOLATED)
_3584_/A2                               0.750000    0.814815   -0.064815 (VIOLATED)
_3632_/A1                               0.750000    0.814801   -0.064801 (VIOLATED)
_5219_/A1                               0.750000    0.814550   -0.064550 (VIOLATED)
_5281_/A3                               0.750000    0.814502   -0.064502 (VIOLATED)
_5173_/A0                               0.750000    0.814467   -0.064467 (VIOLATED)
_5237_/A2                               0.750000    0.814426   -0.064426 (VIOLATED)
fanout519/A                             0.750000    0.814134   -0.064134 (VIOLATED)
fanout520/X                             0.750000    0.814114   -0.064114 (VIOLATED)
_5834_/A1                               0.750000    0.809399   -0.059399 (VIOLATED)
_5833_/A2                               0.750000    0.809396   -0.059396 (VIOLATED)
_5831_/A_N                              0.750000    0.809390   -0.059390 (VIOLATED)
_5868_/A2                               0.750000    0.809389   -0.059389 (VIOLATED)
_5866_/B                                0.750000    0.809387   -0.059387 (VIOLATED)
_6036_/A                                0.750000    0.809377   -0.059377 (VIOLATED)
_5810_/A_N                              0.750000    0.809373   -0.059373 (VIOLATED)
_6400_/A                                0.750000    0.809368   -0.059368 (VIOLATED)
_5811_/B                                0.750000    0.809366   -0.059366 (VIOLATED)
_6038_/A1                               0.750000    0.809323   -0.059323 (VIOLATED)
fanout624/X                             0.750000    0.809094   -0.059094 (VIOLATED)
_6162_/A                                0.750000    0.808608   -0.058608 (VIOLATED)
_4050_/A2                               0.750000    0.808567   -0.058567 (VIOLATED)
_4051_/A1                               0.750000    0.808564   -0.058564 (VIOLATED)
_4035_/A_N                              0.750000    0.808564   -0.058564 (VIOLATED)
_4036_/B_N                              0.750000    0.808541   -0.058541 (VIOLATED)
_4039_/B                                0.750000    0.808538   -0.058538 (VIOLATED)
_6020_/B                                0.750000    0.808494   -0.058494 (VIOLATED)
_6157_/A                                0.750000    0.808465   -0.058465 (VIOLATED)
_6064_/A                                0.750000    0.808454   -0.058454 (VIOLATED)
_6214_/A1                               0.750000    0.808418   -0.058418 (VIOLATED)
fanout413/X                             0.750000    0.808390   -0.058390 (VIOLATED)
_3226_/A0                               0.750000    0.806779   -0.056779 (VIOLATED)
_5546_/A3                               0.750000    0.806744   -0.056744 (VIOLATED)
_5481_/A1                               0.750000    0.806699   -0.056699 (VIOLATED)
_5471_/B1                               0.750000    0.806544   -0.056544 (VIOLATED)
_6341_/A1                               0.750000    0.806540   -0.056540 (VIOLATED)
_5460_/A                                0.750000    0.806539   -0.056539 (VIOLATED)
_5401_/A                                0.750000    0.806538   -0.056538 (VIOLATED)
_5502_/A1                               0.750000    0.806535   -0.056535 (VIOLATED)
_6325_/A1                               0.750000    0.806534   -0.056534 (VIOLATED)
_6323_/A1                               0.750000    0.806534   -0.056534 (VIOLATED)
fanout504/X                             0.750000    0.806526   -0.056526 (VIOLATED)
_3505_/A3                               0.750000    0.797949   -0.047949 (VIOLATED)
_3584_/A3                               0.750000    0.797944   -0.047944 (VIOLATED)
_3632_/A2                               0.750000    0.797922   -0.047922 (VIOLATED)
_3383_/A0                               0.750000    0.797887   -0.047887 (VIOLATED)
_3233_/A1                               0.750000    0.797882   -0.047882 (VIOLATED)
_5338_/A3                               0.750000    0.797720   -0.047720 (VIOLATED)
_5281_/A1                               0.750000    0.797706   -0.047706 (VIOLATED)
_5325_/A2                               0.750000    0.797541   -0.047541 (VIOLATED)
_5237_/A0                               0.750000    0.797534   -0.047534 (VIOLATED)
fanout515/A                             0.750000    0.797341   -0.047342 (VIOLATED)
fanout516/X                             0.750000    0.797341   -0.047342 (VIOLATED)
_5041_/A1                               0.750000    0.780986   -0.030986 (VIOLATED)
_6265_/B                                0.750000    0.780986   -0.030986 (VIOLATED)
_6271_/A1                               0.750000    0.780984   -0.030984 (VIOLATED)
_4993_/A                                0.750000    0.780981   -0.030981 (VIOLATED)
_5040_/B2                               0.750000    0.780980   -0.030980 (VIOLATED)
_5020_/B                                0.750000    0.780970   -0.030970 (VIOLATED)
_5008_/A0                               0.750000    0.780948   -0.030948 (VIOLATED)
_5082_/A2                               0.750000    0.780946   -0.030946 (VIOLATED)
_5031_/A                                0.750000    0.780944   -0.030944 (VIOLATED)
_5018_/S                                0.750000    0.780928   -0.030928 (VIOLATED)
fanout535/X                             0.750000    0.780674   -0.030674 (VIOLATED)
_3225_/A1                               0.750000    0.777952   -0.027952 (VIOLATED)
_3390_/A0                               0.750000    0.777948   -0.027948 (VIOLATED)
_5546_/A0                               0.750000    0.777937   -0.027937 (VIOLATED)
_5615_/A2                               0.750000    0.777928   -0.027928 (VIOLATED)
_5712_/A                                0.750000    0.777882   -0.027882 (VIOLATED)
_5576_/A1                               0.750000    0.777877   -0.027877 (VIOLATED)
_5521_/A                                0.750000    0.777876   -0.027876 (VIOLATED)
_5577_/A1                               0.750000    0.777875   -0.027875 (VIOLATED)
_6335_/B2                               0.750000    0.777851   -0.027851 (VIOLATED)
_6329_/A2                               0.750000    0.777833   -0.027834 (VIOLATED)
fanout487/X                             0.750000    0.777826   -0.027826 (VIOLATED)
_5082_/A3                               0.750000    0.777185   -0.027185 (VIOLATED)
_5008_/A1                               0.750000    0.777181   -0.027181 (VIOLATED)
_5045_/A2                               0.750000    0.777178   -0.027178 (VIOLATED)
_4959_/A                                0.750000    0.777148   -0.027148 (VIOLATED)
_4985_/A                                0.750000    0.777142   -0.027142 (VIOLATED)
_4996_/B2                               0.750000    0.777142   -0.027142 (VIOLATED)
_4983_/B                                0.750000    0.777141   -0.027141 (VIOLATED)
_5040_/A1                               0.750000    0.777139   -0.027139 (VIOLATED)
_6265_/A                                0.750000    0.777135   -0.027136 (VIOLATED)
_6269_/A1                               0.750000    0.777101   -0.027101 (VIOLATED)
fanout537/X                             0.750000    0.776897   -0.026897 (VIOLATED)
_4968_/A                                0.750000    0.776130   -0.026130 (VIOLATED)
_4710_/D                                0.750000    0.776129   -0.026129 (VIOLATED)
_4709_/Y                                0.750000    0.776113   -0.026113 (VIOLATED)
_3234_/A1                               0.750000    0.774758   -0.024758 (VIOLATED)
_3384_/A0                               0.750000    0.774757   -0.024757 (VIOLATED)
_4970_/A1                               0.750000    0.774659   -0.024659 (VIOLATED)
_5045_/A3                               0.750000    0.774592   -0.024592 (VIOLATED)
_4933_/A0                               0.750000    0.774591   -0.024591 (VIOLATED)
_5008_/A2                               0.750000    0.774564   -0.024564 (VIOLATED)
_4895_/A                                0.750000    0.774234   -0.024235 (VIOLATED)
_4894_/B                                0.750000    0.774198   -0.024198 (VIOLATED)
_6057_/B1                               0.750000    0.774173   -0.024173 (VIOLATED)
_4942_/A                                0.750000    0.774151   -0.024151 (VIOLATED)
fanout539/X                             0.750000    0.774131   -0.024131 (VIOLATED)
_5260_/A                                0.750000    0.770945   -0.020945 (VIOLATED)
_4952_/B2                               0.750000    0.770916   -0.020916 (VIOLATED)
_4764_/B2                               0.750000    0.770870   -0.020870 (VIOLATED)
_5871_/A1                               0.750000    0.770401   -0.020401 (VIOLATED)
_4246_/A1                               0.750000    0.770397   -0.020397 (VIOLATED)
_5777_/B2                               0.750000    0.770386   -0.020386 (VIOLATED)
_5685_/A                                0.750000    0.770362   -0.020362 (VIOLATED)
_4065_/B2                               0.750000    0.770059   -0.020059 (VIOLATED)
_3905_/A1                               0.750000    0.769937   -0.019937 (VIOLATED)
_3765_/A1                               0.750000    0.769820   -0.019820 (VIOLATED)
_3723_/X                                0.750000    0.769708   -0.019708 (VIOLATED)
_3428_/A                                0.750000    0.766479   -0.016479 (VIOLATED)
_3431_/B                                0.750000    0.766448   -0.016448 (VIOLATED)
_3380_/A0                               0.750000    0.766441   -0.016441 (VIOLATED)
_3331_/A1                               0.750000    0.766427   -0.016427 (VIOLATED)
_3425_/A0                               0.750000    0.766408   -0.016408 (VIOLATED)
_3286_/A2                               0.750000    0.766400   -0.016400 (VIOLATED)
_3520_/A1                               0.750000    0.766363   -0.016363 (VIOLATED)
_3464_/A                                0.750000    0.766304   -0.016304 (VIOLATED)
_6465_/A1                               0.750000    0.766275   -0.016275 (VIOLATED)
_3414_/B                                0.750000    0.766195   -0.016195 (VIOLATED)
fanout555/X                             0.750000    0.766084   -0.016084 (VIOLATED)
_3505_/A0                               0.750000    0.764036   -0.014036 (VIOLATED)
_3325_/A3                               0.750000    0.764035   -0.014035 (VIOLATED)
_6446_/A0                               0.750000    0.764033   -0.014033 (VIOLATED)
_3439_/A2                               0.750000    0.764010   -0.014010 (VIOLATED)
_3582_/A1                               0.750000    0.763968   -0.013968 (VIOLATED)
_3235_/A0                               0.750000    0.763947   -0.013947 (VIOLATED)
fanout522/A                             0.750000    0.763944   -0.013944 (VIOLATED)
_5219_/A2                               0.750000    0.763920   -0.013920 (VIOLATED)
_5132_/A0                               0.750000    0.763900   -0.013900 (VIOLATED)
fanout521/A                             0.750000    0.763622   -0.013622 (VIOLATED)
fanout523/X                             0.750000    0.763616   -0.013616 (VIOLATED)
_6405_/A1                               0.750000    0.762628   -0.012628 (VIOLATED)
_5810_/B                                0.750000    0.762624   -0.012624 (VIOLATED)
_5811_/A_N                              0.750000    0.762621   -0.012621 (VIOLATED)
_5868_/A1                               0.750000    0.762603   -0.012603 (VIOLATED)
_5831_/B                                0.750000    0.762574   -0.012574 (VIOLATED)
_5866_/A                                0.750000    0.762552   -0.012552 (VIOLATED)
_5832_/S                                0.750000    0.762536   -0.012536 (VIOLATED)
_6418_/A1                               0.750000    0.762526   -0.012526 (VIOLATED)
_6046_/A1                               0.750000    0.762524   -0.012524 (VIOLATED)
_6415_/B2                               0.750000    0.762518   -0.012518 (VIOLATED)
fanout469/X                             0.750000    0.762275   -0.012275 (VIOLATED)
_4094_/A                                0.750000    0.762145   -0.012145 (VIOLATED)
_4031_/B2                               0.750000    0.762135   -0.012135 (VIOLATED)
_3953_/B2                               0.750000    0.762122   -0.012122 (VIOLATED)
_3810_/B2                               0.750000    0.762104   -0.012104 (VIOLATED)
_3605_/A1                               0.750000    0.762043   -0.012043 (VIOLATED)
_3415_/B1                               0.750000    0.762000   -0.012000 (VIOLATED)
_3407_/Y                                0.750000    0.761918   -0.011918 (VIOLATED)
_3388_/A0                               0.750000    0.761136   -0.011136 (VIOLATED)
_3277_/A1                               0.750000    0.761127   -0.011127 (VIOLATED)
_3530_/A3                               0.750000    0.761105   -0.011105 (VIOLATED)
_4212_/A                                0.750000    0.761056   -0.011056 (VIOLATED)
_4229_/A                                0.750000    0.761055   -0.011055 (VIOLATED)
_4239_/A                                0.750000    0.761050   -0.011050 (VIOLATED)
_4269_/A1                               0.750000    0.761046   -0.011046 (VIOLATED)
_4270_/A1                               0.750000    0.761045   -0.011045 (VIOLATED)
_6219_/B2                               0.750000    0.761028   -0.011028 (VIOLATED)
_4271_/A1                               0.750000    0.761027   -0.011027 (VIOLATED)
fanout594/X                             0.750000    0.760999   -0.010999 (VIOLATED)

max fanout

Pin                                   Limit Fanout  Slack
---------------------------------------------------------
_3248_/Y                                 10     11        (VIOLATED)
_3301_/X                                 10     11        (VIOLATED)
_4611_/X                                 10     11        (VIOLATED)



===========================================================================
report_parasitic_annotation -report_unannotated
============================================================================
Found 2 unannotated drivers.
 clk
 rst_n
Found 0 partially unannotated drivers.

===========================================================================
max slew violation count 293
max fanout violation count 3
max cap violation count 0
============================================================================

===========================================================================
check_setup -verbose -unconstrained_endpoints -multiple_clock -no_clock -no_input_delay -loops -generated_clocks
===========================================================================
