
===========================================================================
 report_power
============================================================================
======================= nom_tt_025C_1v80 Corner ===================================

Group                    Internal    Switching      Leakage        Total
                            Power        Power        Power        Power (Watts)
------------------------------------------------------------------------
Sequential           0.000000e+00 0.000000e+00 0.000000e+00 0.000000e+00   0.0%
Combinational        2.863375e-04 4.153727e-04 1.469009e-08 7.017248e-04 100.0%
Clock                -1.177776e-10 0.000000e+00 9.921337e-09 9.803559e-09   0.0%
Macro                0.000000e+00 0.000000e+00 0.000000e+00 0.000000e+00   0.0%
Pad                  0.000000e+00 0.000000e+00 0.000000e+00 0.000000e+00   0.0%
------------------------------------------------------------------------
Total                2.863373e-04 4.153727e-04 2.461155e-08 7.017347e-04 100.0%
                            40.8%        59.2%         0.0%

