
===========================================================================
 report_power
============================================================================
======================= min_ss_100C_1v60 Corner ===================================

Group                    Internal    Switching      Leakage        Total
                            Power        Power        Power        Power (Watts)
------------------------------------------------------------------------
Sequential           0.000000e+00 0.000000e+00 0.000000e+00 0.000000e+00   0.0%
Combinational        2.320653e-04 3.069754e-04 2.108077e-05 5.601215e-04 100.0%
Clock                -1.092778e-10 0.000000e+00 9.342265e-09 9.232987e-09   0.0%
Macro                0.000000e+00 0.000000e+00 0.000000e+00 0.000000e+00   0.0%
Pad                  0.000000e+00 0.000000e+00 0.000000e+00 0.000000e+00   0.0%
------------------------------------------------------------------------
Total                2.320652e-04 3.069754e-04 2.109011e-05 5.601307e-04 100.0%
                            41.4%        54.8%         3.8%

