
===========================================================================
 report_power
============================================================================
======================= nom_tt_025C_1v80 Corner ===================================

Group                    Internal    Switching      Leakage        Total
                            Power        Power        Power        Power (Watts)
------------------------------------------------------------------------
Sequential           0.000000e+00 0.000000e+00 0.000000e+00 0.000000e+00   0.0%
Combinational        2.848301e-04 3.107472e-04 1.469009e-08 5.955920e-04 100.0%
Clock                4.520957e-11 0.000000e+00 5.379582e-10 5.831677e-10   0.0%
Macro                0.000000e+00 0.000000e+00 0.000000e+00 0.000000e+00   0.0%
Pad                  0.000000e+00 0.000000e+00 0.000000e+00 0.000000e+00   0.0%
------------------------------------------------------------------------
Total                2.848301e-04 3.107472e-04 1.522806e-08 5.955926e-04 100.0%
                            47.8%        52.2%         0.0%
Writing metric power__internal__total: 0.0002848301373887807
Writing metric power__switching__total: 0.0003107472148258239
Writing metric power__leakage__total: 1.5228055261218287e-8
Writing metric power__total: 0.0005955926026217639

