155. Printing statistics.

=== alu64_cp_top ===

        +----------Local Count, excluding submodules.
        |        +-Local Area, excluding submodules.
        |        | 
     4382        - wires
     4574        - wire bits
      416        - public wires
      608        - public wire bits
       13        - ports
      205        - port bits
     4438 4.47E+04 cells
       13  162.656   sky130_fd_sc_hd__a2111o_2
       64  640.614   sky130_fd_sc_hd__a211o_2
       17  212.704   sky130_fd_sc_hd__a211oi_2
       30  300.288   sky130_fd_sc_hd__a21bo_2
       10  112.608   sky130_fd_sc_hd__a21boi_2
      156  1366.31   sky130_fd_sc_hd__a21o_2
      117 1.02E+03   sky130_fd_sc_hd__a21oi_2
        1   16.266   sky130_fd_sc_hd__a21oi_4
       81  912.125   sky130_fd_sc_hd__a221o_2
        2   30.029   sky130_fd_sc_hd__a221oi_2
      101  1010.97   sky130_fd_sc_hd__a22o_2
       11  137.632   sky130_fd_sc_hd__a22oi_2
       58  653.126   sky130_fd_sc_hd__a2bb2o_2
       17  191.434   sky130_fd_sc_hd__a311o_2
       83  726.947   sky130_fd_sc_hd__a31o_2
        3   37.536   sky130_fd_sc_hd__a31oi_2
       35  394.128   sky130_fd_sc_hd__a32o_2
        1   16.266   sky130_fd_sc_hd__a32oi_2
        6   67.565   sky130_fd_sc_hd__a41o_2
      467 3.51E+03   sky130_fd_sc_hd__and2_2
       49  429.162   sky130_fd_sc_hd__and2b_2
       70  525.504   sky130_fd_sc_hd__and3_2
        1   11.261   sky130_fd_sc_hd__and3_4
        9   90.086   sky130_fd_sc_hd__and3b_2
       26   260.25   sky130_fd_sc_hd__and4_2
        1   11.261   sky130_fd_sc_hd__and4_4
        7   78.826   sky130_fd_sc_hd__and4b_2
        1   12.512   sky130_fd_sc_hd__and4bb_2
        1   16.266   sky130_fd_sc_hd__and4bb_4
      540 2.03E+03   sky130_fd_sc_hd__buf_1
        1    5.005   sky130_fd_sc_hd__buf_2
        1   11.261   sky130_fd_sc_hd__buf_6
        3    52.55   sky130_fd_sc_hd__bufinv_8
      471    1E+04   sky130_fd_sc_hd__dfxtp_2
      108  405.389   sky130_fd_sc_hd__inv_2
      322 3.63E+03   sky130_fd_sc_hd__mux2_2
      148 3.33E+03   sky130_fd_sc_hd__mux4_2
      218 1.36E+03   sky130_fd_sc_hd__nand2_2
        4   35.034   sky130_fd_sc_hd__nand2b_2
        1   13.763   sky130_fd_sc_hd__nand2b_4
        5   50.048   sky130_fd_sc_hd__nand3_2
        4   50.048   sky130_fd_sc_hd__nand4_2
      182 1.14E+03   sky130_fd_sc_hd__nor2_2
        8   70.067   sky130_fd_sc_hd__nor2b_2
        5   50.048   sky130_fd_sc_hd__nor3_2
        2   25.024   sky130_fd_sc_hd__nor4_2
        1    21.27   sky130_fd_sc_hd__nor4_4
       11  137.632   sky130_fd_sc_hd__o2111a_2
        2   30.029   sky130_fd_sc_hd__o2111ai_2
       46  460.442   sky130_fd_sc_hd__o211a_2
        5    62.56   sky130_fd_sc_hd__o211ai_2
      124 1.09E+03   sky130_fd_sc_hd__o21a_2
      160  1.4E+03   sky130_fd_sc_hd__o21ai_2
       19  190.182   sky130_fd_sc_hd__o21ba_2
        6   67.565   sky130_fd_sc_hd__o21bai_2
       45  506.736   sky130_fd_sc_hd__o221a_2
        1   20.019   sky130_fd_sc_hd__o221a_4
        4   60.058   sky130_fd_sc_hd__o221ai_2
       48  480.461   sky130_fd_sc_hd__o22a_2
       33  371.606   sky130_fd_sc_hd__o2bb2a_2
        2   30.029   sky130_fd_sc_hd__o2bb2ai_2
       12   135.13   sky130_fd_sc_hd__o311a_2
        1    21.27   sky130_fd_sc_hd__o311a_4
       32  320.307   sky130_fd_sc_hd__o31a_2
        2   25.024   sky130_fd_sc_hd__o31ai_2
       15  168.912   sky130_fd_sc_hd__o32a_2
        5    62.56   sky130_fd_sc_hd__o41a_2
      153  957.168   sky130_fd_sc_hd__or2_2
        4   35.034   sky130_fd_sc_hd__or2_4
       31   271.51   sky130_fd_sc_hd__or2b_2
       33  247.738   sky130_fd_sc_hd__or3_2
        8   90.086   sky130_fd_sc_hd__or3_4
       19   166.41   sky130_fd_sc_hd__or3b_2
        1   11.261   sky130_fd_sc_hd__or3b_4
       48  420.403   sky130_fd_sc_hd__or4_2
        2   22.522   sky130_fd_sc_hd__or4_4
       10  100.096   sky130_fd_sc_hd__or4b_2
        1   12.512   sky130_fd_sc_hd__or4bb_2
       64 1.04E+03   sky130_fd_sc_hd__xnor2_2
       29  471.702   sky130_fd_sc_hd__xor2_2

   Chip area for module '\alu64_cp_top': 44736.656000
     of which used for sequential elements: 10018.358400 (22.39%)

