============================================================
64-bit ALU - LibreLane Report Collection
============================================================

Source:
/home/ubuntu/asic_projects1/alu64/runs/RUN_2026-09-02_10-53-20

Destination:
/home/ubuntu/asic_projects1/alu64/PPA_TIMING_REPORTS

[1/8] Collecting metrics...
  copied: /home/ubuntu/asic_projects1/alu64/runs/RUN_2026-09-02_10-53-20/final/metrics.csv
  copied: /home/ubuntu/asic_projects1/alu64/runs/RUN_2026-09-02_10-53-20/final/metrics.json
  copied: /home/ubuntu/asic_projects1/alu64/runs/RUN_2026-09-02_10-53-20/resolved.json
[2/8] Collecting timing reports...
  copied: /home/ubuntu/asic_projects1/alu64/runs/RUN_2026-09-02_10-53-20/55-openroad-stapostpnr/summary.rpt
  copied: /home/ubuntu/asic_projects1/alu64/runs/RUN_2026-09-02_10-53-20/55-openroad-stapostpnr/min_ff_n40C_1v95/wns.min.rpt
  copied: /home/ubuntu/asic_projects1/alu64/runs/RUN_2026-09-02_10-53-20/55-openroad-stapostpnr/min_ff_n40C_1v95/wns.max.rpt
  copied: /home/ubuntu/asic_projects1/alu64/runs/RUN_2026-09-02_10-53-20/55-openroad-stapostpnr/max_ss_100C_1v60/wns.min.rpt
  copied: /home/ubuntu/asic_projects1/alu64/runs/RUN_2026-09-02_10-53-20/55-openroad-stapostpnr/max_ss_100C_1v60/wns.max.rpt
  copied: /home/ubuntu/asic_projects1/alu64/runs/RUN_2026-09-02_10-53-20/55-openroad-stapostpnr/nom_ss_100C_1v60/wns.min.rpt
  copied: /home/ubuntu/asic_projects1/alu64/runs/RUN_2026-09-02_10-53-20/55-openroad-stapostpnr/nom_ss_100C_1v60/wns.max.rpt
  copied: /home/ubuntu/asic_projects1/alu64/runs/RUN_2026-09-02_10-53-20/55-openroad-stapostpnr/max_ff_n40C_1v95/wns.min.rpt
  copied: /home/ubuntu/asic_projects1/alu64/runs/RUN_2026-09-02_10-53-20/55-openroad-stapostpnr/max_ff_n40C_1v95/wns.max.rpt
  copied: /home/ubuntu/asic_projects1/alu64/runs/RUN_2026-09-02_10-53-20/55-openroad-stapostpnr/nom_ff_n40C_1v95/wns.min.rpt
  copied: /home/ubuntu/asic_projects1/alu64/runs/RUN_2026-09-02_10-53-20/55-openroad-stapostpnr/nom_ff_n40C_1v95/wns.max.rpt
  copied: /home/ubuntu/asic_projects1/alu64/runs/RUN_2026-09-02_10-53-20/55-openroad-stapostpnr/min_tt_025C_1v80/wns.min.rpt
  copied: /home/ubuntu/asic_projects1/alu64/runs/RUN_2026-09-02_10-53-20/55-openroad-stapostpnr/min_tt_025C_1v80/wns.max.rpt
  copied: /home/ubuntu/asic_projects1/alu64/runs/RUN_2026-09-02_10-53-20/55-openroad-stapostpnr/max_tt_025C_1v80/wns.min.rpt
  copied: /home/ubuntu/asic_projects1/alu64/runs/RUN_2026-09-02_10-53-20/55-openroad-stapostpnr/max_tt_025C_1v80/wns.max.rpt
  copied: /home/ubuntu/asic_projects1/alu64/runs/RUN_2026-09-02_10-53-20/55-openroad-stapostpnr/min_ss_100C_1v60/wns.min.rpt
  copied: /home/ubuntu/asic_projects1/alu64/runs/RUN_2026-09-02_10-53-20/55-openroad-stapostpnr/min_ss_100C_1v60/wns.max.rpt
  copied: /home/ubuntu/asic_projects1/alu64/runs/RUN_2026-09-02_10-53-20/55-openroad-stapostpnr/nom_tt_025C_1v80/wns.min.rpt
  copied: /home/ubuntu/asic_projects1/alu64/runs/RUN_2026-09-02_10-53-20/55-openroad-stapostpnr/nom_tt_025C_1v80/wns.max.rpt
  copied: /home/ubuntu/asic_projects1/alu64/runs/RUN_2026-09-02_10-53-20/55-openroad-stapostpnr/min_ff_n40C_1v95/ws.min.rpt
  copied: /home/ubuntu/asic_projects1/alu64/runs/RUN_2026-09-02_10-53-20/55-openroad-stapostpnr/min_ff_n40C_1v95/ws.max.rpt
  copied: /home/ubuntu/asic_projects1/alu64/runs/RUN_2026-09-02_10-53-20/55-openroad-stapostpnr/max_ss_100C_1v60/ws.min.rpt
  copied: /home/ubuntu/asic_projects1/alu64/runs/RUN_2026-09-02_10-53-20/55-openroad-stapostpnr/max_ss_100C_1v60/ws.max.rpt
  copied: /home/ubuntu/asic_projects1/alu64/runs/RUN_2026-09-02_10-53-20/55-openroad-stapostpnr/nom_ss_100C_1v60/ws.min.rpt
  copied: /home/ubuntu/asic_projects1/alu64/runs/RUN_2026-09-02_10-53-20/55-openroad-stapostpnr/nom_ss_100C_1v60/ws.max.rpt
  copied: /home/ubuntu/asic_projects1/alu64/runs/RUN_2026-09-02_10-53-20/55-openroad-stapostpnr/max_ff_n40C_1v95/ws.min.rpt
  copied: /home/ubuntu/asic_projects1/alu64/runs/RUN_2026-09-02_10-53-20/55-openroad-stapostpnr/max_ff_n40C_1v95/ws.max.rpt
  copied: /home/ubuntu/asic_projects1/alu64/runs/RUN_2026-09-02_10-53-20/55-openroad-stapostpnr/nom_ff_n40C_1v95/ws.min.rpt
  copied: /home/ubuntu/asic_projects1/alu64/runs/RUN_2026-09-02_10-53-20/55-openroad-stapostpnr/nom_ff_n40C_1v95/ws.max.rpt
  copied: /home/ubuntu/asic_projects1/alu64/runs/RUN_2026-09-02_10-53-20/55-openroad-stapostpnr/min_tt_025C_1v80/ws.min.rpt
  copied: /home/ubuntu/asic_projects1/alu64/runs/RUN_2026-09-02_10-53-20/55-openroad-stapostpnr/min_tt_025C_1v80/ws.max.rpt
  copied: /home/ubuntu/asic_projects1/alu64/runs/RUN_2026-09-02_10-53-20/55-openroad-stapostpnr/max_tt_025C_1v80/ws.min.rpt
  copied: /home/ubuntu/asic_projects1/alu64/runs/RUN_2026-09-02_10-53-20/55-openroad-stapostpnr/max_tt_025C_1v80/ws.max.rpt
  copied: /home/ubuntu/asic_projects1/alu64/runs/RUN_2026-09-02_10-53-20/55-openroad-stapostpnr/min_ss_100C_1v60/ws.min.rpt
  copied: /home/ubuntu/asic_projects1/alu64/runs/RUN_2026-09-02_10-53-20/55-openroad-stapostpnr/min_ss_100C_1v60/ws.max.rpt
  copied: /home/ubuntu/asic_projects1/alu64/runs/RUN_2026-09-02_10-53-20/55-openroad-stapostpnr/nom_tt_025C_1v80/ws.min.rpt
  copied: /home/ubuntu/asic_projects1/alu64/runs/RUN_2026-09-02_10-53-20/55-openroad-stapostpnr/nom_tt_025C_1v80/ws.max.rpt
  copied: /home/ubuntu/asic_projects1/alu64/runs/RUN_2026-09-02_10-53-20/55-openroad-stapostpnr/min_ff_n40C_1v95/min.rpt
  copied: /home/ubuntu/asic_projects1/alu64/runs/RUN_2026-09-02_10-53-20/55-openroad-stapostpnr/max_ss_100C_1v60/min.rpt
  copied: /home/ubuntu/asic_projects1/alu64/runs/RUN_2026-09-02_10-53-20/55-openroad-stapostpnr/nom_ss_100C_1v60/min.rpt
  copied: /home/ubuntu/asic_projects1/alu64/runs/RUN_2026-09-02_10-53-20/55-openroad-stapostpnr/max_ff_n40C_1v95/min.rpt
  copied: /home/ubuntu/asic_projects1/alu64/runs/RUN_2026-09-02_10-53-20/55-openroad-stapostpnr/nom_ff_n40C_1v95/min.rpt
  copied: /home/ubuntu/asic_projects1/alu64/runs/RUN_2026-09-02_10-53-20/55-openroad-stapostpnr/min_tt_025C_1v80/min.rpt
  copied: /home/ubuntu/asic_projects1/alu64/runs/RUN_2026-09-02_10-53-20/55-openroad-stapostpnr/max_tt_025C_1v80/min.rpt
  copied: /home/ubuntu/asic_projects1/alu64/runs/RUN_2026-09-02_10-53-20/55-openroad-stapostpnr/min_ss_100C_1v60/min.rpt
  copied: /home/ubuntu/asic_projects1/alu64/runs/RUN_2026-09-02_10-53-20/55-openroad-stapostpnr/nom_tt_025C_1v80/min.rpt
  copied: /home/ubuntu/asic_projects1/alu64/runs/RUN_2026-09-02_10-53-20/55-openroad-stapostpnr/min_ff_n40C_1v95/max.rpt
  copied: /home/ubuntu/asic_projects1/alu64/runs/RUN_2026-09-02_10-53-20/55-openroad-stapostpnr/max_ss_100C_1v60/max.rpt
  copied: /home/ubuntu/asic_projects1/alu64/runs/RUN_2026-09-02_10-53-20/55-openroad-stapostpnr/nom_ss_100C_1v60/max.rpt
  copied: /home/ubuntu/asic_projects1/alu64/runs/RUN_2026-09-02_10-53-20/55-openroad-stapostpnr/max_ff_n40C_1v95/max.rpt
  copied: /home/ubuntu/asic_projects1/alu64/runs/RUN_2026-09-02_10-53-20/55-openroad-stapostpnr/nom_ff_n40C_1v95/max.rpt
  copied: /home/ubuntu/asic_projects1/alu64/runs/RUN_2026-09-02_10-53-20/55-openroad-stapostpnr/min_tt_025C_1v80/max.rpt
  copied: /home/ubuntu/asic_projects1/alu64/runs/RUN_2026-09-02_10-53-20/55-openroad-stapostpnr/max_tt_025C_1v80/max.rpt
  copied: /home/ubuntu/asic_projects1/alu64/runs/RUN_2026-09-02_10-53-20/55-openroad-stapostpnr/min_ss_100C_1v60/max.rpt
  copied: /home/ubuntu/asic_projects1/alu64/runs/RUN_2026-09-02_10-53-20/55-openroad-stapostpnr/nom_tt_025C_1v80/max.rpt
[3/8] Collecting power reports...
  copied: /home/ubuntu/asic_projects1/alu64/runs/RUN_2026-09-02_10-53-20/55-openroad-stapostpnr/min_ff_n40C_1v95/power.rpt
  copied: /home/ubuntu/asic_projects1/alu64/runs/RUN_2026-09-02_10-53-20/55-openroad-stapostpnr/max_ss_100C_1v60/power.rpt
  copied: /home/ubuntu/asic_projects1/alu64/runs/RUN_2026-09-02_10-53-20/55-openroad-stapostpnr/nom_ss_100C_1v60/power.rpt
  copied: /home/ubuntu/asic_projects1/alu64/runs/RUN_2026-09-02_10-53-20/55-openroad-stapostpnr/max_ff_n40C_1v95/power.rpt
  copied: /home/ubuntu/asic_projects1/alu64/runs/RUN_2026-09-02_10-53-20/55-openroad-stapostpnr/nom_ff_n40C_1v95/power.rpt
  copied: /home/ubuntu/asic_projects1/alu64/runs/RUN_2026-09-02_10-53-20/55-openroad-stapostpnr/min_tt_025C_1v80/power.rpt
  copied: /home/ubuntu/asic_projects1/alu64/runs/RUN_2026-09-02_10-53-20/55-openroad-stapostpnr/max_tt_025C_1v80/power.rpt
  copied: /home/ubuntu/asic_projects1/alu64/runs/RUN_2026-09-02_10-53-20/55-openroad-stapostpnr/min_ss_100C_1v60/power.rpt
  copied: /home/ubuntu/asic_projects1/alu64/runs/RUN_2026-09-02_10-53-20/55-openroad-stapostpnr/nom_tt_025C_1v80/power.rpt
  copied: /home/ubuntu/asic_projects1/alu64/runs/RUN_2026-09-02_10-53-20/38-openroad-stamidpnr-2/power.rpt
  copied: /home/ubuntu/asic_projects1/alu64/runs/RUN_2026-09-02_10-53-20/31-openroad-stamidpnr/power.rpt
  copied: /home/ubuntu/asic_projects1/alu64/runs/RUN_2026-09-02_10-53-20/36-openroad-stamidpnr-1/power.rpt
  copied: /home/ubuntu/asic_projects1/alu64/runs/RUN_2026-09-02_10-53-20/43-openroad-stamidpnr-3/power.rpt
  copied: /home/ubuntu/asic_projects1/alu64/runs/RUN_2026-09-02_10-53-20/12-openroad-staprepnr/nom_ss_100C_1v60/power.rpt
  copied: /home/ubuntu/asic_projects1/alu64/runs/RUN_2026-09-02_10-53-20/12-openroad-staprepnr/nom_ff_n40C_1v95/power.rpt
  copied: /home/ubuntu/asic_projects1/alu64/runs/RUN_2026-09-02_10-53-20/12-openroad-staprepnr/nom_tt_025C_1v80/power.rpt
[4/8] Collecting area reports...
  copied: /home/ubuntu/asic_projects1/alu64/runs/RUN_2026-09-02_10-53-20/42-openroad-repairantennas/2-openroad-checkantennas/reports/antenna_summary.rpt
  copied: /home/ubuntu/asic_projects1/alu64/runs/RUN_2026-09-02_10-53-20/40-openroad-checkantennas/reports/antenna_summary.rpt
  copied: /home/ubuntu/asic_projects1/alu64/runs/RUN_2026-09-02_10-53-20/55-openroad-stapostpnr/summary.rpt
  copied: /home/ubuntu/asic_projects1/alu64/runs/RUN_2026-09-02_10-53-20/46-openroad-checkantennas-1/reports/antenna_summary.rpt
  copied: /home/ubuntu/asic_projects1/alu64/runs/RUN_2026-09-02_10-53-20/12-openroad-staprepnr/summary.rpt
[5/8] Collecting routing reports...
[6/8] Collecting IR-drop reports...
  copied: /home/ubuntu/asic_projects1/alu64/runs/RUN_2026-09-02_10-53-20/56-openroad-irdropreport/irdrop.rpt
[7/8] Collecting signoff reports...
  copied: /home/ubuntu/asic_projects1/alu64/runs/RUN_2026-09-02_10-53-20/65-klayout-drc/xml_drc_report_to_json.log
  copied: /home/ubuntu/asic_projects1/alu64/runs/RUN_2026-09-02_10-53-20/65-klayout-drc/reports/drc.klayout.json
  copied: /home/ubuntu/asic_projects1/alu64/runs/RUN_2026-09-02_10-53-20/65-klayout-drc/reports/drc.klayout.lyrdb
  copied: /home/ubuntu/asic_projects1/alu64/runs/RUN_2026-09-02_10-53-20/65-klayout-drc/klayout-drc.process_stats.json
  copied: /home/ubuntu/asic_projects1/alu64/runs/RUN_2026-09-02_10-53-20/65-klayout-drc/xml_drc_report_to_json.process_stats.json
  copied: /home/ubuntu/asic_projects1/alu64/runs/RUN_2026-09-02_10-53-20/65-klayout-drc/klayout-drc.log
  copied: /home/ubuntu/asic_projects1/alu64/runs/RUN_2026-09-02_10-53-20/64-magic-drc/reports/drc.magic.lyrdb
  copied: /home/ubuntu/asic_projects1/alu64/runs/RUN_2026-09-02_10-53-20/64-magic-drc/reports/drc.magic.rpt
  copied: /home/ubuntu/asic_projects1/alu64/runs/RUN_2026-09-02_10-53-20/64-magic-drc/magic-drc.process_stats.json
  copied: /home/ubuntu/asic_projects1/alu64/runs/RUN_2026-09-02_10-53-20/64-magic-drc/views/alu64_top.drc.mag
  copied: /home/ubuntu/asic_projects1/alu64/runs/RUN_2026-09-02_10-53-20/64-magic-drc/magic-drc.log
  copied: /home/ubuntu/asic_projects1/alu64/runs/RUN_2026-09-02_10-53-20/44-openroad-detailedrouting/drt-run-1/alu64_top.drc.xml
  copied: /home/ubuntu/asic_projects1/alu64/runs/RUN_2026-09-02_10-53-20/44-openroad-detailedrouting/drt-run-1/alu64_top.drc
  copied: /home/ubuntu/asic_projects1/alu64/runs/RUN_2026-09-02_10-53-20/44-openroad-detailedrouting/alu64_top.drc.xml
  copied: /home/ubuntu/asic_projects1/alu64/runs/RUN_2026-09-02_10-53-20/44-openroad-detailedrouting/drt-run-0/alu64_top.drc.xml
  copied: /home/ubuntu/asic_projects1/alu64/runs/RUN_2026-09-02_10-53-20/44-openroad-detailedrouting/drt-run-0/alu64_top.drc
  copied: /home/ubuntu/asic_projects1/alu64/runs/RUN_2026-09-02_10-53-20/44-openroad-detailedrouting/alu64_top.drc
  copied: /home/ubuntu/asic_projects1/alu64/runs/RUN_2026-09-02_10-53-20/44-openroad-detailedrouting/drt-run-2/alu64_top.drc.xml
  copied: /home/ubuntu/asic_projects1/alu64/runs/RUN_2026-09-02_10-53-20/44-openroad-detailedrouting/drt-run-2/alu64_top.drc
  copied: /home/ubuntu/asic_projects1/alu64/runs/RUN_2026-09-02_10-53-20/70-netgen-lvs/reports/lvs.netgen.rpt
  copied: /home/ubuntu/asic_projects1/alu64/runs/RUN_2026-09-02_10-53-20/70-netgen-lvs/reports/lvs.netgen.json
  copied: /home/ubuntu/asic_projects1/alu64/runs/RUN_2026-09-02_10-53-20/70-netgen-lvs/netgen-lvs.log
  copied: /home/ubuntu/asic_projects1/alu64/runs/RUN_2026-09-02_10-53-20/70-netgen-lvs/netgen-lvs.process_stats.json
  copied: /home/ubuntu/asic_projects1/alu64/runs/RUN_2026-09-02_10-53-20/70-netgen-lvs/lvs_script.lvs
  copied: /home/ubuntu/asic_projects1/alu64/runs/RUN_2026-09-02_10-53-20/42-openroad-repairantennas/2-openroad-checkantennas/reports/antenna_summary.rpt
  copied: /home/ubuntu/asic_projects1/alu64/runs/RUN_2026-09-02_10-53-20/42-openroad-repairantennas/2-openroad-checkantennas/reports/antenna.rpt
  copied: /home/ubuntu/asic_projects1/alu64/runs/RUN_2026-09-02_10-53-20/42-openroad-repairantennas/2-openroad-checkantennas/openroad-checkantennas.log
  copied: /home/ubuntu/asic_projects1/alu64/runs/RUN_2026-09-02_10-53-20/42-openroad-repairantennas/2-openroad-checkantennas/openroad-checkantennas.process_stats.json
  copied: /home/ubuntu/asic_projects1/alu64/runs/RUN_2026-09-02_10-53-20/40-openroad-checkantennas/reports/antenna_summary.rpt
  copied: /home/ubuntu/asic_projects1/alu64/runs/RUN_2026-09-02_10-53-20/40-openroad-checkantennas/reports/antenna.rpt
  copied: /home/ubuntu/asic_projects1/alu64/runs/RUN_2026-09-02_10-53-20/40-openroad-checkantennas/openroad-checkantennas.log
  copied: /home/ubuntu/asic_projects1/alu64/runs/RUN_2026-09-02_10-53-20/40-openroad-checkantennas/openroad-checkantennas.process_stats.json
  copied: /home/ubuntu/asic_projects1/alu64/runs/RUN_2026-09-02_10-53-20/46-openroad-checkantennas-1/reports/antenna_summary.rpt
  copied: /home/ubuntu/asic_projects1/alu64/runs/RUN_2026-09-02_10-53-20/46-openroad-checkantennas-1/reports/antenna.rpt
  copied: /home/ubuntu/asic_projects1/alu64/runs/RUN_2026-09-02_10-53-20/46-openroad-checkantennas-1/openroad-checkantennas-1.process_stats.json
  copied: /home/ubuntu/asic_projects1/alu64/runs/RUN_2026-09-02_10-53-20/46-openroad-checkantennas-1/openroad-checkantennas-1.log
  copied: /home/ubuntu/asic_projects1/alu64/runs/RUN_2026-09-02_10-53-20/61-odb-checkdesignantennaproperties/odb-checkdesignantennaproperties.log
  copied: /home/ubuntu/asic_projects1/alu64/runs/RUN_2026-09-02_10-53-20/61-odb-checkdesignantennaproperties/odb-checkdesignantennaproperties.process_stats.json
  copied: /home/ubuntu/asic_projects1/alu64/runs/RUN_2026-09-02_10-53-20/62-klayout-xor/klayout-xor.log
  copied: /home/ubuntu/asic_projects1/alu64/runs/RUN_2026-09-02_10-53-20/62-klayout-xor/klayout-xor.process_stats.json
  copied: /home/ubuntu/asic_projects1/alu64/runs/RUN_2026-09-02_10-53-20/62-klayout-xor/xor.xml
  copied: /home/ubuntu/asic_projects1/alu64/runs/RUN_2026-09-02_10-53-20/68-magic-spiceextraction/extraction/sky130_fd_sc_hd__xor2_2.ext
[8/8] Collecting final layout files...

============================================================
DONE
============================================================