============================================================
64-bit ALU - LibreLane Report Collection
============================================================

Source      : /home/ubuntu/asic_projects1/alu64/runs/RUN_2026-09-02_10-53-20
Destination : /home/ubuntu/asic_projects1/alu64/PPA_TIMING_REPORTS

[1/8] Collecting metrics...
[2/8] Collecting timing reports...
[3/8] Collecting power reports...
[4/8] Collecting area/synthesis reports...
[5/8] Collecting routing reports...
[6/8] Collecting IR-drop / power-grid reports...
[7/8] Collecting physical-verification reports...
[8/8] Collecting final layout files...

============================================================
REPORT COLLECTION COMPLETE
============================================================

Output directory : /home/ubuntu/asic_projects1/alu64/PPA_TIMING_REPORTS
Files collected  : 586

01_metrics/metrics.csv
01_metrics/metrics.json
01_metrics/resolved.json
02_timing/final_timing_summary.txt
02_timing/home/ubuntu/asic_projects1/alu64/runs/RUN_2026-09-02_10-53-20/55-openroad-stapostpnr/max_ff_n40C_1v95/checks.rpt
02_timing/home/ubuntu/asic_projects1/alu64/runs/RUN_2026-09-02_10-53-20/55-openroad-stapostpnr/max_ff_n40C_1v95/max.rpt
02_timing/home/ubuntu/asic_projects1/alu64/runs/RUN_2026-09-02_10-53-20/55-openroad-stapostpnr/max_ff_n40C_1v95/min.rpt
02_timing/home/ubuntu/asic_projects1/alu64/runs/RUN_2026-09-02_10-53-20/55-openroad-stapostpnr/max_ss_100C_1v60/checks.rpt
02_timing/home/ubuntu/asic_projects1/alu64/runs/RUN_2026-09-02_10-53-20/55-openroad-stapostpnr/max_ss_100C_1v60/max.rpt
02_timing/home/ubuntu/asic_projects1/alu64/runs/RUN_2026-09-02_10-53-20/55-openroad-stapostpnr/max_ss_100C_1v60/min.rpt
02_timing/home/ubuntu/asic_projects1/alu64/runs/RUN_2026-09-02_10-53-20/55-openroad-stapostpnr/max_tt_025C_1v80/checks.rpt
02_timing/home/ubuntu/asic_projects1/alu64/runs/RUN_2026-09-02_10-53-20/55-openroad-stapostpnr/max_tt_025C_1v80/max.rpt
02_timing/home/ubuntu/asic_projects1/alu64/runs/RUN_2026-09-02_10-53-20/55-openroad-stapostpnr/max_tt_025C_1v80/min.rpt
02_timing/home/ubuntu/asic_projects1/alu64/runs/RUN_2026-09-02_10-53-20/55-openroad-stapostpnr/min_ff_n40C_1v95/checks.rpt
02_timing/home/ubuntu/asic_projects1/alu64/runs/RUN_2026-09-02_10-53-20/55-openroad-stapostpnr/min_ff_n40C_1v95/max.rpt
02_timing/home/ubuntu/asic_projects1/alu64/runs/RUN_2026-09-02_10-53-20/55-openroad-stapostpnr/min_ff_n40C_1v95/min.rpt
02_timing/home/ubuntu/asic_projects1/alu64/runs/RUN_2026-09-02_10-53-20/55-openroad-stapostpnr/min_ss_100C_1v60/checks.rpt
02_timing/home/ubuntu/asic_projects1/alu64/runs/RUN_2026-09-02_10-53-20/55-openroad-stapostpnr/min_ss_100C_1v60/max.rpt
02_timing/home/ubuntu/asic_projects1/alu64/runs/RUN_2026-09-02_10-53-20/55-openroad-stapostpnr/min_ss_100C_1v60/min.rpt
02_timing/home/ubuntu/asic_projects1/alu64/runs/RUN_2026-09-02_10-53-20/55-openroad-stapostpnr/min_tt_025C_1v80/checks.rpt
02_timing/home/ubuntu/asic_projects1/alu64/runs/RUN_2026-09-02_10-53-20/55-openroad-stapostpnr/min_tt_025C_1v80/max.rpt
02_timing/home/ubuntu/asic_projects1/alu64/runs/RUN_2026-09-02_10-53-20/55-openroad-stapostpnr/min_tt_025C_1v80/min.rpt
02_timing/home/ubuntu/asic_projects1/alu64/runs/RUN_2026-09-02_10-53-20/55-openroad-stapostpnr/nom_ff_n40C_1v95/checks.rpt
02_timing/home/ubuntu/asic_projects1/alu64/runs/RUN_2026-09-02_10-53-20/55-openroad-stapostpnr/nom_ff_n40C_1v95/max.rpt
02_timing/home/ubuntu/asic_projects1/alu64/runs/RUN_2026-09-02_10-53-20/55-openroad-stapostpnr/nom_ff_n40C_1v95/min.rpt
02_timing/home/ubuntu/asic_projects1/alu64/runs/RUN_2026-09-02_10-53-20/55-openroad-stapostpnr/nom_ss_100C_1v60/checks.rpt
02_timing/home/ubuntu/asic_projects1/alu64/runs/RUN_2026-09-02_10-53-20/55-openroad-stapostpnr/nom_ss_100C_1v60/max.rpt
02_timing/home/ubuntu/asic_projects1/alu64/runs/RUN_2026-09-02_10-53-20/55-openroad-stapostpnr/nom_ss_100C_1v60/min.rpt
02_timing/home/ubuntu/asic_projects1/alu64/runs/RUN_2026-09-02_10-53-20/55-openroad-stapostpnr/nom_tt_025C_1v80/checks.rpt
02_timing/home/ubuntu/asic_projects1/alu64/runs/RUN_2026-09-02_10-53-20/55-openroad-stapostpnr/nom_tt_025C_1v80/max.rpt
02_timing/home/ubuntu/asic_projects1/alu64/runs/RUN_2026-09-02_10-53-20/55-openroad-stapostpnr/nom_tt_025C_1v80/min.rpt
02_timing/home/ubuntu/asic_projects1/alu64/runs/RUN_2026-09-02_10-53-20/55-openroad-stapostpnr/summary.rpt
02_timing/summary.rpt
02_timing/worst_setup_path_max_ss_100C_1v60.rpt
03_power/home/ubuntu/asic_projects1/alu64/runs/RUN_2026-09-02_10-53-20/12-openroad-staprepnr/nom_ff_n40C_1v95/power.rpt
03_power/home/ubuntu/asic_projects1/alu64/runs/RUN_2026-09-02_10-53-20/12-openroad-staprepnr/nom_ss_100C_1v60/power.rpt
03_power/home/ubuntu/asic_projects1/alu64/runs/RUN_2026-09-02_10-53-20/12-openroad-staprepnr/nom_tt_025C_1v80/power.rpt
03_power/home/ubuntu/asic_projects1/alu64/runs/RUN_2026-09-02_10-53-20/31-openroad-stamidpnr/power.rpt
03_power/home/ubuntu/asic_projects1/alu64/runs/RUN_2026-09-02_10-53-20/36-openroad-stamidpnr-1/power.rpt
03_power/home/ubuntu/asic_projects1/alu64/runs/RUN_2026-09-02_10-53-20/38-openroad-stamidpnr-2/power.rpt
03_power/home/ubuntu/asic_projects1/alu64/runs/RUN_2026-09-02_10-53-20/43-openroad-stamidpnr-3/power.rpt
03_power/home/ubuntu/asic_projects1/alu64/runs/RUN_2026-09-02_10-53-20/55-openroad-stapostpnr/max_ff_n40C_1v95/power.rpt
03_power/home/ubuntu/asic_projects1/alu64/runs/RUN_2026-09-02_10-53-20/55-openroad-stapostpnr/max_ss_100C_1v60/power.rpt
03_power/home/ubuntu/asic_projects1/alu64/runs/RUN_2026-09-02_10-53-20/55-openroad-stapostpnr/max_tt_025C_1v80/power.rpt
03_power/home/ubuntu/asic_projects1/alu64/runs/RUN_2026-09-02_10-53-20/55-openroad-stapostpnr/min_ff_n40C_1v95/power.rpt
03_power/home/ubuntu/asic_projects1/alu64/runs/RUN_2026-09-02_10-53-20/55-openroad-stapostpnr/min_ss_100C_1v60/power.rpt
03_power/home/ubuntu/asic_projects1/alu64/runs/RUN_2026-09-02_10-53-20/55-openroad-stapostpnr/min_tt_025C_1v80/power.rpt
03_power/home/ubuntu/asic_projects1/alu64/runs/RUN_2026-09-02_10-53-20/55-openroad-stapostpnr/nom_ff_n40C_1v95/power.rpt
03_power/home/ubuntu/asic_projects1/alu64/runs/RUN_2026-09-02_10-53-20/55-openroad-stapostpnr/nom_ss_100C_1v60/power.rpt
03_power/home/ubuntu/asic_projects1/alu64/runs/RUN_2026-09-02_10-53-20/55-openroad-stapostpnr/nom_tt_025C_1v80/power.rpt
04_area/area_summary.txt
04_area/home/ubuntu/asic_projects1/alu64/runs/RUN_2026-09-02_10-53-20/12-openroad-staprepnr/summary.rpt
04_area/home/ubuntu/asic_projects1/alu64/runs/RUN_2026-09-02_10-53-20/40-openroad-checkantennas/reports/antenna_summary.rpt
04_area/home/ubuntu/asic_projects1/alu64/runs/RUN_2026-09-02_10-53-20/42-openroad-repairantennas/2-openroad-checkantennas/reports/antenna_summary.rpt
04_area/home/ubuntu/asic_projects1/alu64/runs/RUN_2026-09-02_10-53-20/46-openroad-checkantennas-1/reports/antenna_summary.rpt
04_area/home/ubuntu/asic_projects1/alu64/runs/RUN_2026-09-02_10-53-20/55-openroad-stapostpnr/summary.rpt
05_routing/routing_summary.txt
06_ir_drop/home/ubuntu/asic_projects1/alu64/runs/RUN_2026-09-02_10-53-20/56-openroad-irdropreport/irdrop.rpt
06_ir_drop/ir_drop_summary.txt
07_drc_lvs/home/ubuntu/asic_projects1/alu64/runs/RUN_2026-09-02_10-53-20/40-openroad-checkantennas/openroad-checkantennas.log
07_drc_lvs/home/ubuntu/asic_projects1/alu64/runs/RUN_2026-09-02_10-53-20/40-openroad-checkantennas/openroad-checkantennas.process_stats.json
07_drc_lvs/home/ubuntu/asic_projects1/alu64/runs/RUN_2026-09-02_10-53-20/40-openroad-checkantennas/reports/antenna.rpt
07_drc_lvs/home/ubuntu/asic_projects1/alu64/runs/RUN_2026-09-02_10-53-20/40-openroad-checkantennas/reports/antenna_summary.rpt
07_drc_lvs/home/ubuntu/asic_projects1/alu64/runs/RUN_2026-09-02_10-53-20/42-openroad-repairantennas/2-openroad-checkantennas/openroad-checkantennas.log
07_drc_lvs/home/ubuntu/asic_projects1/alu64/runs/RUN_2026-09-02_10-53-20/42-openroad-repairantennas/2-openroad-checkantennas/openroad-checkantennas.process_stats.json
07_drc_lvs/home/ubuntu/asic_projects1/alu64/runs/RUN_2026-09-02_10-53-20/42-openroad-repairantennas/2-openroad-checkantennas/reports/antenna.rpt
07_drc_lvs/home/ubuntu/asic_projects1/alu64/runs/RUN_2026-09-02_10-53-20/42-openroad-repairantennas/2-openroad-checkantennas/reports/antenna_summary.rpt
07_drc_lvs/home/ubuntu/asic_projects1/alu64/runs/RUN_2026-09-02_10-53-20/44-openroad-detailedrouting/alu64_top.drc
07_drc_lvs/home/ubuntu/asic_projects1/alu64/runs/RUN_2026-09-02_10-53-20/44-openroad-detailedrouting/alu64_top.drc.xml
07_drc_lvs/home/ubuntu/asic_projects1/alu64/runs/RUN_2026-09-02_10-53-20/44-openroad-detailedrouting/drt-run-0/alu64_top.drc
07_drc_lvs/home/ubuntu/asic_projects1/alu64/runs/RUN_2026-09-02_10-53-20/44-openroad-detailedrouting/drt-run-0/alu64_top.drc.xml
07_drc_lvs/home/ubuntu/asic_projects1/alu64/runs/RUN_2026-09-02_10-53-20/44-openroad-detailedrouting/drt-run-1/alu64_top.drc
07_drc_lvs/home/ubuntu/asic_projects1/alu64/runs/RUN_2026-09-02_10-53-20/44-openroad-detailedrouting/drt-run-1/alu64_top.drc.xml
07_drc_lvs/home/ubuntu/asic_projects1/alu64/runs/RUN_2026-09-02_10-53-20/44-openroad-detailedrouting/drt-run-2/alu64_top.drc
07_drc_lvs/home/ubuntu/asic_projects1/alu64/runs/RUN_2026-09-02_10-53-20/44-openroad-detailedrouting/drt-run-2/alu64_top.drc.xml
07_drc_lvs/home/ubuntu/asic_projects1/alu64/runs/RUN_2026-09-02_10-53-20/46-openroad-checkantennas-1/openroad-checkantennas-1.log
07_drc_lvs/home/ubuntu/asic_projects1/alu64/runs/RUN_2026-09-02_10-53-20/46-openroad-checkantennas-1/openroad-checkantennas-1.process_stats.json
07_drc_lvs/home/ubuntu/asic_projects1/alu64/runs/RUN_2026-09-02_10-53-20/46-openroad-checkantennas-1/reports/antenna.rpt
07_drc_lvs/home/ubuntu/asic_projects1/alu64/runs/RUN_2026-09-02_10-53-20/46-openroad-checkantennas-1/reports/antenna_summary.rpt
07_drc_lvs/home/ubuntu/asic_projects1/alu64/runs/RUN_2026-09-02_10-53-20/61-odb-checkdesignantennaproperties/odb-checkdesignantennaproperties.log
07_drc_lvs/home/ubuntu/asic_projects1/alu64/runs/RUN_2026-09-02_10-53-20/61-odb-checkdesignantennaproperties/odb-checkdesignantennaproperties.process_stats.json
07_drc_lvs/home/ubuntu/asic_projects1/alu64/runs/RUN_2026-09-02_10-53-20/62-klayout-xor/klayout-xor.log
07_drc_lvs/home/ubuntu/asic_projects1/alu64/runs/RUN_2026-09-02_10-53-20/62-klayout-xor/klayout-xor.process_stats.json
07_drc_lvs/home/ubuntu/asic_projects1/alu64/runs/RUN_2026-09-02_10-53-20/62-klayout-xor/xor.xml
07_drc_lvs/home/ubuntu/asic_projects1/alu64/runs/RUN_2026-09-02_10-53-20/64-magic-drc/magic-drc.log
07_drc_lvs/home/ubuntu/asic_projects1/alu64/runs/RUN_2026-09-02_10-53-20/64-magic-drc/magic-drc.process_stats.json
07_drc_lvs/home/ubuntu/asic_projects1/alu64/runs/RUN_2026-09-02_10-53-20/64-magic-drc/reports/drc.magic.lyrdb
07_drc_lvs/home/ubuntu/asic_projects1/alu64/runs/RUN_2026-09-02_10-53-20/64-magic-drc/reports/drc.magic.rpt
07_drc_lvs/home/ubuntu/asic_projects1/alu64/runs/RUN_2026-09-02_10-53-20/64-magic-drc/views/alu64_top.drc.mag
07_drc_lvs/home/ubuntu/asic_projects1/alu64/runs/RUN_2026-09-02_10-53-20/65-klayout-drc/klayout-drc.log
07_drc_lvs/home/ubuntu/asic_projects1/alu64/runs/RUN_2026-09-02_10-53-20/65-klayout-drc/klayout-drc.process_stats.json
07_drc_lvs/home/ubuntu/asic_projects1/alu64/runs/RUN_2026-09-02_10-53-20/65-klayout-drc/reports/drc.klayout.json
07_drc_lvs/home/ubuntu/asic_projects1/alu64/runs/RUN_2026-09-02_10-53-20/65-klayout-drc/reports/drc.klayout.lyrdb
07_drc_lvs/home/ubuntu/asic_projects1/alu64/runs/RUN_2026-09-02_10-53-20/65-klayout-drc/xml_drc_report_to_json.log
07_drc_lvs/home/ubuntu/asic_projects1/alu64/runs/RUN_2026-09-02_10-53-20/65-klayout-drc/xml_drc_report_to_json.process_stats.json
07_drc_lvs/home/ubuntu/asic_projects1/alu64/runs/RUN_2026-09-02_10-53-20/68-magic-spiceextraction/extraction/sky130_fd_sc_hd__xor2_2.ext
07_drc_lvs/home/ubuntu/asic_projects1/alu64/runs/RUN_2026-09-02_10-53-20/70-netgen-lvs/lvs_script.lvs
07_drc_lvs/home/ubuntu/asic_projects1/alu64/runs/RUN_2026-09-02_10-53-20/70-netgen-lvs/netgen-lvs.log
07_drc_lvs/home/ubuntu/asic_projects1/alu64/runs/RUN_2026-09-02_10-53-20/70-netgen-lvs/netgen-lvs.process_stats.json
07_drc_lvs/home/ubuntu/asic_projects1/alu64/runs/RUN_2026-09-02_10-53-20/70-netgen-lvs/reports/lvs.netgen.json
07_drc_lvs/home/ubuntu/asic_projects1/alu64/runs/RUN_2026-09-02_10-53-20/70-netgen-lvs/reports/lvs.netgen.rpt
08_final_layout/alu64_top.def
08_final_layout/alu64_top.gds
08_final_layout/alu64_top.lef
08_final_layout/alu64_top.nl.v
08_final_layout/alu64_top.spice
09_summary/ppa_summary.txt
area/antenna_summary.rpt
area/summary.rpt
drc_lvs/40-openroad-checkantennas/openroad-checkantennas.log
drc_lvs/40-openroad-checkantennas/openroad-checkantennas.process_stats.json
drc_lvs/40-openroad-checkantennas/reports/antenna.rpt
drc_lvs/40-openroad-checkantennas/reports/antenna_summary.rpt
drc_lvs/42-openroad-repairantennas/2-openroad-checkantennas/openroad-checkantennas.log
drc_lvs/42-openroad-repairantennas/2-openroad-checkantennas/openroad-checkantennas.process_stats.json
drc_lvs/42-openroad-repairantennas/2-openroad-checkantennas/reports/antenna.rpt
drc_lvs/42-openroad-repairantennas/2-openroad-checkantennas/reports/antenna_summary.rpt
drc_lvs/44-openroad-detailedrouting/alu64_top.drc
drc_lvs/44-openroad-detailedrouting/alu64_top.drc.xml
drc_lvs/44-openroad-detailedrouting/drt-run-0/alu64_top.drc
drc_lvs/44-openroad-detailedrouting/drt-run-0/alu64_top.drc.xml
drc_lvs/44-openroad-detailedrouting/drt-run-1/alu64_top.drc
drc_lvs/44-openroad-detailedrouting/drt-run-1/alu64_top.drc.xml
drc_lvs/44-openroad-detailedrouting/drt-run-2/alu64_top.drc
drc_lvs/44-openroad-detailedrouting/drt-run-2/alu64_top.drc.xml
drc_lvs/46-openroad-checkantennas-1/openroad-checkantennas-1.log
drc_lvs/46-openroad-checkantennas-1/openroad-checkantennas-1.process_stats.json
drc_lvs/46-openroad-checkantennas-1/reports/antenna.rpt
drc_lvs/46-openroad-checkantennas-1/reports/antenna_summary.rpt
drc_lvs/61-odb-checkdesignantennaproperties/odb-checkdesignantennaproperties.log
drc_lvs/61-odb-checkdesignantennaproperties/odb-checkdesignantennaproperties.process_stats.json
drc_lvs/62-klayout-xor/klayout-xor.log
drc_lvs/62-klayout-xor/klayout-xor.process_stats.json
drc_lvs/62-klayout-xor/xor.xml
drc_lvs/64-magic-drc/magic-drc.log
drc_lvs/64-magic-drc/magic-drc.process_stats.json
drc_lvs/64-magic-drc/reports/drc.magic.lyrdb
drc_lvs/64-magic-drc/reports/drc.magic.rpt
drc_lvs/64-magic-drc/views/alu64_top.drc.mag
drc_lvs/65-klayout-drc/klayout-drc.log
drc_lvs/65-klayout-drc/klayout-drc.process_stats.json
drc_lvs/65-klayout-drc/reports/drc.klayout.json
drc_lvs/65-klayout-drc/reports/drc.klayout.lyrdb
drc_lvs/65-klayout-drc/xml_drc_report_to_json.log
drc_lvs/65-klayout-drc/xml_drc_report_to_json.process_stats.json
drc_lvs/68-magic-spiceextraction/extraction/sky130_fd_sc_hd__xor2_2.ext
drc_lvs/70-netgen-lvs/lvs_script.lvs
drc_lvs/70-netgen-lvs/netgen-lvs.log
drc_lvs/70-netgen-lvs/netgen-lvs.process_stats.json
drc_lvs/70-netgen-lvs/reports/lvs.netgen.json
drc_lvs/70-netgen-lvs/reports/lvs.netgen.rpt
drc_lvs/alu64_top.drc
drc_lvs/alu64_top.drc.mag
drc_lvs/alu64_top.drc.xml
drc_lvs/antenna.rpt
drc_lvs/antenna_summary.rpt
drc_lvs/drc.klayout.json
drc_lvs/drc.klayout.lyrdb
drc_lvs/drc.magic.lyrdb
drc_lvs/drc.magic.rpt
drc_lvs/home/ubuntu/asic_projects1/alu64/runs/RUN_2026-09-02_10-53-20/40-openroad-checkantennas/openroad-checkantennas.log
drc_lvs/home/ubuntu/asic_projects1/alu64/runs/RUN_2026-09-02_10-53-20/40-openroad-checkantennas/openroad-checkantennas.process_stats.json
drc_lvs/home/ubuntu/asic_projects1/alu64/runs/RUN_2026-09-02_10-53-20/40-openroad-checkantennas/reports/antenna.rpt
drc_lvs/home/ubuntu/asic_projects1/alu64/runs/RUN_2026-09-02_10-53-20/40-openroad-checkantennas/reports/antenna_summary.rpt
drc_lvs/home/ubuntu/asic_projects1/alu64/runs/RUN_2026-09-02_10-53-20/42-openroad-repairantennas/2-openroad-checkantennas/openroad-checkantennas.log
drc_lvs/home/ubuntu/asic_projects1/alu64/runs/RUN_2026-09-02_10-53-20/42-openroad-repairantennas/2-openroad-checkantennas/openroad-checkantennas.process_stats.json
drc_lvs/home/ubuntu/asic_projects1/alu64/runs/RUN_2026-09-02_10-53-20/42-openroad-repairantennas/2-openroad-checkantennas/reports/antenna.rpt
drc_lvs/home/ubuntu/asic_projects1/alu64/runs/RUN_2026-09-02_10-53-20/42-openroad-repairantennas/2-openroad-checkantennas/reports/antenna_summary.rpt
drc_lvs/home/ubuntu/asic_projects1/alu64/runs/RUN_2026-09-02_10-53-20/44-openroad-detailedrouting/alu64_top.drc
drc_lvs/home/ubuntu/asic_projects1/alu64/runs/RUN_2026-09-02_10-53-20/44-openroad-detailedrouting/alu64_top.drc.xml
drc_lvs/home/ubuntu/asic_projects1/alu64/runs/RUN_2026-09-02_10-53-20/44-openroad-detailedrouting/drt-run-0/alu64_top.drc
drc_lvs/home/ubuntu/asic_projects1/alu64/runs/RUN_2026-09-02_10-53-20/44-openroad-detailedrouting/drt-run-0/alu64_top.drc.xml
drc_lvs/home/ubuntu/asic_projects1/alu64/runs/RUN_2026-09-02_10-53-20/44-openroad-detailedrouting/drt-run-1/alu64_top.drc
drc_lvs/home/ubuntu/asic_projects1/alu64/runs/RUN_2026-09-02_10-53-20/44-openroad-detailedrouting/drt-run-1/alu64_top.drc.xml
drc_lvs/home/ubuntu/asic_projects1/alu64/runs/RUN_2026-09-02_10-53-20/44-openroad-detailedrouting/drt-run-2/alu64_top.drc
drc_lvs/home/ubuntu/asic_projects1/alu64/runs/RUN_2026-09-02_10-53-20/44-openroad-detailedrouting/drt-run-2/alu64_top.drc.xml
drc_lvs/home/ubuntu/asic_projects1/alu64/runs/RUN_2026-09-02_10-53-20/46-openroad-checkantennas-1/openroad-checkantennas-1.log
drc_lvs/home/ubuntu/asic_projects1/alu64/runs/RUN_2026-09-02_10-53-20/46-openroad-checkantennas-1/openroad-checkantennas-1.process_stats.json
drc_lvs/home/ubuntu/asic_projects1/alu64/runs/RUN_2026-09-02_10-53-20/46-openroad-checkantennas-1/reports/antenna.rpt
drc_lvs/home/ubuntu/asic_projects1/alu64/runs/RUN_2026-09-02_10-53-20/46-openroad-checkantennas-1/reports/antenna_summary.rpt
drc_lvs/home/ubuntu/asic_projects1/alu64/runs/RUN_2026-09-02_10-53-20/61-odb-checkdesignantennaproperties/odb-checkdesignantennaproperties.log
drc_lvs/home/ubuntu/asic_projects1/alu64/runs/RUN_2026-09-02_10-53-20/61-odb-checkdesignantennaproperties/odb-checkdesignantennaproperties.process_stats.json
drc_lvs/home/ubuntu/asic_projects1/alu64/runs/RUN_2026-09-02_10-53-20/62-klayout-xor/klayout-xor.log
drc_lvs/home/ubuntu/asic_projects1/alu64/runs/RUN_2026-09-02_10-53-20/62-klayout-xor/klayout-xor.process_stats.json
drc_lvs/home/ubuntu/asic_projects1/alu64/runs/RUN_2026-09-02_10-53-20/62-klayout-xor/xor.xml
drc_lvs/home/ubuntu/asic_projects1/alu64/runs/RUN_2026-09-02_10-53-20/64-magic-drc/magic-drc.log
drc_lvs/home/ubuntu/asic_projects1/alu64/runs/RUN_2026-09-02_10-53-20/64-magic-drc/magic-drc.process_stats.json
drc_lvs/home/ubuntu/asic_projects1/alu64/runs/RUN_2026-09-02_10-53-20/64-magic-drc/reports/drc.magic.lyrdb
drc_lvs/home/ubuntu/asic_projects1/alu64/runs/RUN_2026-09-02_10-53-20/64-magic-drc/reports/drc.magic.rpt
drc_lvs/home/ubuntu/asic_projects1/alu64/runs/RUN_2026-09-02_10-53-20/64-magic-drc/views/alu64_top.drc.mag
drc_lvs/home/ubuntu/asic_projects1/alu64/runs/RUN_2026-09-02_10-53-20/65-klayout-drc/klayout-drc.log
drc_lvs/home/ubuntu/asic_projects1/alu64/runs/RUN_2026-09-02_10-53-20/65-klayout-drc/klayout-drc.process_stats.json
drc_lvs/home/ubuntu/asic_projects1/alu64/runs/RUN_2026-09-02_10-53-20/65-klayout-drc/reports/drc.klayout.json
drc_lvs/home/ubuntu/asic_projects1/alu64/runs/RUN_2026-09-02_10-53-20/65-klayout-drc/reports/drc.klayout.lyrdb
drc_lvs/home/ubuntu/asic_projects1/alu64/runs/RUN_2026-09-02_10-53-20/65-klayout-drc/xml_drc_report_to_json.log
drc_lvs/home/ubuntu/asic_projects1/alu64/runs/RUN_2026-09-02_10-53-20/65-klayout-drc/xml_drc_report_to_json.process_stats.json
drc_lvs/home/ubuntu/asic_projects1/alu64/runs/RUN_2026-09-02_10-53-20/68-magic-spiceextraction/extraction/sky130_fd_sc_hd__xor2_2.ext
drc_lvs/home/ubuntu/asic_projects1/alu64/runs/RUN_2026-09-02_10-53-20/70-netgen-lvs/lvs_script.lvs
drc_lvs/home/ubuntu/asic_projects1/alu64/runs/RUN_2026-09-02_10-53-20/70-netgen-lvs/netgen-lvs.log
drc_lvs/home/ubuntu/asic_projects1/alu64/runs/RUN_2026-09-02_10-53-20/70-netgen-lvs/netgen-lvs.process_stats.json
drc_lvs/home/ubuntu/asic_projects1/alu64/runs/RUN_2026-09-02_10-53-20/70-netgen-lvs/reports/lvs.netgen.json
drc_lvs/home/ubuntu/asic_projects1/alu64/runs/RUN_2026-09-02_10-53-20/70-netgen-lvs/reports/lvs.netgen.rpt
drc_lvs/klayout-drc.log
drc_lvs/klayout-drc.process_stats.json
drc_lvs/klayout-xor.log
drc_lvs/klayout-xor.process_stats.json
drc_lvs/lvs.netgen.json
drc_lvs/lvs.netgen.rpt
drc_lvs/lvs_script.lvs
drc_lvs/magic-drc.log
drc_lvs/magic-drc.process_stats.json
drc_lvs/netgen-lvs.log
drc_lvs/netgen-lvs.process_stats.json
drc_lvs/odb-checkdesignantennaproperties.log
drc_lvs/odb-checkdesignantennaproperties.process_stats.json
drc_lvs/openroad-checkantennas-1.log
drc_lvs/openroad-checkantennas-1.process_stats.json
drc_lvs/openroad-checkantennas.log
drc_lvs/openroad-checkantennas.process_stats.json
drc_lvs/sky130_fd_sc_hd__xor2_2.ext
drc_lvs/xml_drc_report_to_json.log
drc_lvs/xml_drc_report_to_json.process_stats.json
drc_lvs/xor.xml
final_layout/alu64_top.def
final_layout/alu64_top.gds
final_layout/alu64_top.klayout.gds
final_layout/alu64_top.lef
final_layout/alu64_top.magic.gds
final_layout/alu64_top.nl.v
final_layout/alu64_top.spice
final_layout/metrics.csv
final_layout/metrics.json
ir_drop/56-openroad-irdropreport/irdrop.rpt
ir_drop/home/ubuntu/asic_projects1/alu64/runs/RUN_2026-09-02_10-53-20/56-openroad-irdropreport/irdrop.rpt
ir_drop/irdrop.rpt
metrics/metrics.csv
metrics/metrics.json
metrics/resolved.json
power/12-openroad-staprepnr/nom_ff_n40C_1v95/power.rpt
power/12-openroad-staprepnr/nom_ss_100C_1v60/power.rpt
power/12-openroad-staprepnr/nom_tt_025C_1v80/power.rpt
power/31-openroad-stamidpnr/power.rpt
power/36-openroad-stamidpnr-1/power.rpt
power/38-openroad-stamidpnr-2/power.rpt
power/43-openroad-stamidpnr-3/power.rpt
power/55-openroad-stapostpnr/max_ff_n40C_1v95/power.rpt
power/55-openroad-stapostpnr/max_ss_100C_1v60/power.rpt
power/55-openroad-stapostpnr/max_tt_025C_1v80/power.rpt
power/55-openroad-stapostpnr/min_ff_n40C_1v95/power.rpt
power/55-openroad-stapostpnr/min_ss_100C_1v60/power.rpt
power/55-openroad-stapostpnr/min_tt_025C_1v80/power.rpt
power/55-openroad-stapostpnr/nom_ff_n40C_1v95/power.rpt
power/55-openroad-stapostpnr/nom_ss_100C_1v60/power.rpt
power/55-openroad-stapostpnr/nom_tt_025C_1v80/power.rpt
power/home/ubuntu/asic_projects1/alu64/runs/RUN_2026-09-02_10-53-20/12-openroad-staprepnr/nom_ff_n40C_1v95/power.rpt
power/home/ubuntu/asic_projects1/alu64/runs/RUN_2026-09-02_10-53-20/12-openroad-staprepnr/nom_ss_100C_1v60/power.rpt
power/home/ubuntu/asic_projects1/alu64/runs/RUN_2026-09-02_10-53-20/12-openroad-staprepnr/nom_tt_025C_1v80/power.rpt
power/home/ubuntu/asic_projects1/alu64/runs/RUN_2026-09-02_10-53-20/31-openroad-stamidpnr/power.rpt
power/home/ubuntu/asic_projects1/alu64/runs/RUN_2026-09-02_10-53-20/36-openroad-stamidpnr-1/power.rpt
power/home/ubuntu/asic_projects1/alu64/runs/RUN_2026-09-02_10-53-20/38-openroad-stamidpnr-2/power.rpt
power/home/ubuntu/asic_projects1/alu64/runs/RUN_2026-09-02_10-53-20/43-openroad-stamidpnr-3/power.rpt
power/home/ubuntu/asic_projects1/alu64/runs/RUN_2026-09-02_10-53-20/55-openroad-stapostpnr/max_ff_n40C_1v95/power.rpt
power/home/ubuntu/asic_projects1/alu64/runs/RUN_2026-09-02_10-53-20/55-openroad-stapostpnr/max_ss_100C_1v60/power.rpt
power/home/ubuntu/asic_projects1/alu64/runs/RUN_2026-09-02_10-53-20/55-openroad-stapostpnr/max_tt_025C_1v80/power.rpt
power/home/ubuntu/asic_projects1/alu64/runs/RUN_2026-09-02_10-53-20/55-openroad-stapostpnr/min_ff_n40C_1v95/power.rpt
power/home/ubuntu/asic_projects1/alu64/runs/RUN_2026-09-02_10-53-20/55-openroad-stapostpnr/min_ss_100C_1v60/power.rpt
power/home/ubuntu/asic_projects1/alu64/runs/RUN_2026-09-02_10-53-20/55-openroad-stapostpnr/min_tt_025C_1v80/power.rpt
power/home/ubuntu/asic_projects1/alu64/runs/RUN_2026-09-02_10-53-20/55-openroad-stapostpnr/nom_ff_n40C_1v95/power.rpt
power/home/ubuntu/asic_projects1/alu64/runs/RUN_2026-09-02_10-53-20/55-openroad-stapostpnr/nom_ss_100C_1v60/power.rpt
power/home/ubuntu/asic_projects1/alu64/runs/RUN_2026-09-02_10-53-20/55-openroad-stapostpnr/nom_tt_025C_1v80/power.rpt
power/power.rpt
timing/55-openroad-stapostpnr/max_ff_n40C_1v95/checks.rpt
timing/55-openroad-stapostpnr/max_ff_n40C_1v95/clock.rpt
timing/55-openroad-stapostpnr/max_ff_n40C_1v95/filter_unannotated.log
timing/55-openroad-stapostpnr/max_ff_n40C_1v95/max.rpt
timing/55-openroad-stapostpnr/max_ff_n40C_1v95/min.rpt
timing/55-openroad-stapostpnr/max_ff_n40C_1v95/power.rpt
timing/55-openroad-stapostpnr/max_ff_n40C_1v95/skew.max.rpt
timing/55-openroad-stapostpnr/max_ff_n40C_1v95/skew.min.rpt
timing/55-openroad-stapostpnr/max_ff_n40C_1v95/sta.log
timing/55-openroad-stapostpnr/max_ff_n40C_1v95/tns.max.rpt
timing/55-openroad-stapostpnr/max_ff_n40C_1v95/tns.min.rpt
timing/55-openroad-stapostpnr/max_ff_n40C_1v95/unpropagated.rpt
timing/55-openroad-stapostpnr/max_ff_n40C_1v95/violator_list.rpt
timing/55-openroad-stapostpnr/max_ff_n40C_1v95/wns.max.rpt
timing/55-openroad-stapostpnr/max_ff_n40C_1v95/wns.min.rpt
timing/55-openroad-stapostpnr/max_ff_n40C_1v95/ws.max.rpt
timing/55-openroad-stapostpnr/max_ff_n40C_1v95/ws.min.rpt
timing/55-openroad-stapostpnr/max_ss_100C_1v60/checks.rpt
timing/55-openroad-stapostpnr/max_ss_100C_1v60/clock.rpt
timing/55-openroad-stapostpnr/max_ss_100C_1v60/filter_unannotated.log
timing/55-openroad-stapostpnr/max_ss_100C_1v60/max.rpt
timing/55-openroad-stapostpnr/max_ss_100C_1v60/min.rpt
timing/55-openroad-stapostpnr/max_ss_100C_1v60/power.rpt
timing/55-openroad-stapostpnr/max_ss_100C_1v60/skew.max.rpt
timing/55-openroad-stapostpnr/max_ss_100C_1v60/skew.min.rpt
timing/55-openroad-stapostpnr/max_ss_100C_1v60/sta.log
timing/55-openroad-stapostpnr/max_ss_100C_1v60/tns.max.rpt
timing/55-openroad-stapostpnr/max_ss_100C_1v60/tns.min.rpt
timing/55-openroad-stapostpnr/max_ss_100C_1v60/unpropagated.rpt
timing/55-openroad-stapostpnr/max_ss_100C_1v60/violator_list.rpt
timing/55-openroad-stapostpnr/max_ss_100C_1v60/wns.max.rpt
timing/55-openroad-stapostpnr/max_ss_100C_1v60/wns.min.rpt
timing/55-openroad-stapostpnr/max_ss_100C_1v60/ws.max.rpt
timing/55-openroad-stapostpnr/max_ss_100C_1v60/ws.min.rpt
timing/55-openroad-stapostpnr/max_tt_025C_1v80/checks.rpt
timing/55-openroad-stapostpnr/max_tt_025C_1v80/clock.rpt
timing/55-openroad-stapostpnr/max_tt_025C_1v80/filter_unannotated.log
timing/55-openroad-stapostpnr/max_tt_025C_1v80/max.rpt
timing/55-openroad-stapostpnr/max_tt_025C_1v80/min.rpt
timing/55-openroad-stapostpnr/max_tt_025C_1v80/power.rpt
timing/55-openroad-stapostpnr/max_tt_025C_1v80/skew.max.rpt
timing/55-openroad-stapostpnr/max_tt_025C_1v80/skew.min.rpt
timing/55-openroad-stapostpnr/max_tt_025C_1v80/sta.log
timing/55-openroad-stapostpnr/max_tt_025C_1v80/tns.max.rpt
timing/55-openroad-stapostpnr/max_tt_025C_1v80/tns.min.rpt
timing/55-openroad-stapostpnr/max_tt_025C_1v80/unpropagated.rpt
timing/55-openroad-stapostpnr/max_tt_025C_1v80/violator_list.rpt
timing/55-openroad-stapostpnr/max_tt_025C_1v80/wns.max.rpt
timing/55-openroad-stapostpnr/max_tt_025C_1v80/wns.min.rpt
timing/55-openroad-stapostpnr/max_tt_025C_1v80/ws.max.rpt
timing/55-openroad-stapostpnr/max_tt_025C_1v80/ws.min.rpt
timing/55-openroad-stapostpnr/min_ff_n40C_1v95/checks.rpt
timing/55-openroad-stapostpnr/min_ff_n40C_1v95/clock.rpt
timing/55-openroad-stapostpnr/min_ff_n40C_1v95/filter_unannotated.log
timing/55-openroad-stapostpnr/min_ff_n40C_1v95/max.rpt
timing/55-openroad-stapostpnr/min_ff_n40C_1v95/min.rpt
timing/55-openroad-stapostpnr/min_ff_n40C_1v95/power.rpt
timing/55-openroad-stapostpnr/min_ff_n40C_1v95/skew.max.rpt
timing/55-openroad-stapostpnr/min_ff_n40C_1v95/skew.min.rpt
timing/55-openroad-stapostpnr/min_ff_n40C_1v95/sta.log
timing/55-openroad-stapostpnr/min_ff_n40C_1v95/tns.max.rpt
timing/55-openroad-stapostpnr/min_ff_n40C_1v95/tns.min.rpt
timing/55-openroad-stapostpnr/min_ff_n40C_1v95/unpropagated.rpt
timing/55-openroad-stapostpnr/min_ff_n40C_1v95/violator_list.rpt
timing/55-openroad-stapostpnr/min_ff_n40C_1v95/wns.max.rpt
timing/55-openroad-stapostpnr/min_ff_n40C_1v95/wns.min.rpt
timing/55-openroad-stapostpnr/min_ff_n40C_1v95/ws.max.rpt
timing/55-openroad-stapostpnr/min_ff_n40C_1v95/ws.min.rpt
timing/55-openroad-stapostpnr/min_ss_100C_1v60/checks.rpt
timing/55-openroad-stapostpnr/min_ss_100C_1v60/clock.rpt
timing/55-openroad-stapostpnr/min_ss_100C_1v60/filter_unannotated.log
timing/55-openroad-stapostpnr/min_ss_100C_1v60/max.rpt
timing/55-openroad-stapostpnr/min_ss_100C_1v60/min.rpt
timing/55-openroad-stapostpnr/min_ss_100C_1v60/power.rpt
timing/55-openroad-stapostpnr/min_ss_100C_1v60/skew.max.rpt
timing/55-openroad-stapostpnr/min_ss_100C_1v60/skew.min.rpt
timing/55-openroad-stapostpnr/min_ss_100C_1v60/sta.log
timing/55-openroad-stapostpnr/min_ss_100C_1v60/tns.max.rpt
timing/55-openroad-stapostpnr/min_ss_100C_1v60/tns.min.rpt
timing/55-openroad-stapostpnr/min_ss_100C_1v60/unpropagated.rpt
timing/55-openroad-stapostpnr/min_ss_100C_1v60/violator_list.rpt
timing/55-openroad-stapostpnr/min_ss_100C_1v60/wns.max.rpt
timing/55-openroad-stapostpnr/min_ss_100C_1v60/wns.min.rpt
timing/55-openroad-stapostpnr/min_ss_100C_1v60/ws.max.rpt
timing/55-openroad-stapostpnr/min_ss_100C_1v60/ws.min.rpt
timing/55-openroad-stapostpnr/min_tt_025C_1v80/checks.rpt
timing/55-openroad-stapostpnr/min_tt_025C_1v80/clock.rpt
timing/55-openroad-stapostpnr/min_tt_025C_1v80/filter_unannotated.log
timing/55-openroad-stapostpnr/min_tt_025C_1v80/max.rpt
timing/55-openroad-stapostpnr/min_tt_025C_1v80/min.rpt
timing/55-openroad-stapostpnr/min_tt_025C_1v80/power.rpt
timing/55-openroad-stapostpnr/min_tt_025C_1v80/skew.max.rpt
timing/55-openroad-stapostpnr/min_tt_025C_1v80/skew.min.rpt
timing/55-openroad-stapostpnr/min_tt_025C_1v80/sta.log
timing/55-openroad-stapostpnr/min_tt_025C_1v80/tns.max.rpt
timing/55-openroad-stapostpnr/min_tt_025C_1v80/tns.min.rpt
timing/55-openroad-stapostpnr/min_tt_025C_1v80/unpropagated.rpt
timing/55-openroad-stapostpnr/min_tt_025C_1v80/violator_list.rpt
timing/55-openroad-stapostpnr/min_tt_025C_1v80/wns.max.rpt
timing/55-openroad-stapostpnr/min_tt_025C_1v80/wns.min.rpt
timing/55-openroad-stapostpnr/min_tt_025C_1v80/ws.max.rpt
timing/55-openroad-stapostpnr/min_tt_025C_1v80/ws.min.rpt
timing/55-openroad-stapostpnr/nom_ff_n40C_1v95/checks.rpt
timing/55-openroad-stapostpnr/nom_ff_n40C_1v95/clock.rpt
timing/55-openroad-stapostpnr/nom_ff_n40C_1v95/filter_unannotated.log
timing/55-openroad-stapostpnr/nom_ff_n40C_1v95/max.rpt
timing/55-openroad-stapostpnr/nom_ff_n40C_1v95/min.rpt
timing/55-openroad-stapostpnr/nom_ff_n40C_1v95/power.rpt
timing/55-openroad-stapostpnr/nom_ff_n40C_1v95/skew.max.rpt
timing/55-openroad-stapostpnr/nom_ff_n40C_1v95/skew.min.rpt
timing/55-openroad-stapostpnr/nom_ff_n40C_1v95/sta.log
timing/55-openroad-stapostpnr/nom_ff_n40C_1v95/tns.max.rpt
timing/55-openroad-stapostpnr/nom_ff_n40C_1v95/tns.min.rpt
timing/55-openroad-stapostpnr/nom_ff_n40C_1v95/unpropagated.rpt
timing/55-openroad-stapostpnr/nom_ff_n40C_1v95/violator_list.rpt
timing/55-openroad-stapostpnr/nom_ff_n40C_1v95/wns.max.rpt
timing/55-openroad-stapostpnr/nom_ff_n40C_1v95/wns.min.rpt
timing/55-openroad-stapostpnr/nom_ff_n40C_1v95/ws.max.rpt
timing/55-openroad-stapostpnr/nom_ff_n40C_1v95/ws.min.rpt
timing/55-openroad-stapostpnr/nom_ss_100C_1v60/checks.rpt
timing/55-openroad-stapostpnr/nom_ss_100C_1v60/clock.rpt
timing/55-openroad-stapostpnr/nom_ss_100C_1v60/filter_unannotated.log
timing/55-openroad-stapostpnr/nom_ss_100C_1v60/max.rpt
timing/55-openroad-stapostpnr/nom_ss_100C_1v60/min.rpt
timing/55-openroad-stapostpnr/nom_ss_100C_1v60/power.rpt
timing/55-openroad-stapostpnr/nom_ss_100C_1v60/skew.max.rpt
timing/55-openroad-stapostpnr/nom_ss_100C_1v60/skew.min.rpt
timing/55-openroad-stapostpnr/nom_ss_100C_1v60/sta.log
timing/55-openroad-stapostpnr/nom_ss_100C_1v60/tns.max.rpt
timing/55-openroad-stapostpnr/nom_ss_100C_1v60/tns.min.rpt
timing/55-openroad-stapostpnr/nom_ss_100C_1v60/unpropagated.rpt
timing/55-openroad-stapostpnr/nom_ss_100C_1v60/violator_list.rpt
timing/55-openroad-stapostpnr/nom_ss_100C_1v60/wns.max.rpt
timing/55-openroad-stapostpnr/nom_ss_100C_1v60/wns.min.rpt
timing/55-openroad-stapostpnr/nom_ss_100C_1v60/ws.max.rpt
timing/55-openroad-stapostpnr/nom_ss_100C_1v60/ws.min.rpt
timing/55-openroad-stapostpnr/nom_tt_025C_1v80/checks.rpt
timing/55-openroad-stapostpnr/nom_tt_025C_1v80/clock.rpt
timing/55-openroad-stapostpnr/nom_tt_025C_1v80/filter_unannotated.log
timing/55-openroad-stapostpnr/nom_tt_025C_1v80/max.rpt
timing/55-openroad-stapostpnr/nom_tt_025C_1v80/min.rpt
timing/55-openroad-stapostpnr/nom_tt_025C_1v80/power.rpt
timing/55-openroad-stapostpnr/nom_tt_025C_1v80/skew.max.rpt
timing/55-openroad-stapostpnr/nom_tt_025C_1v80/skew.min.rpt
timing/55-openroad-stapostpnr/nom_tt_025C_1v80/sta.log
timing/55-openroad-stapostpnr/nom_tt_025C_1v80/tns.max.rpt
timing/55-openroad-stapostpnr/nom_tt_025C_1v80/tns.min.rpt
timing/55-openroad-stapostpnr/nom_tt_025C_1v80/unpropagated.rpt
timing/55-openroad-stapostpnr/nom_tt_025C_1v80/violator_list.rpt
timing/55-openroad-stapostpnr/nom_tt_025C_1v80/wns.max.rpt
timing/55-openroad-stapostpnr/nom_tt_025C_1v80/wns.min.rpt
timing/55-openroad-stapostpnr/nom_tt_025C_1v80/ws.max.rpt
timing/55-openroad-stapostpnr/nom_tt_025C_1v80/ws.min.rpt
timing/55-openroad-stapostpnr/summary.rpt
timing/home/ubuntu/asic_projects1/alu64/runs/RUN_2026-09-02_10-53-20/55-openroad-stapostpnr/max_ff_n40C_1v95/checks.rpt
timing/home/ubuntu/asic_projects1/alu64/runs/RUN_2026-09-02_10-53-20/55-openroad-stapostpnr/max_ff_n40C_1v95/clock.rpt
timing/home/ubuntu/asic_projects1/alu64/runs/RUN_2026-09-02_10-53-20/55-openroad-stapostpnr/max_ff_n40C_1v95/filter_unannotated.log
timing/home/ubuntu/asic_projects1/alu64/runs/RUN_2026-09-02_10-53-20/55-openroad-stapostpnr/max_ff_n40C_1v95/max.rpt
timing/home/ubuntu/asic_projects1/alu64/runs/RUN_2026-09-02_10-53-20/55-openroad-stapostpnr/max_ff_n40C_1v95/min.rpt
timing/home/ubuntu/asic_projects1/alu64/runs/RUN_2026-09-02_10-53-20/55-openroad-stapostpnr/max_ff_n40C_1v95/power.rpt
timing/home/ubuntu/asic_projects1/alu64/runs/RUN_2026-09-02_10-53-20/55-openroad-stapostpnr/max_ff_n40C_1v95/skew.max.rpt
timing/home/ubuntu/asic_projects1/alu64/runs/RUN_2026-09-02_10-53-20/55-openroad-stapostpnr/max_ff_n40C_1v95/skew.min.rpt
timing/home/ubuntu/asic_projects1/alu64/runs/RUN_2026-09-02_10-53-20/55-openroad-stapostpnr/max_ff_n40C_1v95/sta.log
timing/home/ubuntu/asic_projects1/alu64/runs/RUN_2026-09-02_10-53-20/55-openroad-stapostpnr/max_ff_n40C_1v95/tns.max.rpt
timing/home/ubuntu/asic_projects1/alu64/runs/RUN_2026-09-02_10-53-20/55-openroad-stapostpnr/max_ff_n40C_1v95/tns.min.rpt
timing/home/ubuntu/asic_projects1/alu64/runs/RUN_2026-09-02_10-53-20/55-openroad-stapostpnr/max_ff_n40C_1v95/unpropagated.rpt
timing/home/ubuntu/asic_projects1/alu64/runs/RUN_2026-09-02_10-53-20/55-openroad-stapostpnr/max_ff_n40C_1v95/violator_list.rpt
timing/home/ubuntu/asic_projects1/alu64/runs/RUN_2026-09-02_10-53-20/55-openroad-stapostpnr/max_ff_n40C_1v95/wns.max.rpt
timing/home/ubuntu/asic_projects1/alu64/runs/RUN_2026-09-02_10-53-20/55-openroad-stapostpnr/max_ff_n40C_1v95/wns.min.rpt
timing/home/ubuntu/asic_projects1/alu64/runs/RUN_2026-09-02_10-53-20/55-openroad-stapostpnr/max_ff_n40C_1v95/ws.max.rpt
timing/home/ubuntu/asic_projects1/alu64/runs/RUN_2026-09-02_10-53-20/55-openroad-stapostpnr/max_ff_n40C_1v95/ws.min.rpt
timing/home/ubuntu/asic_projects1/alu64/runs/RUN_2026-09-02_10-53-20/55-openroad-stapostpnr/max_ss_100C_1v60/checks.rpt
timing/home/ubuntu/asic_projects1/alu64/runs/RUN_2026-09-02_10-53-20/55-openroad-stapostpnr/max_ss_100C_1v60/clock.rpt
timing/home/ubuntu/asic_projects1/alu64/runs/RUN_2026-09-02_10-53-20/55-openroad-stapostpnr/max_ss_100C_1v60/filter_unannotated.log
timing/home/ubuntu/asic_projects1/alu64/runs/RUN_2026-09-02_10-53-20/55-openroad-stapostpnr/max_ss_100C_1v60/max.rpt
timing/home/ubuntu/asic_projects1/alu64/runs/RUN_2026-09-02_10-53-20/55-openroad-stapostpnr/max_ss_100C_1v60/min.rpt
timing/home/ubuntu/asic_projects1/alu64/runs/RUN_2026-09-02_10-53-20/55-openroad-stapostpnr/max_ss_100C_1v60/power.rpt
timing/home/ubuntu/asic_projects1/alu64/runs/RUN_2026-09-02_10-53-20/55-openroad-stapostpnr/max_ss_100C_1v60/skew.max.rpt
timing/home/ubuntu/asic_projects1/alu64/runs/RUN_2026-09-02_10-53-20/55-openroad-stapostpnr/max_ss_100C_1v60/skew.min.rpt
timing/home/ubuntu/asic_projects1/alu64/runs/RUN_2026-09-02_10-53-20/55-openroad-stapostpnr/max_ss_100C_1v60/sta.log
timing/home/ubuntu/asic_projects1/alu64/runs/RUN_2026-09-02_10-53-20/55-openroad-stapostpnr/max_ss_100C_1v60/tns.max.rpt
timing/home/ubuntu/asic_projects1/alu64/runs/RUN_2026-09-02_10-53-20/55-openroad-stapostpnr/max_ss_100C_1v60/tns.min.rpt
timing/home/ubuntu/asic_projects1/alu64/runs/RUN_2026-09-02_10-53-20/55-openroad-stapostpnr/max_ss_100C_1v60/unpropagated.rpt
timing/home/ubuntu/asic_projects1/alu64/runs/RUN_2026-09-02_10-53-20/55-openroad-stapostpnr/max_ss_100C_1v60/violator_list.rpt
timing/home/ubuntu/asic_projects1/alu64/runs/RUN_2026-09-02_10-53-20/55-openroad-stapostpnr/max_ss_100C_1v60/wns.max.rpt
timing/home/ubuntu/asic_projects1/alu64/runs/RUN_2026-09-02_10-53-20/55-openroad-stapostpnr/max_ss_100C_1v60/wns.min.rpt
timing/home/ubuntu/asic_projects1/alu64/runs/RUN_2026-09-02_10-53-20/55-openroad-stapostpnr/max_ss_100C_1v60/ws.max.rpt
timing/home/ubuntu/asic_projects1/alu64/runs/RUN_2026-09-02_10-53-20/55-openroad-stapostpnr/max_ss_100C_1v60/ws.min.rpt
timing/home/ubuntu/asic_projects1/alu64/runs/RUN_2026-09-02_10-53-20/55-openroad-stapostpnr/max_tt_025C_1v80/checks.rpt
timing/home/ubuntu/asic_projects1/alu64/runs/RUN_2026-09-02_10-53-20/55-openroad-stapostpnr/max_tt_025C_1v80/clock.rpt
timing/home/ubuntu/asic_projects1/alu64/runs/RUN_2026-09-02_10-53-20/55-openroad-stapostpnr/max_tt_025C_1v80/filter_unannotated.log
timing/home/ubuntu/asic_projects1/alu64/runs/RUN_2026-09-02_10-53-20/55-openroad-stapostpnr/max_tt_025C_1v80/max.rpt
timing/home/ubuntu/asic_projects1/alu64/runs/RUN_2026-09-02_10-53-20/55-openroad-stapostpnr/max_tt_025C_1v80/min.rpt
timing/home/ubuntu/asic_projects1/alu64/runs/RUN_2026-09-02_10-53-20/55-openroad-stapostpnr/max_tt_025C_1v80/power.rpt
timing/home/ubuntu/asic_projects1/alu64/runs/RUN_2026-09-02_10-53-20/55-openroad-stapostpnr/max_tt_025C_1v80/skew.max.rpt
timing/home/ubuntu/asic_projects1/alu64/runs/RUN_2026-09-02_10-53-20/55-openroad-stapostpnr/max_tt_025C_1v80/skew.min.rpt
timing/home/ubuntu/asic_projects1/alu64/runs/RUN_2026-09-02_10-53-20/55-openroad-stapostpnr/max_tt_025C_1v80/sta.log
timing/home/ubuntu/asic_projects1/alu64/runs/RUN_2026-09-02_10-53-20/55-openroad-stapostpnr/max_tt_025C_1v80/tns.max.rpt
timing/home/ubuntu/asic_projects1/alu64/runs/RUN_2026-09-02_10-53-20/55-openroad-stapostpnr/max_tt_025C_1v80/tns.min.rpt
timing/home/ubuntu/asic_projects1/alu64/runs/RUN_2026-09-02_10-53-20/55-openroad-stapostpnr/max_tt_025C_1v80/unpropagated.rpt
timing/home/ubuntu/asic_projects1/alu64/runs/RUN_2026-09-02_10-53-20/55-openroad-stapostpnr/max_tt_025C_1v80/violator_list.rpt
timing/home/ubuntu/asic_projects1/alu64/runs/RUN_2026-09-02_10-53-20/55-openroad-stapostpnr/max_tt_025C_1v80/wns.max.rpt
timing/home/ubuntu/asic_projects1/alu64/runs/RUN_2026-09-02_10-53-20/55-openroad-stapostpnr/max_tt_025C_1v80/wns.min.rpt
timing/home/ubuntu/asic_projects1/alu64/runs/RUN_2026-09-02_10-53-20/55-openroad-stapostpnr/max_tt_025C_1v80/ws.max.rpt
timing/home/ubuntu/asic_projects1/alu64/runs/RUN_2026-09-02_10-53-20/55-openroad-stapostpnr/max_tt_025C_1v80/ws.min.rpt
timing/home/ubuntu/asic_projects1/alu64/runs/RUN_2026-09-02_10-53-20/55-openroad-stapostpnr/min_ff_n40C_1v95/checks.rpt
timing/home/ubuntu/asic_projects1/alu64/runs/RUN_2026-09-02_10-53-20/55-openroad-stapostpnr/min_ff_n40C_1v95/clock.rpt
timing/home/ubuntu/asic_projects1/alu64/runs/RUN_2026-09-02_10-53-20/55-openroad-stapostpnr/min_ff_n40C_1v95/filter_unannotated.log
timing/home/ubuntu/asic_projects1/alu64/runs/RUN_2026-09-02_10-53-20/55-openroad-stapostpnr/min_ff_n40C_1v95/max.rpt
timing/home/ubuntu/asic_projects1/alu64/runs/RUN_2026-09-02_10-53-20/55-openroad-stapostpnr/min_ff_n40C_1v95/min.rpt
timing/home/ubuntu/asic_projects1/alu64/runs/RUN_2026-09-02_10-53-20/55-openroad-stapostpnr/min_ff_n40C_1v95/power.rpt
timing/home/ubuntu/asic_projects1/alu64/runs/RUN_2026-09-02_10-53-20/55-openroad-stapostpnr/min_ff_n40C_1v95/skew.max.rpt
timing/home/ubuntu/asic_projects1/alu64/runs/RUN_2026-09-02_10-53-20/55-openroad-stapostpnr/min_ff_n40C_1v95/skew.min.rpt
timing/home/ubuntu/asic_projects1/alu64/runs/RUN_2026-09-02_10-53-20/55-openroad-stapostpnr/min_ff_n40C_1v95/sta.log
timing/home/ubuntu/asic_projects1/alu64/runs/RUN_2026-09-02_10-53-20/55-openroad-stapostpnr/min_ff_n40C_1v95/tns.max.rpt
timing/home/ubuntu/asic_projects1/alu64/runs/RUN_2026-09-02_10-53-20/55-openroad-stapostpnr/min_ff_n40C_1v95/tns.min.rpt
timing/home/ubuntu/asic_projects1/alu64/runs/RUN_2026-09-02_10-53-20/55-openroad-stapostpnr/min_ff_n40C_1v95/unpropagated.rpt
timing/home/ubuntu/asic_projects1/alu64/runs/RUN_2026-09-02_10-53-20/55-openroad-stapostpnr/min_ff_n40C_1v95/violator_list.rpt
timing/home/ubuntu/asic_projects1/alu64/runs/RUN_2026-09-02_10-53-20/55-openroad-stapostpnr/min_ff_n40C_1v95/wns.max.rpt
timing/home/ubuntu/asic_projects1/alu64/runs/RUN_2026-09-02_10-53-20/55-openroad-stapostpnr/min_ff_n40C_1v95/wns.min.rpt
timing/home/ubuntu/asic_projects1/alu64/runs/RUN_2026-09-02_10-53-20/55-openroad-stapostpnr/min_ff_n40C_1v95/ws.max.rpt
timing/home/ubuntu/asic_projects1/alu64/runs/RUN_2026-09-02_10-53-20/55-openroad-stapostpnr/min_ff_n40C_1v95/ws.min.rpt
timing/home/ubuntu/asic_projects1/alu64/runs/RUN_2026-09-02_10-53-20/55-openroad-stapostpnr/min_ss_100C_1v60/checks.rpt
timing/home/ubuntu/asic_projects1/alu64/runs/RUN_2026-09-02_10-53-20/55-openroad-stapostpnr/min_ss_100C_1v60/clock.rpt
timing/home/ubuntu/asic_projects1/alu64/runs/RUN_2026-09-02_10-53-20/55-openroad-stapostpnr/min_ss_100C_1v60/filter_unannotated.log
timing/home/ubuntu/asic_projects1/alu64/runs/RUN_2026-09-02_10-53-20/55-openroad-stapostpnr/min_ss_100C_1v60/max.rpt
timing/home/ubuntu/asic_projects1/alu64/runs/RUN_2026-09-02_10-53-20/55-openroad-stapostpnr/min_ss_100C_1v60/min.rpt
timing/home/ubuntu/asic_projects1/alu64/runs/RUN_2026-09-02_10-53-20/55-openroad-stapostpnr/min_ss_100C_1v60/power.rpt
timing/home/ubuntu/asic_projects1/alu64/runs/RUN_2026-09-02_10-53-20/55-openroad-stapostpnr/min_ss_100C_1v60/skew.max.rpt
timing/home/ubuntu/asic_projects1/alu64/runs/RUN_2026-09-02_10-53-20/55-openroad-stapostpnr/min_ss_100C_1v60/skew.min.rpt
timing/home/ubuntu/asic_projects1/alu64/runs/RUN_2026-09-02_10-53-20/55-openroad-stapostpnr/min_ss_100C_1v60/sta.log
timing/home/ubuntu/asic_projects1/alu64/runs/RUN_2026-09-02_10-53-20/55-openroad-stapostpnr/min_ss_100C_1v60/tns.max.rpt
timing/home/ubuntu/asic_projects1/alu64/runs/RUN_2026-09-02_10-53-20/55-openroad-stapostpnr/min_ss_100C_1v60/tns.min.rpt
timing/home/ubuntu/asic_projects1/alu64/runs/RUN_2026-09-02_10-53-20/55-openroad-stapostpnr/min_ss_100C_1v60/unpropagated.rpt
timing/home/ubuntu/asic_projects1/alu64/runs/RUN_2026-09-02_10-53-20/55-openroad-stapostpnr/min_ss_100C_1v60/violator_list.rpt
timing/home/ubuntu/asic_projects1/alu64/runs/RUN_2026-09-02_10-53-20/55-openroad-stapostpnr/min_ss_100C_1v60/wns.max.rpt
timing/home/ubuntu/asic_projects1/alu64/runs/RUN_2026-09-02_10-53-20/55-openroad-stapostpnr/min_ss_100C_1v60/wns.min.rpt
timing/home/ubuntu/asic_projects1/alu64/runs/RUN_2026-09-02_10-53-20/55-openroad-stapostpnr/min_ss_100C_1v60/ws.max.rpt
timing/home/ubuntu/asic_projects1/alu64/runs/RUN_2026-09-02_10-53-20/55-openroad-stapostpnr/min_ss_100C_1v60/ws.min.rpt
timing/home/ubuntu/asic_projects1/alu64/runs/RUN_2026-09-02_10-53-20/55-openroad-stapostpnr/min_tt_025C_1v80/checks.rpt
timing/home/ubuntu/asic_projects1/alu64/runs/RUN_2026-09-02_10-53-20/55-openroad-stapostpnr/min_tt_025C_1v80/clock.rpt
timing/home/ubuntu/asic_projects1/alu64/runs/RUN_2026-09-02_10-53-20/55-openroad-stapostpnr/min_tt_025C_1v80/filter_unannotated.log
timing/home/ubuntu/asic_projects1/alu64/runs/RUN_2026-09-02_10-53-20/55-openroad-stapostpnr/min_tt_025C_1v80/max.rpt
timing/home/ubuntu/asic_projects1/alu64/runs/RUN_2026-09-02_10-53-20/55-openroad-stapostpnr/min_tt_025C_1v80/min.rpt
timing/home/ubuntu/asic_projects1/alu64/runs/RUN_2026-09-02_10-53-20/55-openroad-stapostpnr/min_tt_025C_1v80/power.rpt
timing/home/ubuntu/asic_projects1/alu64/runs/RUN_2026-09-02_10-53-20/55-openroad-stapostpnr/min_tt_025C_1v80/skew.max.rpt
timing/home/ubuntu/asic_projects1/alu64/runs/RUN_2026-09-02_10-53-20/55-openroad-stapostpnr/min_tt_025C_1v80/skew.min.rpt
timing/home/ubuntu/asic_projects1/alu64/runs/RUN_2026-09-02_10-53-20/55-openroad-stapostpnr/min_tt_025C_1v80/sta.log
timing/home/ubuntu/asic_projects1/alu64/runs/RUN_2026-09-02_10-53-20/55-openroad-stapostpnr/min_tt_025C_1v80/tns.max.rpt
timing/home/ubuntu/asic_projects1/alu64/runs/RUN_2026-09-02_10-53-20/55-openroad-stapostpnr/min_tt_025C_1v80/tns.min.rpt
timing/home/ubuntu/asic_projects1/alu64/runs/RUN_2026-09-02_10-53-20/55-openroad-stapostpnr/min_tt_025C_1v80/unpropagated.rpt
timing/home/ubuntu/asic_projects1/alu64/runs/RUN_2026-09-02_10-53-20/55-openroad-stapostpnr/min_tt_025C_1v80/violator_list.rpt
timing/home/ubuntu/asic_projects1/alu64/runs/RUN_2026-09-02_10-53-20/55-openroad-stapostpnr/min_tt_025C_1v80/wns.max.rpt
timing/home/ubuntu/asic_projects1/alu64/runs/RUN_2026-09-02_10-53-20/55-openroad-stapostpnr/min_tt_025C_1v80/wns.min.rpt
timing/home/ubuntu/asic_projects1/alu64/runs/RUN_2026-09-02_10-53-20/55-openroad-stapostpnr/min_tt_025C_1v80/ws.max.rpt
timing/home/ubuntu/asic_projects1/alu64/runs/RUN_2026-09-02_10-53-20/55-openroad-stapostpnr/min_tt_025C_1v80/ws.min.rpt
timing/home/ubuntu/asic_projects1/alu64/runs/RUN_2026-09-02_10-53-20/55-openroad-stapostpnr/nom_ff_n40C_1v95/checks.rpt
timing/home/ubuntu/asic_projects1/alu64/runs/RUN_2026-09-02_10-53-20/55-openroad-stapostpnr/nom_ff_n40C_1v95/clock.rpt
timing/home/ubuntu/asic_projects1/alu64/runs/RUN_2026-09-02_10-53-20/55-openroad-stapostpnr/nom_ff_n40C_1v95/filter_unannotated.log
timing/home/ubuntu/asic_projects1/alu64/runs/RUN_2026-09-02_10-53-20/55-openroad-stapostpnr/nom_ff_n40C_1v95/max.rpt
timing/home/ubuntu/asic_projects1/alu64/runs/RUN_2026-09-02_10-53-20/55-openroad-stapostpnr/nom_ff_n40C_1v95/min.rpt
timing/home/ubuntu/asic_projects1/alu64/runs/RUN_2026-09-02_10-53-20/55-openroad-stapostpnr/nom_ff_n40C_1v95/power.rpt
timing/home/ubuntu/asic_projects1/alu64/runs/RUN_2026-09-02_10-53-20/55-openroad-stapostpnr/nom_ff_n40C_1v95/skew.max.rpt
timing/home/ubuntu/asic_projects1/alu64/runs/RUN_2026-09-02_10-53-20/55-openroad-stapostpnr/nom_ff_n40C_1v95/skew.min.rpt
timing/home/ubuntu/asic_projects1/alu64/runs/RUN_2026-09-02_10-53-20/55-openroad-stapostpnr/nom_ff_n40C_1v95/sta.log
timing/home/ubuntu/asic_projects1/alu64/runs/RUN_2026-09-02_10-53-20/55-openroad-stapostpnr/nom_ff_n40C_1v95/tns.max.rpt
timing/home/ubuntu/asic_projects1/alu64/runs/RUN_2026-09-02_10-53-20/55-openroad-stapostpnr/nom_ff_n40C_1v95/tns.min.rpt
timing/home/ubuntu/asic_projects1/alu64/runs/RUN_2026-09-02_10-53-20/55-openroad-stapostpnr/nom_ff_n40C_1v95/unpropagated.rpt
timing/home/ubuntu/asic_projects1/alu64/runs/RUN_2026-09-02_10-53-20/55-openroad-stapostpnr/nom_ff_n40C_1v95/violator_list.rpt
timing/home/ubuntu/asic_projects1/alu64/runs/RUN_2026-09-02_10-53-20/55-openroad-stapostpnr/nom_ff_n40C_1v95/wns.max.rpt
timing/home/ubuntu/asic_projects1/alu64/runs/RUN_2026-09-02_10-53-20/55-openroad-stapostpnr/nom_ff_n40C_1v95/wns.min.rpt
timing/home/ubuntu/asic_projects1/alu64/runs/RUN_2026-09-02_10-53-20/55-openroad-stapostpnr/nom_ff_n40C_1v95/ws.max.rpt
timing/home/ubuntu/asic_projects1/alu64/runs/RUN_2026-09-02_10-53-20/55-openroad-stapostpnr/nom_ff_n40C_1v95/ws.min.rpt
timing/home/ubuntu/asic_projects1/alu64/runs/RUN_2026-09-02_10-53-20/55-openroad-stapostpnr/nom_ss_100C_1v60/checks.rpt
timing/home/ubuntu/asic_projects1/alu64/runs/RUN_2026-09-02_10-53-20/55-openroad-stapostpnr/nom_ss_100C_1v60/clock.rpt
timing/home/ubuntu/asic_projects1/alu64/runs/RUN_2026-09-02_10-53-20/55-openroad-stapostpnr/nom_ss_100C_1v60/filter_unannotated.log
timing/home/ubuntu/asic_projects1/alu64/runs/RUN_2026-09-02_10-53-20/55-openroad-stapostpnr/nom_ss_100C_1v60/max.rpt
timing/home/ubuntu/asic_projects1/alu64/runs/RUN_2026-09-02_10-53-20/55-openroad-stapostpnr/nom_ss_100C_1v60/min.rpt
timing/home/ubuntu/asic_projects1/alu64/runs/RUN_2026-09-02_10-53-20/55-openroad-stapostpnr/nom_ss_100C_1v60/power.rpt
timing/home/ubuntu/asic_projects1/alu64/runs/RUN_2026-09-02_10-53-20/55-openroad-stapostpnr/nom_ss_100C_1v60/skew.max.rpt
timing/home/ubuntu/asic_projects1/alu64/runs/RUN_2026-09-02_10-53-20/55-openroad-stapostpnr/nom_ss_100C_1v60/skew.min.rpt
timing/home/ubuntu/asic_projects1/alu64/runs/RUN_2026-09-02_10-53-20/55-openroad-stapostpnr/nom_ss_100C_1v60/sta.log
timing/home/ubuntu/asic_projects1/alu64/runs/RUN_2026-09-02_10-53-20/55-openroad-stapostpnr/nom_ss_100C_1v60/tns.max.rpt
timing/home/ubuntu/asic_projects1/alu64/runs/RUN_2026-09-02_10-53-20/55-openroad-stapostpnr/nom_ss_100C_1v60/tns.min.rpt
timing/home/ubuntu/asic_projects1/alu64/runs/RUN_2026-09-02_10-53-20/55-openroad-stapostpnr/nom_ss_100C_1v60/unpropagated.rpt
timing/home/ubuntu/asic_projects1/alu64/runs/RUN_2026-09-02_10-53-20/55-openroad-stapostpnr/nom_ss_100C_1v60/violator_list.rpt
timing/home/ubuntu/asic_projects1/alu64/runs/RUN_2026-09-02_10-53-20/55-openroad-stapostpnr/nom_ss_100C_1v60/wns.max.rpt
timing/home/ubuntu/asic_projects1/alu64/runs/RUN_2026-09-02_10-53-20/55-openroad-stapostpnr/nom_ss_100C_1v60/wns.min.rpt
timing/home/ubuntu/asic_projects1/alu64/runs/RUN_2026-09-02_10-53-20/55-openroad-stapostpnr/nom_ss_100C_1v60/ws.max.rpt
timing/home/ubuntu/asic_projects1/alu64/runs/RUN_2026-09-02_10-53-20/55-openroad-stapostpnr/nom_ss_100C_1v60/ws.min.rpt
timing/home/ubuntu/asic_projects1/alu64/runs/RUN_2026-09-02_10-53-20/55-openroad-stapostpnr/nom_tt_025C_1v80/checks.rpt
timing/home/ubuntu/asic_projects1/alu64/runs/RUN_2026-09-02_10-53-20/55-openroad-stapostpnr/nom_tt_025C_1v80/clock.rpt
timing/home/ubuntu/asic_projects1/alu64/runs/RUN_2026-09-02_10-53-20/55-openroad-stapostpnr/nom_tt_025C_1v80/filter_unannotated.log
timing/home/ubuntu/asic_projects1/alu64/runs/RUN_2026-09-02_10-53-20/55-openroad-stapostpnr/nom_tt_025C_1v80/max.rpt
timing/home/ubuntu/asic_projects1/alu64/runs/RUN_2026-09-02_10-53-20/55-openroad-stapostpnr/nom_tt_025C_1v80/min.rpt
timing/home/ubuntu/asic_projects1/alu64/runs/RUN_2026-09-02_10-53-20/55-openroad-stapostpnr/nom_tt_025C_1v80/power.rpt
timing/home/ubuntu/asic_projects1/alu64/runs/RUN_2026-09-02_10-53-20/55-openroad-stapostpnr/nom_tt_025C_1v80/skew.max.rpt
timing/home/ubuntu/asic_projects1/alu64/runs/RUN_2026-09-02_10-53-20/55-openroad-stapostpnr/nom_tt_025C_1v80/skew.min.rpt
timing/home/ubuntu/asic_projects1/alu64/runs/RUN_2026-09-02_10-53-20/55-openroad-stapostpnr/nom_tt_025C_1v80/sta.log
timing/home/ubuntu/asic_projects1/alu64/runs/RUN_2026-09-02_10-53-20/55-openroad-stapostpnr/nom_tt_025C_1v80/tns.max.rpt
timing/home/ubuntu/asic_projects1/alu64/runs/RUN_2026-09-02_10-53-20/55-openroad-stapostpnr/nom_tt_025C_1v80/tns.min.rpt
timing/home/ubuntu/asic_projects1/alu64/runs/RUN_2026-09-02_10-53-20/55-openroad-stapostpnr/nom_tt_025C_1v80/unpropagated.rpt
timing/home/ubuntu/asic_projects1/alu64/runs/RUN_2026-09-02_10-53-20/55-openroad-stapostpnr/nom_tt_025C_1v80/violator_list.rpt
timing/home/ubuntu/asic_projects1/alu64/runs/RUN_2026-09-02_10-53-20/55-openroad-stapostpnr/nom_tt_025C_1v80/wns.max.rpt
timing/home/ubuntu/asic_projects1/alu64/runs/RUN_2026-09-02_10-53-20/55-openroad-stapostpnr/nom_tt_025C_1v80/wns.min.rpt
timing/home/ubuntu/asic_projects1/alu64/runs/RUN_2026-09-02_10-53-20/55-openroad-stapostpnr/nom_tt_025C_1v80/ws.max.rpt
timing/home/ubuntu/asic_projects1/alu64/runs/RUN_2026-09-02_10-53-20/55-openroad-stapostpnr/nom_tt_025C_1v80/ws.min.rpt
timing/home/ubuntu/asic_projects1/alu64/runs/RUN_2026-09-02_10-53-20/55-openroad-stapostpnr/summary.rpt
timing/max.rpt
timing/min.rpt
timing/summary.rpt
timing/wns.max.rpt
timing/wns.min.rpt
timing/ws.max.rpt
timing/ws.min.rpt

============================================================
DONE
============================================================