Clock: clk
Sources: clk 
Generated: no
Virtual: yes
Propagated: no
Period: 10.000000

===========================================================================
report_clock_properties
============================================================================
Clock                   Period          Waveform
----------------------------------------------------
clk                  10.000000    0.000000  5.000000

===========================================================================
report_clock_latency
============================================================================
Clock clk
rise -> rise
    min     max
0.000000 0.000000 source latency
0.407468         network latency _8299_/CLK
        0.434410 network latency _8241_/CLK
---------------
0.407468 0.434410 latency
        0.026941 skew

fall -> fall
    min     max
0.000000 0.000000 source latency
0.398822         network latency _8299_/CLK
        0.424955 network latency _8241_/CLK
---------------
0.398822 0.424955 latency
        0.026133 skew



===========================================================================
report_clock_min_period
============================================================================
clk period_min = 4.90 fmax = 203.93
