┏━━━━━━━┳━━━━━━━━━┳━━━━━━━━━━┳━━━━━━━━━━━━━━━━━━━━━━┳━━━━━━━━━━━━━┳━━━━━━━┓
┃ P / R ┃ Partial ┃ Required ┃ Net                  ┃ Pin         ┃ Layer ┃
┡━━━━━━━╇━━━━━━━━━╇━━━━━━━━━━╇━━━━━━━━━━━━━━━━━━━━━━╇━━━━━━━━━━━━━╇━━━━━━━┩
│ 3.75  │ 1498.48 │ 400.00   │ _0363_               │ _8295_/D    │ met3  │
│ 2.80  │ 1118.04 │ 400.00   │ _1441_               │ _5815_/A1_N │ met3  │
│ 2.62  │ 1048.60 │ 400.00   │ net219               │ _7509_/A2   │ met3  │
│ 2.25  │ 901.14  │ 400.00   │ _2653_               │ _6555_/A    │ met3  │
│ 1.99  │ 797.52  │ 400.00   │ _3212_               │ _7119_/C    │ met3  │
│ 1.93  │ 770.87  │ 400.00   │ _1444_               │ _7509_/A3   │ met3  │
│ 1.80  │ 718.25  │ 400.00   │ _3027_               │ _6931_/C1   │ met3  │
│ 1.79  │ 716.76  │ 400.00   │ u_pipeline.a_s2[44\] │ _5229_/A1   │ met1  │
│ 1.77  │ 709.90  │ 400.00   │ _2091_               │ _5963_/C    │ met3  │
│ 1.72  │ 688.72  │ 400.00   │ u_pipeline.a_s2[45\] │ _5233_/A0   │ met1  │
│ 1.61  │ 644.31  │ 400.00   │ _0420_               │ _8352_/D    │ met1  │
│ 1.57  │ 629.04  │ 400.00   │ _1179_               │ _5057_/A2   │ met3  │
│ 1.56  │ 622.29  │ 400.00   │ _3297_               │ _7204_/D    │ met3  │
│ 1.47  │ 589.97  │ 400.00   │ u_pipeline.a_s2[30\] │ _5260_/A1   │ met1  │
│ 1.47  │ 587.75  │ 400.00   │ u_pipeline.a_s2[55\] │ _5216_/A0   │ met1  │
│ 1.37  │ 546.81  │ 400.00   │ _0418_               │ _8350_/D    │ met1  │
│ 1.36  │ 542.77  │ 400.00   │ net573               │ _6274_/A1   │ met3  │
│ 1.36  │ 542.77  │ 400.00   │ net573               │ _6316_/B    │ met3  │
│ 1.36  │ 542.77  │ 400.00   │ net573               │ _6490_/A    │ met3  │
│ 1.35  │ 539.83  │ 400.00   │ _3237_               │ _7181_/A1   │ met3  │
│ 1.35  │ 539.83  │ 400.00   │ _3614_               │ _7539_/C1   │ met3  │
│ 1.34  │ 534.67  │ 400.00   │ _0500_               │ _4032_/A    │ met3  │
│ 1.33  │ 531.78  │ 400.00   │ u_pipeline.a_s2[20\] │ _6199_/A1   │ met1  │
│ 1.30  │ 3601.14 │ 2778.20  │ _0496_               │ _4017_/A    │ met4  │
│ 1.26  │ 505.69  │ 400.00   │ _0500_               │ _4032_/A    │ met2  │
│ 1.24  │ 495.22  │ 400.00   │ _1997_               │ _5877_/A3   │ met3  │
│ 1.19  │ 474.81  │ 400.00   │ u_pipeline.a_s2[7\]  │ _5624_/A    │ met1  │
│ 1.02  │ 406.01  │ 400.00   │ _2330_               │ _6215_/A2   │ met3  │
└───────┴─────────┴──────────┴──────────────────────┴─────────────┴───────┘
