
===========================================================================
report_checks -unconstrained
===========================================================================
======================= max_ff_n40C_1v95 Corner ===================================

Startpoint: operand_b[1] (input port clocked by __VIRTUAL_CLK__)
Endpoint: zero_flag (output port clocked by __VIRTUAL_CLK__)
Path Group: __VIRTUAL_CLK__
Path Type: max

Fanout         Cap        Slew       Delay        Time   Description
---------------------------------------------------------------------------------------------
                      0.000000    0.000000    0.000000   clock __VIRTUAL_CLK__ (rise edge)
                                  0.000000    0.000000   clock network delay (ideal)
                                  8.000000    8.000000 ^ input external delay
     1    0.009184    0.035686    0.024577    8.024577 ^ operand_b[1] (in)
                                                         operand_b[1] (net)
                      0.035705    0.000000    8.024577 ^ input81/A (sky130_fd_sc_hd__clkdlybuf4s25_1)
     1    0.006276    0.055963    0.185886    8.210463 ^ input81/X (sky130_fd_sc_hd__clkdlybuf4s25_1)
                                                         net81 (net)
                      0.055965    0.000412    8.210875 ^ fanout406/A (sky130_fd_sc_hd__clkdlybuf4s25_1)
     7    0.102041    0.756669    0.697580    8.908455 ^ fanout406/X (sky130_fd_sc_hd__clkdlybuf4s25_1)
                                                         net406 (net)
                      0.756688    0.003332    8.911786 ^ fanout404/A (sky130_fd_sc_hd__clkdlybuf4s25_1)
     8    0.063919    0.475959    0.529147    9.440933 ^ fanout404/X (sky130_fd_sc_hd__clkdlybuf4s25_1)
                                                         net404 (net)
                      0.475968    0.001882    9.442816 ^ fanout402/A (sky130_fd_sc_hd__clkdlybuf4s25_1)
     3    0.028799    0.219545    0.343211    9.786027 ^ fanout402/X (sky130_fd_sc_hd__clkdlybuf4s25_1)
                                                         net402 (net)
                      0.219573    0.002625    9.788652 ^ load_slew403/A (sky130_fd_sc_hd__buf_4)
     8    0.061940    0.132552    0.179874    9.968526 ^ load_slew403/X (sky130_fd_sc_hd__buf_4)
                                                         net403 (net)
                      0.132866    0.005544    9.974070 ^ fanout400/A (sky130_fd_sc_hd__clkdlybuf4s25_1)
     5    0.049964    0.374623    0.437782   10.411852 ^ fanout400/X (sky130_fd_sc_hd__clkdlybuf4s25_1)
                                                         net400 (net)
                      0.374734    0.005643   10.417495 ^ load_slew401/A (sky130_fd_sc_hd__clkbuf_2)
     6    0.056621    0.236360    0.254011   10.671506 ^ load_slew401/X (sky130_fd_sc_hd__clkbuf_2)
                                                         net401 (net)
                      0.236680    0.007477   10.678983 ^ _3412_/B_N (sky130_fd_sc_hd__nor2b_2)
     4    0.022863    0.188009    0.226207   10.905190 ^ _3412_/Y (sky130_fd_sc_hd__nor2b_2)
                                                         _2625_ (net)
                      0.188050    0.002381   10.907570 ^ _3477_/C1 (sky130_fd_sc_hd__a221o_2)
     9    0.056179    0.216908    0.224865   11.132436 ^ _3477_/X (sky130_fd_sc_hd__a221o_2)
                                                         _2689_ (net)
                      0.217008    0.004063   11.136498 ^ _3684_/A2 (sky130_fd_sc_hd__a21oi_2)
     3    0.017086    0.083539    0.079351   11.215849 v _3684_/Y (sky130_fd_sc_hd__a21oi_2)
                                                         _2892_ (net)
                      0.083572    0.001392   11.217240 v _4080_/A2 (sky130_fd_sc_hd__o311a_2)
     4    0.055534    0.120038    0.356200   11.573441 v _4080_/X (sky130_fd_sc_hd__o311a_2)
                                                         _0062_ (net)
                      0.120795    0.007460   11.580900 v _4441_/A2 (sky130_fd_sc_hd__o31ai_4)
     1    0.012147    0.176703    0.223111   11.804011 ^ _4441_/Y (sky130_fd_sc_hd__o31ai_4)
                                                         _0415_ (net)
                      0.176705    0.001150   11.805161 ^ wire248/A (sky130_fd_sc_hd__buf_2)
     5    0.052537    0.193799    0.214535   12.019696 ^ wire248/X (sky130_fd_sc_hd__buf_2)
                                                         net248 (net)
                      0.194565    0.010460   12.030157 ^ _4442_/A (sky130_fd_sc_hd__clkbuf_1)
     5    0.029026    0.254430    0.223523   12.253679 ^ _4442_/X (sky130_fd_sc_hd__clkbuf_1)
                                                         _0416_ (net)
                      0.254442    0.001541   12.255220 ^ max_cap234/A (sky130_fd_sc_hd__buf_2)
     6    0.040439    0.150648    0.195435   12.450655 ^ max_cap234/X (sky130_fd_sc_hd__buf_2)
                                                         net234 (net)
                      0.150870    0.004985   12.455641 ^ _4443_/B (sky130_fd_sc_hd__nand2_2)
     9    0.047538    0.131181    0.137002   12.592643 v _4443_/Y (sky130_fd_sc_hd__nand2_2)
                                                         _0417_ (net)
                      0.131182    0.000252   12.592896 v _4585_/A1 (sky130_fd_sc_hd__a2111o_2)
     4    0.029131    0.092606    0.357620   12.950515 v _4585_/X (sky130_fd_sc_hd__a2111o_2)
                                                         _0556_ (net)
                      0.092938    0.005005   12.955520 v _4667_/B1_N (sky130_fd_sc_hd__o21bai_2)
     4    0.019778    0.069598    0.164245   13.119764 v _4667_/Y (sky130_fd_sc_hd__o21bai_2)
                                                         _0636_ (net)
                      0.069635    0.001353   13.121117 v _4742_/A (sky130_fd_sc_hd__nor3_2)
     3    0.021444    0.277794    0.279679   13.400796 ^ _4742_/Y (sky130_fd_sc_hd__nor3_2)
                                                         _0709_ (net)
                      0.277804    0.001443   13.402240 ^ _4743_/D_N (sky130_fd_sc_hd__or4b_4)
     6    0.044777    0.103931    0.364217   13.766457 v _4743_/X (sky130_fd_sc_hd__or4b_4)
                                                         _0710_ (net)
                      0.104199    0.004832   13.771289 v _5076_/A (sky130_fd_sc_hd__or3_2)
     1    0.004600    0.055090    0.307717   14.079005 v _5076_/X (sky130_fd_sc_hd__or3_2)
                                                         _1041_ (net)
                      0.055091    0.000303   14.079308 v _5106_/A3 (sky130_fd_sc_hd__a31o_2)
     2    0.034646    0.080309    0.228046   14.307354 v _5106_/X (sky130_fd_sc_hd__a31o_2)
                                                         net169 (net)
                      0.080543    0.003935   14.311289 v _5996_/D (sky130_fd_sc_hd__or4_4)
     1    0.011746    0.067356    0.283976   14.595264 v _5996_/X (sky130_fd_sc_hd__or4_4)
                                                         _2027_ (net)
                      0.067356    0.001338   14.596602 v _5998_/C (sky130_fd_sc_hd__or4_4)
     1    0.009256    0.064281    0.317505   14.914107 v _5998_/X (sky130_fd_sc_hd__or4_4)
                                                         _2029_ (net)
                      0.064282    0.000902   14.915010 v _6001_/B (sky130_fd_sc_hd__or4bb_2)
     2    0.024116    0.108402    0.433598   15.348608 v _6001_/X (sky130_fd_sc_hd__or4bb_2)
                                                         _2032_ (net)
                      0.108488    0.002846   15.351454 v _6002_/C (sky130_fd_sc_hd__or3_2)
     1    0.019483    0.084654    0.314435   15.665889 v _6002_/X (sky130_fd_sc_hd__or3_2)
                                                         _2033_ (net)
                      0.084753    0.002581   15.668469 v _6003_/D (sky130_fd_sc_hd__or4_4)
     1    0.009043    0.064057    0.279782   15.948251 v _6003_/X (sky130_fd_sc_hd__or4_4)
                                                         _2034_ (net)
                      0.064058    0.000718   15.948969 v _6004_/D (sky130_fd_sc_hd__or4_4)
     1    0.009507    0.064613    0.273596   16.222565 v _6004_/X (sky130_fd_sc_hd__or4_4)
                                                         _2035_ (net)
                      0.064614    0.000778   16.223343 v _6005_/D (sky130_fd_sc_hd__nor4_4)
     1    0.006823    0.156984    0.116136   16.339479 ^ _6005_/Y (sky130_fd_sc_hd__nor4_4)
                                                         net201 (net)
                      0.156984    0.000513   16.339993 ^ output201/A (sky130_fd_sc_hd__clkdlybuf4s25_1)
     1    0.037518    0.283490    0.374584   16.714577 ^ output201/X (sky130_fd_sc_hd__clkdlybuf4s25_1)
                                                         zero_flag (net)
                      0.283506    0.002469   16.717047 ^ zero_flag (out)
                                             16.717047   data arrival time

                      0.000000   40.000000   40.000000   clock __VIRTUAL_CLK__ (rise edge)
                                  0.000000   40.000000   clock network delay (ideal)
                                 -0.250000   39.750000   clock uncertainty
                                  0.000000   39.750000   clock reconvergence pessimism
                                 -8.000000   31.750000   output external delay
                                             31.750000   data required time
---------------------------------------------------------------------------------------------
                                             31.750000   data required time
                                            -16.717047   data arrival time
---------------------------------------------------------------------------------------------
                                             15.032953   slack (MET)




===========================================================================
report_checks --slack_max -0.01
============================================================================
======================= max_ff_n40C_1v95 Corner ===================================

No paths found.


===========================================================================
 report_check_types -max_slew -max_cap -max_fanout -violators
============================================================================
======================= max_ff_n40C_1v95 Corner ===================================

max slew

Pin                                        Limit        Slew       Slack
------------------------------------------------------------------------
fanout373/A                             0.750000    0.757119   -0.007119 (VIOLATED)
fanout379/A                             0.750000    0.757067   -0.007067 (VIOLATED)
fanout393/A                             0.750000    0.756970   -0.006970 (VIOLATED)
fanout398/A                             0.750000    0.756827   -0.006827 (VIOLATED)
fanout387/A                             0.750000    0.756720   -0.006720 (VIOLATED)
fanout405/A                             0.750000    0.756715   -0.006715 (VIOLATED)
fanout404/A                             0.750000    0.756688   -0.006688 (VIOLATED)
fanout406/X                             0.750000    0.756669   -0.006669 (VIOLATED)

max fanout

Pin                                   Limit Fanout  Slack
---------------------------------------------------------
_3248_/Y                                 10     11        (VIOLATED)
_3301_/X                                 10     11        (VIOLATED)
_4611_/X                                 10     11        (VIOLATED)



===========================================================================
report_parasitic_annotation -report_unannotated
============================================================================
Found 2 unannotated drivers.
 clk
 rst_n
Found 0 partially unannotated drivers.

===========================================================================
max slew violation count 8
max fanout violation count 3
max cap violation count 0
============================================================================

===========================================================================
check_setup -verbose -unconstrained_endpoints -multiple_clock -no_clock -no_input_delay -loops -generated_clocks
===========================================================================
