
===========================================================================
report_checks -unconstrained
===========================================================================
======================= min_ff_n40C_1v95 Corner ===================================

Startpoint: operand_b[1] (input port clocked by __VIRTUAL_CLK__)
Endpoint: zero_flag (output port clocked by __VIRTUAL_CLK__)
Path Group: __VIRTUAL_CLK__
Path Type: max

Fanout         Cap        Slew       Delay        Time   Description
---------------------------------------------------------------------------------------------
                      0.000000    0.000000    0.000000   clock __VIRTUAL_CLK__ (rise edge)
                                  0.000000    0.000000   clock network delay (ideal)
                                  8.000000    8.000000 ^ input external delay
     1    0.007902    0.031441    0.021071    8.021071 ^ operand_b[1] (in)
                                                         operand_b[1] (net)
                      0.031444    0.000000    8.021071 ^ input81/A (sky130_fd_sc_hd__clkdlybuf4s25_1)
     1    0.005476    0.050293    0.180398    8.201469 ^ input81/X (sky130_fd_sc_hd__clkdlybuf4s25_1)
                                                         net81 (net)
                      0.050293    0.000111    8.201580 ^ fanout406/A (sky130_fd_sc_hd__clkdlybuf4s25_1)
     7    0.084701    0.628346    0.609375    8.810955 ^ fanout406/X (sky130_fd_sc_hd__clkdlybuf4s25_1)
                                                         net406 (net)
                      0.628346    0.000409    8.811364 ^ fanout404/A (sky130_fd_sc_hd__clkdlybuf4s25_1)
     8    0.055387    0.412962    0.488834    9.300199 ^ fanout404/X (sky130_fd_sc_hd__clkdlybuf4s25_1)
                                                         net404 (net)
                      0.412962    0.000230    9.300428 ^ fanout402/A (sky130_fd_sc_hd__clkdlybuf4s25_1)
     3    0.025084    0.192189    0.323189    9.623617 ^ fanout402/X (sky130_fd_sc_hd__clkdlybuf4s25_1)
                                                         net402 (net)
                      0.192189    0.000702    9.624318 ^ load_slew403/A (sky130_fd_sc_hd__buf_4)
     8    0.055408    0.119016    0.170963    9.795281 ^ load_slew403/X (sky130_fd_sc_hd__buf_4)
                                                         net403 (net)
                      0.119020    0.000925    9.796206 ^ fanout400/A (sky130_fd_sc_hd__clkdlybuf4s25_1)
     5    0.042977    0.322988    0.400821   10.197026 ^ fanout400/X (sky130_fd_sc_hd__clkdlybuf4s25_1)
                                                         net400 (net)
                      0.323094    0.001860   10.198887 ^ load_slew401/A (sky130_fd_sc_hd__clkbuf_2)
     6    0.049100    0.205343    0.235151   10.434037 ^ load_slew401/X (sky130_fd_sc_hd__clkbuf_2)
                                                         net401 (net)
                      0.205354    0.001338   10.435374 ^ _3412_/B_N (sky130_fd_sc_hd__nor2b_2)
     4    0.020475    0.170656    0.210899   10.646274 ^ _3412_/Y (sky130_fd_sc_hd__nor2b_2)
                                                         _2625_ (net)
                      0.170657    0.000380   10.646653 ^ _3555_/C1 (sky130_fd_sc_hd__a221oi_2)
     5    0.019176    0.075198    0.057873   10.704527 v _3555_/Y (sky130_fd_sc_hd__a221oi_2)
                                                         _2765_ (net)
                      0.075207    0.000666   10.705193 v _3683_/A3 (sky130_fd_sc_hd__o31a_2)
     3    0.014575    0.058426    0.222560   10.927752 v _3683_/X (sky130_fd_sc_hd__o31a_2)
                                                         _2891_ (net)
                      0.058426    0.000461   10.928213 v _4087_/A2 (sky130_fd_sc_hd__o41a_2)
     4    0.042543    0.116836    0.393587   11.321800 v _4087_/X (sky130_fd_sc_hd__o41a_2)
                                                         _0069_ (net)
                      0.116844    0.001015   11.322816 v _4441_/A3 (sky130_fd_sc_hd__o31ai_4)
     1    0.010107    0.163419    0.180477   11.503293 ^ _4441_/Y (sky130_fd_sc_hd__o31ai_4)
                                                         _0415_ (net)
                      0.163419    0.000393   11.503686 ^ wire248/A (sky130_fd_sc_hd__buf_2)
     5    0.044303    0.163248    0.196786   11.700472 ^ wire248/X (sky130_fd_sc_hd__buf_2)
                                                         net248 (net)
                      0.163319    0.002972   11.703444 ^ _4442_/A (sky130_fd_sc_hd__clkbuf_1)
     5    0.026185    0.230128    0.207709   11.911153 ^ _4442_/X (sky130_fd_sc_hd__clkbuf_1)
                                                         _0416_ (net)
                      0.230128    0.000317   11.911470 ^ max_cap234/A (sky130_fd_sc_hd__buf_2)
     6    0.036013    0.134759    0.183872   12.095342 ^ max_cap234/X (sky130_fd_sc_hd__buf_2)
                                                         net234 (net)
                      0.134763    0.000992   12.096334 ^ _4443_/B (sky130_fd_sc_hd__nand2_2)
     9    0.043923    0.119013    0.129329   12.225663 v _4443_/Y (sky130_fd_sc_hd__nand2_2)
                                                         _0417_ (net)
                      0.119013    0.000040   12.225703 v _4585_/A1 (sky130_fd_sc_hd__a2111o_2)
     4    0.025664    0.085392    0.348448   12.574151 v _4585_/X (sky130_fd_sc_hd__a2111o_2)
                                                         _0556_ (net)
                      0.085406    0.001162   12.575313 v _4667_/B1_N (sky130_fd_sc_hd__o21bai_2)
     4    0.018489    0.066028    0.159211   12.734524 v _4667_/Y (sky130_fd_sc_hd__o21bai_2)
                                                         _0636_ (net)
                      0.066052    0.000273   12.734797 v _4742_/A (sky130_fd_sc_hd__nor3_2)
     3    0.018861    0.249709    0.258279   12.993075 ^ _4742_/Y (sky130_fd_sc_hd__nor3_2)
                                                         _0709_ (net)
                      0.249709    0.000273   12.993348 ^ _4743_/D_N (sky130_fd_sc_hd__or4b_4)
     6    0.039547    0.097093    0.357556   13.350904 v _4743_/X (sky130_fd_sc_hd__or4b_4)
                                                         _0710_ (net)
                      0.097108    0.001299   13.352203 v _5076_/A (sky130_fd_sc_hd__or3_2)
     1    0.004083    0.053408    0.303217   13.655420 v _5076_/X (sky130_fd_sc_hd__or3_2)
                                                         _1041_ (net)
                      0.053408    0.000060   13.655480 v _5106_/A3 (sky130_fd_sc_hd__a31o_2)
     2    0.028731    0.069500    0.219449   13.874930 v _5106_/X (sky130_fd_sc_hd__a31o_2)
                                                         net169 (net)
                      0.069513    0.000964   13.875894 v _5996_/D (sky130_fd_sc_hd__or4_4)
     1    0.009896    0.065040    0.276420   14.152313 v _5996_/X (sky130_fd_sc_hd__or4_4)
                                                         _2027_ (net)
                      0.065040    0.000330   14.152643 v _5998_/C (sky130_fd_sc_hd__or4_4)
     1    0.007708    0.062364    0.313452   14.466095 v _5998_/X (sky130_fd_sc_hd__or4_4)
                                                         _2029_ (net)
                      0.062364    0.000250   14.466345 v _6001_/B (sky130_fd_sc_hd__or4bb_2)
     2    0.019692    0.099703    0.422326   14.888671 v _6001_/X (sky130_fd_sc_hd__or4bb_2)
                                                         _2032_ (net)
                      0.099709    0.000860   14.889531 v _6002_/C (sky130_fd_sc_hd__or3_2)
     1    0.015497    0.078295    0.302911   15.192442 v _6002_/X (sky130_fd_sc_hd__or3_2)
                                                         _2033_ (net)
                      0.078295    0.000835   15.193276 v _6003_/D (sky130_fd_sc_hd__or4_4)
     1    0.007306    0.061891    0.273900   15.467176 v _6003_/X (sky130_fd_sc_hd__or4_4)
                                                         _2034_ (net)
                      0.061891    0.000208   15.467384 v _6004_/D (sky130_fd_sc_hd__or4_4)
     1    0.009109    0.064064    0.272133   15.739517 v _6004_/X (sky130_fd_sc_hd__or4_4)
                                                         _2035_ (net)
                      0.064064    0.000124   15.739641 v _6005_/D (sky130_fd_sc_hd__nor4_4)
     1    0.005854    0.149321    0.109635   15.849277 ^ _6005_/Y (sky130_fd_sc_hd__nor4_4)
                                                         net201 (net)
                      0.149321    0.000131   15.849407 ^ output201/A (sky130_fd_sc_hd__clkdlybuf4s25_1)
     1    0.036618    0.276604    0.370253   16.219660 ^ output201/X (sky130_fd_sc_hd__clkdlybuf4s25_1)
                                                         zero_flag (net)
                      0.276604    0.000830   16.220490 ^ zero_flag (out)
                                             16.220490   data arrival time

                      0.000000   40.000000   40.000000   clock __VIRTUAL_CLK__ (rise edge)
                                  0.000000   40.000000   clock network delay (ideal)
                                 -0.250000   39.750000   clock uncertainty
                                  0.000000   39.750000   clock reconvergence pessimism
                                 -8.000000   31.750000   output external delay
                                             31.750000   data required time
---------------------------------------------------------------------------------------------
                                             31.750000   data required time
                                            -16.220490   data arrival time
---------------------------------------------------------------------------------------------
                                             15.529509   slack (MET)




===========================================================================
report_checks --slack_max -0.01
============================================================================
======================= min_ff_n40C_1v95 Corner ===================================

No paths found.


===========================================================================
 report_check_types -max_slew -max_cap -max_fanout -violators
============================================================================
======================= min_ff_n40C_1v95 Corner ===================================

max fanout

Pin                                   Limit Fanout  Slack
---------------------------------------------------------
_3248_/Y                                 10     11        (VIOLATED)
_3301_/X                                 10     11        (VIOLATED)
_4611_/X                                 10     11        (VIOLATED)



===========================================================================
report_parasitic_annotation -report_unannotated
============================================================================
Found 2 unannotated drivers.
 clk
 rst_n
Found 0 partially unannotated drivers.

===========================================================================
max slew violation count 0
max fanout violation count 3
max cap violation count 0
============================================================================

===========================================================================
check_setup -verbose -unconstrained_endpoints -multiple_clock -no_clock -no_input_delay -loops -generated_clocks
===========================================================================
