
===========================================================================
 report_power
============================================================================
======================= nom_tt_025C_1v80 Corner ===================================

Group                    Internal    Switching      Leakage        Total
                            Power        Power        Power        Power (Watts)
------------------------------------------------------------------------
Sequential           0.000000e+00 0.000000e+00 0.000000e+00 0.000000e+00   0.0%
Combinational        2.839382e-04 2.793767e-04 1.469009e-08 5.633295e-04 100.0%
Clock                0.000000e+00 0.000000e+00 5.378464e-10 5.378464e-10   0.0%
Macro                0.000000e+00 0.000000e+00 0.000000e+00 0.000000e+00   0.0%
Pad                  0.000000e+00 0.000000e+00 0.000000e+00 0.000000e+00   0.0%
------------------------------------------------------------------------
Total                2.839382e-04 2.793767e-04 1.522794e-08 5.633301e-04 100.0%
                            50.4%        49.6%         0.0%
Writing metric power__internal__total: 0.00028393816319294274
Writing metric power__switching__total: 0.00027937666163779795
Writing metric power__leakage__total: 1.5227941574380566e-8
Writing metric power__total: 0.0005633300752379

